50.203.239.22 - - [13/Jun/2018:06:26:44 -0400] "\x05\x01\x00" 400 182 "-" "-"
178.154.200.53 - - [13/Jun/2018:06:27:43 -0400] "GET /ustoichivoe-postroenie-ssylok-uvelichenie-vashikh-shansov-na-poluchenie-ssylok-whiteboard-nbspfriday HTTP/1.1" 200 11628 "-" "Mozilla/5.0 (compatible; YandexBot/3.0; +http://yandex.com/bots)"
27.74.182.226 - - [13/Jun/2018:06:28:13 -0400] "GET / HTTP/1.0" 200 2519 "-" "-"
92.87.20.71 - - [13/Jun/2018:06:29:05 -0400] "GET / HTTP/1.0" 200 2519 "-" "-"
192.168.31.1 - - [13/Jun/2018:06:29:51 -0400] "GET /working?key=asjdhasod9asd9as8d9asdhaidnoklvm HTTP/1.1" 200 389628 "-" "python-requests/2.18.4"
94.100.221.22 - - [13/Jun/2018:06:34:00 -0400] "GET / HTTP/1.0" 200 2519 "-" "-"
50.203.239.31 - - [13/Jun/2018:06:34:14 -0400] "\x05\x01\x00" 400 182 "-" "-"
192.168.31.1 - - [13/Jun/2018:06:34:52 -0400] "GET /working?key=asjdhasod9asd9as8d9asdhaidnoklvm HTTP/1.1" 200 405674 "-" "python-requests/2.18.4"
85.26.146.169 - - [13/Jun/2018:06:35:07 -0400] "\x05\x01\x00" 400 182 "-" "-"
186.49.164.43 - - [13/Jun/2018:06:38:12 -0400] "GET / HTTP/1.0" 200 2519 "-" "-"
203.99.180.182 - - [13/Jun/2018:06:39:04 -0400] "GET / HTTP/1.0" 200 2519 "-" "-"
50.203.239.26 - - [13/Jun/2018:06:39:19 -0400] "\x05\x01\x00" 400 182 "-" "-"
23.28.195.123 - - [13/Jun/2018:06:39:40 -0400] "\xC1\x00\x00\x00G\xAD" 400 182 "-" "-"
23.28.195.123 - - [13/Jun/2018:06:39:40 -0400] "POST / HTTP/1.1" 500 141 "-" "Mozilla/5.0 (Windows NT 6.1; WOW64; Trident/7.0; MDDCJS; rv:11.0) like Gecko"
192.168.31.1 - - [13/Jun/2018:06:39:53 -0400] "GET /working?key=asjdhasod9asd9as8d9asdhaidnoklvm HTTP/1.1" 200 420913 "-" "python-requests/2.18.4"
23.28.195.123 - - [13/Jun/2018:06:41:40 -0400] "POST / HTTP/1.1" 500 141 "-" "Mozilla/5.0 (Windows NT 6.1; WOW64; Trident/7.0; MDDCJS; rv:11.0) like Gecko"
23.28.195.123 - - [13/Jun/2018:06:43:40 -0400] "POST / HTTP/1.1" 500 141 "-" "Mozilla/5.0 (Windows NT 6.1; WOW64; Trident/7.0; MDDCJS; rv:11.0) like Gecko"
107.170.226.16 - - [13/Jun/2018:06:44:20 -0400] "GET / HTTP/1.1" 200 990 "-" "Mozilla/5.0 zgrab/0.x"
192.168.31.1 - - [13/Jun/2018:06:44:54 -0400] "GET /working?key=asjdhasod9asd9as8d9asdhaidnoklvm HTTP/1.1" 200 443948 "-" "python-requests/2.18.4"
23.28.195.123 - - [13/Jun/2018:06:45:41 -0400] "POST / HTTP/1.1" 500 141 "-" "Mozilla/5.0 (Windows NT 6.1; WOW64; Trident/7.0; MDDCJS; rv:11.0) like Gecko"
13.57.220.0 - - [13/Jun/2018:06:46:04 -0400] "GET / HTTP/1.1" 301 194 "-" "Mozilla/5.0 (Macintosh; Intel Mac OS X 10_12_6) AppleWebKit/537.36 (KHTML, like Gecko) Chrome/61.0.3163.100 Safari/537.36"
13.57.220.0 - - [13/Jun/2018:06:46:05 -0400] "GET / HTTP/1.1" 200 4080 "http://www.topomer.site/" "Mozilla/5.0 (Macintosh; Intel Mac OS X 10_12_6) AppleWebKit/537.36 (KHTML, like Gecko) Chrome/61.0.3163.100 Safari/537.36"
201.242.159.37 - - [13/Jun/2018:06:47:36 -0400] "GET / HTTP/1.0" 200 2519 "-" "-"
23.28.195.123 - - [13/Jun/2018:06:47:41 -0400] "POST / HTTP/1.1" 500 141 "-" "Mozilla/5.0 (Windows NT 6.1; WOW64; Trident/7.0; MDDCJS; rv:11.0) like Gecko"
23.28.195.123 - - [13/Jun/2018:06:49:41 -0400] "POST / HTTP/1.1" 500 141 "-" "Mozilla/5.0 (Windows NT 6.1; WOW64; Trident/7.0; MDDCJS; rv:11.0) like Gecko"
192.168.31.1 - - [13/Jun/2018:06:49:55 -0400] "GET /working?key=asjdhasod9asd9as8d9asdhaidnoklvm HTTP/1.1" 200 451955 "-" "python-requests/2.18.4"
23.28.195.123 - - [13/Jun/2018:06:51:42 -0400] "POST / HTTP/1.1" 500 141 "-" "Mozilla/5.0 (Windows NT 6.1; WOW64; Trident/7.0; MDDCJS; rv:11.0) like Gecko"
23.28.195.123 - - [13/Jun/2018:06:53:42 -0400] "POST / HTTP/1.1" 500 141 "-" "Mozilla/5.0 (Windows NT 6.1; WOW64; Trident/7.0; MDDCJS; rv:11.0) like Gecko"
192.168.31.1 - - [13/Jun/2018:06:54:56 -0400] "GET /working?key=asjdhasod9asd9as8d9asdhaidnoklvm HTTP/1.1" 200 468192 "-" "python-requests/2.18.4"
50.203.239.24 - - [13/Jun/2018:06:55:02 -0400] "\x05\x01\x00" 400 182 "-" "-"
50.203.239.18 - - [13/Jun/2018:06:55:39 -0400] "\x05\x01\x00" 400 182 "-" "-"
23.28.195.123 - - [13/Jun/2018:06:55:42 -0400] "POST / HTTP/1.1" 500 141 "-" "Mozilla/5.0 (Windows NT 6.1; WOW64; Trident/7.0; MDDCJS; rv:11.0) like Gecko"
23.28.195.123 - - [13/Jun/2018:06:57:43 -0400] "POST / HTTP/1.1" 500 141 "-" "Mozilla/5.0 (Windows NT 6.1; WOW64; Trident/7.0; MDDCJS; rv:11.0) like Gecko"
86.123.139.28 - - [13/Jun/2018:06:58:47 -0400] "GET / HTTP/1.0" 200 2519 "-" "-"
23.28.195.123 - - [13/Jun/2018:06:59:43 -0400] "POST / HTTP/1.1" 500 141 "-" "Mozilla/5.0 (Windows NT 6.1; WOW64; Trident/7.0; MDDCJS; rv:11.0) like Gecko"
192.168.31.1 - - [13/Jun/2018:06:59:57 -0400] "GET /working?key=asjdhasod9asd9as8d9asdhaidnoklvm HTTP/1.1" 200 487584 "-" "python-requests/2.18.4"
23.28.195.123 - - [13/Jun/2018:07:01:43 -0400] "POST / HTTP/1.1" 500 141 "-" "Mozilla/5.0 (Windows NT 6.1; WOW64; Trident/7.0; MDDCJS; rv:11.0) like Gecko"
123.16.144.169 - - [13/Jun/2018:07:02:49 -0400] "GET / HTTP/1.0" 200 2519 "-" "-"
23.28.195.123 - - [13/Jun/2018:07:03:44 -0400] "POST / HTTP/1.1" 500 141 "-" "Mozilla/5.0 (Windows NT 6.1; WOW64; Trident/7.0; MDDCJS; rv:11.0) like Gecko"
192.168.31.1 - - [13/Jun/2018:07:04:57 -0400] "GET /working?key=asjdhasod9asd9as8d9asdhaidnoklvm HTTP/1.1" 200 501349 "-" "python-requests/2.18.4"
23.28.195.123 - - [13/Jun/2018:07:05:44 -0400] "POST / HTTP/1.1" 500 141 "-" "Mozilla/5.0 (Windows NT 6.1; WOW64; Trident/7.0; MDDCJS; rv:11.0) like Gecko"
23.28.195.123 - - [13/Jun/2018:07:07:44 -0400] "POST / HTTP/1.1" 500 141 "-" "Mozilla/5.0 (Windows NT 6.1; WOW64; Trident/7.0; MDDCJS; rv:11.0) like Gecko"
23.28.195.123 - - [13/Jun/2018:07:09:45 -0400] "POST / HTTP/1.1" 500 141 "-" "Mozilla/5.0 (Windows NT 6.1; WOW64; Trident/7.0; MDDCJS; rv:11.0) like Gecko"
192.168.31.1 - - [13/Jun/2018:07:09:58 -0400] "GET /working?key=asjdhasod9asd9as8d9asdhaidnoklvm HTTP/1.1" 200 516542 "-" "python-requests/2.18.4"
23.28.195.123 - - [13/Jun/2018:07:11:45 -0400] "POST / HTTP/1.1" 500 141 "-" "Mozilla/5.0 (Windows NT 6.1; WOW64; Trident/7.0; MDDCJS; rv:11.0) like Gecko"
23.28.195.123 - - [13/Jun/2018:07:13:45 -0400] "POST / HTTP/1.1" 500 141 "-" "Mozilla/5.0 (Windows NT 6.1; WOW64; Trident/7.0; MDDCJS; rv:11.0) like Gecko"
192.168.31.1 - - [13/Jun/2018:07:14:59 -0400] "GET /working?key=asjdhasod9asd9as8d9asdhaidnoklvm HTTP/1.1" 200 530577 "-" "python-requests/2.18.4"
23.28.195.123 - - [13/Jun/2018:07:15:46 -0400] "POST / HTTP/1.1" 500 141 "-" "Mozilla/5.0 (Windows NT 6.1; WOW64; Trident/7.0; MDDCJS; rv:11.0) like Gecko"
23.28.195.123 - - [13/Jun/2018:07:17:46 -0400] "POST / HTTP/1.1" 500 141 "-" "Mozilla/5.0 (Windows NT 6.1; WOW64; Trident/7.0; MDDCJS; rv:11.0) like Gecko"
93.149.95.11 - - [13/Jun/2018:07:17:55 -0400] "GET / HTTP/1.0" 200 2519 "-" "-"
50.203.239.28 - - [13/Jun/2018:07:19:18 -0400] "\x05\x01\x00" 400 182 "-" "-"
23.28.195.123 - - [13/Jun/2018:07:19:46 -0400] "POST / HTTP/1.1" 500 141 "-" "Mozilla/5.0 (Windows NT 6.1; WOW64; Trident/7.0; MDDCJS; rv:11.0) like Gecko"
192.168.31.1 - - [13/Jun/2018:07:20:00 -0400] "GET /working?key=asjdhasod9asd9as8d9asdhaidnoklvm HTTP/1.1" 200 552596 "-" "python-requests/2.18.4"
188.0.130.171 - - [13/Jun/2018:07:20:04 -0400] "GET / HTTP/1.0" 499 0 "-" "-"
23.28.195.123 - - [13/Jun/2018:07:21:46 -0400] "POST / HTTP/1.1" 500 141 "-" "Mozilla/5.0 (Windows NT 6.1; WOW64; Trident/7.0; MDDCJS; rv:11.0) like Gecko"
178.154.200.75 - - [13/Jun/2018:07:22:03 -0400] "GET /media/images/link-count-difference-52403.jpg HTTP/1.1" 200 20163 "-" "Mozilla/5.0 (compatible; YandexImages/3.0; +http://yandex.com/bots)"
23.28.195.123 - - [13/Jun/2018:07:23:47 -0400] "POST / HTTP/1.1" 500 141 "-" "Mozilla/5.0 (Windows NT 6.1; WOW64; Trident/7.0; MDDCJS; rv:11.0) like Gecko"
192.168.31.1 - - [13/Jun/2018:07:25:01 -0400] "GET /working?key=asjdhasod9asd9as8d9asdhaidnoklvm HTTP/1.1" 200 573998 "-" "python-requests/2.18.4"
186.0.119.20 - - [13/Jun/2018:07:25:43 -0400] "GET / HTTP/1.0" 200 2519 "-" "-"
23.28.195.123 - - [13/Jun/2018:07:25:47 -0400] "POST / HTTP/1.1" 500 141 "-" "Mozilla/5.0 (Windows NT 6.1; WOW64; Trident/7.0; MDDCJS; rv:11.0) like Gecko"
23.28.195.123 - - [13/Jun/2018:07:27:47 -0400] "POST / HTTP/1.1" 500 141 "-" "Mozilla/5.0 (Windows NT 6.1; WOW64; Trident/7.0; MDDCJS; rv:11.0) like Gecko"
23.28.195.123 - - [13/Jun/2018:07:29:48 -0400] "POST / HTTP/1.1" 500 141 "-" "Mozilla/5.0 (Windows NT 6.1; WOW64; Trident/7.0; MDDCJS; rv:11.0) like Gecko"
192.168.31.1 - - [13/Jun/2018:07:30:03 -0400] "GET /working?key=asjdhasod9asd9as8d9asdhaidnoklvm HTTP/1.1" 200 591935 "-" "python-requests/2.18.4"
23.28.195.123 - - [13/Jun/2018:07:31:48 -0400] "POST / HTTP/1.1" 500 141 "-" "Mozilla/5.0 (Windows NT 6.1; WOW64; Trident/7.0; MDDCJS; rv:11.0) like Gecko"
23.28.195.123 - - [13/Jun/2018:07:33:48 -0400] "POST / HTTP/1.1" 500 141 "-" "Mozilla/5.0 (Windows NT 6.1; WOW64; Trident/7.0; MDDCJS; rv:11.0) like Gecko"
192.168.31.1 - - [13/Jun/2018:07:35:04 -0400] "GET /working?key=asjdhasod9asd9as8d9asdhaidnoklvm HTTP/1.1" 200 642285 "-" "python-requests/2.18.4"
23.28.195.123 - - [13/Jun/2018:07:35:49 -0400] "POST / HTTP/1.1" 500 141 "-" "Mozilla/5.0 (Windows NT 6.1; WOW64; Trident/7.0; MDDCJS; rv:11.0) like Gecko"
173.252.98.206 - - [13/Jun/2018:07:36:32 -0400] "GET /static/images/bg-img/main-bg-img1.png HTTP/1.1" 200 273933 "-" "facebookexternalhit/1.1 (+http://www.facebook.com/externalhit_uatext.php)"
38.100.21.61 - - [13/Jun/2018:07:36:33 -0400] "GET / HTTP/1.1" 301 194 "-" "Mozilla/4.0 (compatible; MSIE 7.0; Windows NT 5.2)"
50.203.239.27 - - [13/Jun/2018:07:37:48 -0400] "\x05\x01\x00" 400 182 "-" "-"
23.28.195.123 - - [13/Jun/2018:07:37:49 -0400] "POST / HTTP/1.1" 500 141 "-" "Mozilla/5.0 (Windows NT 6.1; WOW64; Trident/7.0; MDDCJS; rv:11.0) like Gecko"
185.13.196.120 - - [13/Jun/2018:07:38:18 -0400] "GET / HTTP/1.0" 200 2519 "-" "-"
23.28.195.123 - - [13/Jun/2018:07:39:49 -0400] "POST / HTTP/1.1" 500 141 "-" "Mozilla/5.0 (Windows NT 6.1; WOW64; Trident/7.0; MDDCJS; rv:11.0) like Gecko"
31.173.4.68 - - [13/Jun/2018:07:39:56 -0400] "GET / HTTP/1.0" 200 2519 "-" "-"
192.168.31.1 - - [13/Jun/2018:07:40:05 -0400] "GET /working?key=asjdhasod9asd9as8d9asdhaidnoklvm HTTP/1.1" 200 791279 "-" "python-requests/2.18.4"
179.108.254.78 - - [13/Jun/2018:07:41:23 -0400] "GET / HTTP/1.1" 200 2519 "-" "Mozilla/5.0 (Windows NT 10.0; WOW64) AppleWebKit/537.36 (KHTML, like Gecko) Chrome/52.0.2743.116 Safari/537.36"
23.28.195.123 - - [13/Jun/2018:07:41:50 -0400] "POST / HTTP/1.1" 500 141 "-" "Mozilla/5.0 (Windows NT 6.1; WOW64; Trident/7.0; MDDCJS; rv:11.0) like Gecko"
23.28.195.123 - - [13/Jun/2018:07:43:50 -0400] "POST / HTTP/1.1" 500 141 "-" "Mozilla/5.0 (Windows NT 6.1; WOW64; Trident/7.0; MDDCJS; rv:11.0) like Gecko"
178.154.200.75 - - [13/Jun/2018:07:44:04 -0400] "GET /robots.txt HTTP/1.1" 200 23 "-" "Mozilla/5.0 (compatible; YandexBot/3.0; +http://yandex.com/bots)"
178.154.200.75 - - [13/Jun/2018:07:44:08 -0400] "GET /media/images/5acf9e2fe6ee71.49569665.jpg HTTP/1.1" 200 198748 "-" "Mozilla/5.0 (compatible; YandexImages/3.0; +http://yandex.com/bots)"
192.168.31.1 - - [13/Jun/2018:07:45:07 -0400] "GET /working?key=asjdhasod9asd9as8d9asdhaidnoklvm HTTP/1.1" 200 939738 "-" "python-requests/2.18.4"
23.28.195.123 - - [13/Jun/2018:07:45:50 -0400] "POST / HTTP/1.1" 500 141 "-" "Mozilla/5.0 (Windows NT 6.1; WOW64; Trident/7.0; MDDCJS; rv:11.0) like Gecko"
23.28.195.123 - - [13/Jun/2018:07:47:51 -0400] "POST / HTTP/1.1" 500 141 "-" "Mozilla/5.0 (Windows NT 6.1; WOW64; Trident/7.0; MDDCJS; rv:11.0) like Gecko"
23.28.195.123 - - [13/Jun/2018:07:49:51 -0400] "POST / HTTP/1.1" 500 141 "-" "Mozilla/5.0 (Windows NT 6.1; WOW64; Trident/7.0; MDDCJS; rv:11.0) like Gecko"
192.168.31.1 - - [13/Jun/2018:07:50:08 -0400] "GET /working?key=asjdhasod9asd9as8d9asdhaidnoklvm HTTP/1.1" 200 1078281 "-" "python-requests/2.18.4"
23.28.195.123 - - [13/Jun/2018:07:51:51 -0400] "POST / HTTP/1.1" 500 141 "-" "Mozilla/5.0 (Windows NT 6.1; WOW64; Trident/7.0; MDDCJS; rv:11.0) like Gecko"
50.203.239.23 - - [13/Jun/2018:07:53:05 -0400] "\x05\x01\x00" 400 182 "-" "-"
23.28.195.123 - - [13/Jun/2018:07:53:52 -0400] "POST / HTTP/1.1" 500 141 "-" "Mozilla/5.0 (Windows NT 6.1; WOW64; Trident/7.0; MDDCJS; rv:11.0) like Gecko"
192.168.31.1 - - [13/Jun/2018:07:55:10 -0400] "GET /working?key=asjdhasod9asd9as8d9asdhaidnoklvm HTTP/1.1" 200 1095653 "-" "python-requests/2.18.4"
23.28.195.123 - - [13/Jun/2018:07:55:52 -0400] "POST / HTTP/1.1" 500 141 "-" "Mozilla/5.0 (Windows NT 6.1; WOW64; Trident/7.0; MDDCJS; rv:11.0) like Gecko"
177.19.238.244 - - [13/Jun/2018:07:56:08 -0400] "GET / HTTP/1.0" 200 2519 "-" "-"
23.28.195.123 - - [13/Jun/2018:07:57:52 -0400] "POST / HTTP/1.1" 500 141 "-" "Mozilla/5.0 (Windows NT 6.1; WOW64; Trident/7.0; MDDCJS; rv:11.0) like Gecko"
197.32.182.71 - - [13/Jun/2018:07:59:20 -0400] "GET / HTTP/1.1" 200 2519 "-" "Mozilla/5.0 (Windows NT 6.1; WOW64) AppleWebKit/537.36 (KHTML, like Gecko) Chrome/52.0.2743.116 Safari/537.36"
23.28.195.123 - - [13/Jun/2018:07:59:52 -0400] "POST / HTTP/1.1" 500 141 "-" "Mozilla/5.0 (Windows NT 6.1; WOW64; Trident/7.0; MDDCJS; rv:11.0) like Gecko"
192.168.31.1 - - [13/Jun/2018:08:00:12 -0400] "GET /working?key=asjdhasod9asd9as8d9asdhaidnoklvm HTTP/1.1" 200 1113454 "-" "python-requests/2.18.4"
87.27.18.208 - - [13/Jun/2018:08:00:47 -0400] "GET / HTTP/1.0" 200 2519 "-" "-"
151.41.218.172 - - [13/Jun/2018:08:01:24 -0400] "GET / HTTP/1.0" 200 2519 "-" "-"
151.41.218.172 - - [13/Jun/2018:08:01:30 -0400] "GET / HTTP/1.0" 200 2519 "-" "-"
23.28.195.123 - - [13/Jun/2018:08:01:53 -0400] "POST / HTTP/1.1" 500 141 "-" "Mozilla/5.0 (Windows NT 6.1; WOW64; Trident/7.0; MDDCJS; rv:11.0) like Gecko"
23.28.195.123 - - [13/Jun/2018:08:03:53 -0400] "POST / HTTP/1.1" 500 141 "-" "Mozilla/5.0 (Windows NT 6.1; WOW64; Trident/7.0; MDDCJS; rv:11.0) like Gecko"
192.168.31.1 - - [13/Jun/2018:08:05:14 -0400] "GET /working?key=asjdhasod9asd9as8d9asdhaidnoklvm HTTP/1.1" 200 1122370 "-" "python-requests/2.18.4"
23.28.195.123 - - [13/Jun/2018:08:05:53 -0400] "POST / HTTP/1.1" 500 141 "-" "Mozilla/5.0 (Windows NT 6.1; WOW64; Trident/7.0; MDDCJS; rv:11.0) like Gecko"
128.140.163.122 - - [13/Jun/2018:08:07:18 -0400] "GET / HTTP/1.0" 200 2519 "-" "-"
23.28.195.123 - - [13/Jun/2018:08:07:54 -0400] "POST / HTTP/1.1" 500 141 "-" "Mozilla/5.0 (Windows NT 6.1; WOW64; Trident/7.0; MDDCJS; rv:11.0) like Gecko"
50.203.239.30 - - [13/Jun/2018:08:09:27 -0400] "\x05\x01\x00" 400 182 "-" "-"
23.28.195.123 - - [13/Jun/2018:08:09:54 -0400] "POST / HTTP/1.1" 500 141 "-" "Mozilla/5.0 (Windows NT 6.1; WOW64; Trident/7.0; MDDCJS; rv:11.0) like Gecko"
192.168.31.1 - - [13/Jun/2018:08:10:15 -0400] "GET /working?key=asjdhasod9asd9as8d9asdhaidnoklvm HTTP/1.1" 200 1142047 "-" "python-requests/2.18.4"
23.28.195.123 - - [13/Jun/2018:08:11:54 -0400] "POST / HTTP/1.1" 500 141 "-" "Mozilla/5.0 (Windows NT 6.1; WOW64; Trident/7.0; MDDCJS; rv:11.0) like Gecko"
23.28.195.123 - - [13/Jun/2018:08:13:55 -0400] "POST / HTTP/1.1" 500 141 "-" "Mozilla/5.0 (Windows NT 6.1; WOW64; Trident/7.0; MDDCJS; rv:11.0) like Gecko"
192.168.31.1 - - [13/Jun/2018:08:15:17 -0400] "GET /working?key=asjdhasod9asd9as8d9asdhaidnoklvm HTTP/1.1" 200 1164359 "-" "python-requests/2.18.4"
23.28.195.123 - - [13/Jun/2018:08:15:55 -0400] "POST / HTTP/1.1" 500 141 "-" "Mozilla/5.0 (Windows NT 6.1; WOW64; Trident/7.0; MDDCJS; rv:11.0) like Gecko"
50.203.239.24 - - [13/Jun/2018:08:16:16 -0400] "\x05\x01\x00" 400 182 "-" "-"
50.203.239.31 - - [13/Jun/2018:08:16:21 -0400] "\x05\x01\x00" 400 182 "-" "-"
68.185.57.66 - - [13/Jun/2018:08:16:43 -0400] "\x05\x01\x00" 400 182 "-" "-"
50.203.239.23 - - [13/Jun/2018:08:16:44 -0400] "\x05\x01\x00" 400 182 "-" "-"
50.203.239.18 - - [13/Jun/2018:08:17:11 -0400] "\x05\x01\x00" 400 182 "-" "-"
50.203.239.27 - - [13/Jun/2018:08:17:19 -0400] "\x05\x01\x00" 400 182 "-" "-"
50.203.239.25 - - [13/Jun/2018:08:17:22 -0400] "\x05\x01\x00" 400 182 "-" "-"
85.26.146.169 - - [13/Jun/2018:08:17:39 -0400] "\x05\x01\x00" 400 182 "-" "-"
50.203.239.28 - - [13/Jun/2018:08:17:41 -0400] "\x05\x01\x00" 400 182 "-" "-"
23.28.195.123 - - [13/Jun/2018:08:17:55 -0400] "POST / HTTP/1.1" 500 141 "-" "Mozilla/5.0 (Windows NT 6.1; WOW64; Trident/7.0; MDDCJS; rv:11.0) like Gecko"
50.234.147.30 - - [13/Jun/2018:08:18:03 -0400] "\x05\x01\x00" 400 182 "-" "-"
71.13.131.142 - - [13/Jun/2018:08:18:05 -0400] "\x05\x01\x00" 400 182 "-" "-"
50.203.239.22 - - [13/Jun/2018:08:18:37 -0400] "\x05\x01\x00" 400 182 "-" "-"
50.203.239.17 - - [13/Jun/2018:08:18:50 -0400] "\x05\x01\x00" 400 182 "-" "-"
50.203.239.19 - - [13/Jun/2018:08:18:56 -0400] "\x05\x01\x00" 400 182 "-" "-"
50.203.239.26 - - [13/Jun/2018:08:19:25 -0400] "\x05\x01\x00" 400 182 "-" "-"
77.73.241.154 - - [13/Jun/2018:08:19:36 -0400] "\x05\x01\x00" 400 182 "-" "-"
5.14.202.91 - - [13/Jun/2018:08:19:40 -0400] "GET / HTTP/1.0" 200 2519 "-" "-"
23.28.195.123 - - [13/Jun/2018:08:19:56 -0400] "POST / HTTP/1.1" 500 141 "-" "Mozilla/5.0 (Windows NT 6.1; WOW64; Trident/7.0; MDDCJS; rv:11.0) like Gecko"
50.203.239.16 - - [13/Jun/2018:08:20:12 -0400] "\x05\x01\x00" 400 182 "-" "-"
50.203.239.20 - - [13/Jun/2018:08:20:17 -0400] "\x05\x01\x00" 400 182 "-" "-"
192.168.31.1 - - [13/Jun/2018:08:20:18 -0400] "GET /working?key=asjdhasod9asd9as8d9asdhaidnoklvm HTTP/1.1" 200 51935 "-" "python-requests/2.18.4"
50.203.239.21 - - [13/Jun/2018:08:20:24 -0400] "\x05\x01\x00" 400 182 "-" "-"
68.188.59.198 - - [13/Jun/2018:08:20:26 -0400] "\x05\x01\x00" 400 182 "-" "-"
50.234.147.30 - - [13/Jun/2018:08:21:54 -0400] "\x05\x01\x00" 400 182 "-" "-"
23.28.195.123 - - [13/Jun/2018:08:21:56 -0400] "POST / HTTP/1.1" 500 141 "-" "Mozilla/5.0 (Windows NT 6.1; WOW64; Trident/7.0; MDDCJS; rv:11.0) like Gecko"
121.147.217.121 - - [13/Jun/2018:08:22:13 -0400] "GET / HTTP/1.0" 200 2519 "-" "-"
23.28.195.123 - - [13/Jun/2018:08:23:56 -0400] "POST / HTTP/1.1" 500 141 "-" "Mozilla/5.0 (Windows NT 6.1; WOW64; Trident/7.0; MDDCJS; rv:11.0) like Gecko"
192.168.31.1 - - [13/Jun/2018:08:25:18 -0400] "GET /working?key=asjdhasod9asd9as8d9asdhaidnoklvm HTTP/1.1" 200 72947 "-" "python-requests/2.18.4"
23.28.195.123 - - [13/Jun/2018:08:25:57 -0400] "POST / HTTP/1.1" 500 141 "-" "Mozilla/5.0 (Windows NT 6.1; WOW64; Trident/7.0; MDDCJS; rv:11.0) like Gecko"
68.188.59.198 - - [13/Jun/2018:08:26:21 -0400] "\x05\x01\x00" 400 182 "-" "-"
23.28.195.123 - - [13/Jun/2018:08:27:57 -0400] "POST / HTTP/1.1" 500 141 "-" "Mozilla/5.0 (Windows NT 6.1; WOW64; Trident/7.0; MDDCJS; rv:11.0) like Gecko"
23.28.195.123 - - [13/Jun/2018:08:29:57 -0400] "POST / HTTP/1.1" 500 141 "-" "Mozilla/5.0 (Windows NT 6.1; WOW64; Trident/7.0; MDDCJS; rv:11.0) like Gecko"
192.168.31.1 - - [13/Jun/2018:08:30:19 -0400] "GET /working?key=asjdhasod9asd9as8d9asdhaidnoklvm HTTP/1.1" 200 89484 "-" "python-requests/2.18.4"
23.28.195.123 - - [13/Jun/2018:08:31:58 -0400] "POST / HTTP/1.1" 500 141 "-" "Mozilla/5.0 (Windows NT 6.1; WOW64; Trident/7.0; MDDCJS; rv:11.0) like Gecko"
23.28.195.123 - - [13/Jun/2018:08:33:58 -0400] "POST / HTTP/1.1" 500 141 "-" "Mozilla/5.0 (Windows NT 6.1; WOW64; Trident/7.0; MDDCJS; rv:11.0) like Gecko"
81.183.37.214 - - [13/Jun/2018:08:35:05 -0400] "GET / HTTP/1.0" 200 2519 "-" "-"
192.168.31.1 - - [13/Jun/2018:08:35:19 -0400] "GET /working?key=asjdhasod9asd9as8d9asdhaidnoklvm HTTP/1.1" 200 101681 "-" "python-requests/2.18.4"
23.28.195.123 - - [13/Jun/2018:08:35:58 -0400] "POST / HTTP/1.1" 500 141 "-" "Mozilla/5.0 (Windows NT 6.1; WOW64; Trident/7.0; MDDCJS; rv:11.0) like Gecko"
23.28.195.123 - - [13/Jun/2018:08:37:58 -0400] "POST / HTTP/1.1" 500 141 "-" "Mozilla/5.0 (Windows NT 6.1; WOW64; Trident/7.0; MDDCJS; rv:11.0) like Gecko"
23.28.195.123 - - [13/Jun/2018:08:39:59 -0400] "POST / HTTP/1.1" 500 141 "-" "Mozilla/5.0 (Windows NT 6.1; WOW64; Trident/7.0; MDDCJS; rv:11.0) like Gecko"
50.203.239.19 - - [13/Jun/2018:08:40:05 -0400] "\x05\x01\x00" 400 182 "-" "-"
192.168.31.1 - - [13/Jun/2018:08:40:20 -0400] "GET /working?key=asjdhasod9asd9as8d9asdhaidnoklvm HTTP/1.1" 200 119977 "-" "python-requests/2.18.4"
23.28.195.123 - - [13/Jun/2018:08:41:59 -0400] "POST / HTTP/1.1" 500 141 "-" "Mozilla/5.0 (Windows NT 6.1; WOW64; Trident/7.0; MDDCJS; rv:11.0) like Gecko"
192.168.31.1 - - [13/Jun/2018:08:45:20 -0400] "GET /working?key=asjdhasod9asd9as8d9asdhaidnoklvm HTTP/1.1" 200 145792 "-" "python-requests/2.18.4"
172.16.174.200 - - [13/Jun/2018:08:45:49 -0400] "GET / HTTP/1.1" 200 9618 "-" "Mozilla/5.0 (Windows NT 10.0; Win64; x64) AppleWebKit/537.36 (KHTML, like Gecko) Chrome/67.0.3396.79 Safari/537.36"
172.16.174.200 - - [13/Jun/2018:08:45:49 -0400] "GET /static/css/themify-icons.css HTTP/1.1" 200 16587 "http://py4seo.com/" "Mozilla/5.0 (Windows NT 10.0; Win64; x64) AppleWebKit/537.36 (KHTML, like Gecko) Chrome/67.0.3396.79 Safari/537.36"
172.16.174.200 - - [13/Jun/2018:08:45:49 -0400] "GET /static/css/owl.carousel.min.css HTTP/1.1" 200 2986 "http://py4seo.com/" "Mozilla/5.0 (Windows NT 10.0; Win64; x64) AppleWebKit/537.36 (KHTML, like Gecko) Chrome/67.0.3396.79 Safari/537.36"
172.16.174.200 - - [13/Jun/2018:08:45:49 -0400] "GET /static/css/slick.css HTTP/1.1" 200 1750 "http://py4seo.com/" "Mozilla/5.0 (Windows NT 10.0; Win64; x64) AppleWebKit/537.36 (KHTML, like Gecko) Chrome/67.0.3396.79 Safari/537.36"
172.16.174.200 - - [13/Jun/2018:08:45:49 -0400] "GET /static/css/magnific-popup.css HTTP/1.1" 200 5599 "http://py4seo.com/" "Mozilla/5.0 (Windows NT 10.0; Win64; x64) AppleWebKit/537.36 (KHTML, like Gecko) Chrome/67.0.3396.79 Safari/537.36"
172.16.174.200 - - [13/Jun/2018:08:45:49 -0400] "GET /static/css/fontawesome-all.min.css HTTP/1.1" 200 35326 "http://py4seo.com/" "Mozilla/5.0 (Windows NT 10.0; Win64; x64) AppleWebKit/537.36 (KHTML, like Gecko) Chrome/67.0.3396.79 Safari/537.36"
172.16.174.200 - - [13/Jun/2018:08:45:49 -0400] "GET /static/css/particles.css HTTP/1.1" 200 297 "http://py4seo.com/" "Mozilla/5.0 (Windows NT 10.0; Win64; x64) AppleWebKit/537.36 (KHTML, like Gecko) Chrome/67.0.3396.79 Safari/537.36"
172.16.174.200 - - [13/Jun/2018:08:45:49 -0400] "GET /static/css/style.css HTTP/1.1" 200 25747 "http://py4seo.com/" "Mozilla/5.0 (Windows NT 10.0; Win64; x64) AppleWebKit/537.36 (KHTML, like Gecko) Chrome/67.0.3396.79 Safari/537.36"
172.16.174.200 - - [13/Jun/2018:08:45:49 -0400] "GET /static/css/bootstrap.css HTTP/1.1" 200 178152 "http://py4seo.com/" "Mozilla/5.0 (Windows NT 10.0; Win64; x64) AppleWebKit/537.36 (KHTML, like Gecko) Chrome/67.0.3396.79 Safari/537.36"
172.16.174.200 - - [13/Jun/2018:08:45:50 -0400] "GET /static/images/logo_white2.png HTTP/1.1" 200 24372 "http://py4seo.com/" "Mozilla/5.0 (Windows NT 10.0; Win64; x64) AppleWebKit/537.36 (KHTML, like Gecko) Chrome/67.0.3396.79 Safari/537.36"
172.16.174.200 - - [13/Jun/2018:08:45:50 -0400] "GET /static/images/logo2.png HTTP/1.1" 200 24367 "http://py4seo.com/" "Mozilla/5.0 (Windows NT 10.0; Win64; x64) AppleWebKit/537.36 (KHTML, like Gecko) Chrome/67.0.3396.79 Safari/537.36"
172.16.174.200 - - [13/Jun/2018:08:45:50 -0400] "GET /static/images/bg-img/icon1.png HTTP/1.1" 200 3025 "http://py4seo.com/" "Mozilla/5.0 (Windows NT 10.0; Win64; x64) AppleWebKit/537.36 (KHTML, like Gecko) Chrome/67.0.3396.79 Safari/537.36"
172.16.174.200 - - [13/Jun/2018:08:45:50 -0400] "GET /static/images/bg-img/icon2.png HTTP/1.1" 200 1739 "http://py4seo.com/" "Mozilla/5.0 (Windows NT 10.0; Win64; x64) AppleWebKit/537.36 (KHTML, like Gecko) Chrome/67.0.3396.79 Safari/537.36"
172.16.174.200 - - [13/Jun/2018:08:45:50 -0400] "GET /static/images/bg-img/icon6.png HTTP/1.1" 200 2589 "http://py4seo.com/" "Mozilla/5.0 (Windows NT 10.0; Win64; x64) AppleWebKit/537.36 (KHTML, like Gecko) Chrome/67.0.3396.79 Safari/537.36"
172.16.174.200 - - [13/Jun/2018:08:45:50 -0400] "GET /static/js/particles.js HTTP/1.1" 200 2139 "http://py4seo.com/" "Mozilla/5.0 (Windows NT 10.0; Win64; x64) AppleWebKit/537.36 (KHTML, like Gecko) Chrome/67.0.3396.79 Safari/537.36"
172.16.174.200 - - [13/Jun/2018:08:45:50 -0400] "GET /static/js/slick.min.js HTTP/1.1" 200 42863 "http://py4seo.com/" "Mozilla/5.0 (Windows NT 10.0; Win64; x64) AppleWebKit/537.36 (KHTML, like Gecko) Chrome/67.0.3396.79 Safari/537.36"
172.16.174.200 - - [13/Jun/2018:08:45:50 -0400] "GET /static/js/magnific-popup.js HTTP/1.1" 200 20221 "http://py4seo.com/" "Mozilla/5.0 (Windows NT 10.0; Win64; x64) AppleWebKit/537.36 (KHTML, like Gecko) Chrome/67.0.3396.79 Safari/537.36"
172.16.174.200 - - [13/Jun/2018:08:45:50 -0400] "GET /static/js/bootstrap.min.js HTTP/1.1" 200 48944 "http://py4seo.com/" "Mozilla/5.0 (Windows NT 10.0; Win64; x64) AppleWebKit/537.36 (KHTML, like Gecko) Chrome/67.0.3396.79 Safari/537.36"
172.16.174.200 - - [13/Jun/2018:08:45:50 -0400] "GET /static/js/custom.js HTTP/1.1" 200 3799 "http://py4seo.com/" "Mozilla/5.0 (Windows NT 10.0; Win64; x64) AppleWebKit/537.36 (KHTML, like Gecko) Chrome/67.0.3396.79 Safari/537.36"
172.16.174.200 - - [13/Jun/2018:08:45:50 -0400] "GET /static/js/owl-carousel.min.js HTTP/1.1" 200 42774 "http://py4seo.com/" "Mozilla/5.0 (Windows NT 10.0; Win64; x64) AppleWebKit/537.36 (KHTML, like Gecko) Chrome/67.0.3396.79 Safari/537.36"
172.16.174.200 - - [13/Jun/2018:08:45:50 -0400] "GET /static/js/jquery-2.2.4.min.js HTTP/1.1" 200 85582 "http://py4seo.com/" "Mozilla/5.0 (Windows NT 10.0; Win64; x64) AppleWebKit/537.36 (KHTML, like Gecko) Chrome/67.0.3396.79 Safari/537.36"
172.16.174.200 - - [13/Jun/2018:08:45:50 -0400] "GET /static/images/bg-img/coding.gif HTTP/1.1" 200 133579 "http://py4seo.com/" "Mozilla/5.0 (Windows NT 10.0; Win64; x64) AppleWebKit/537.36 (KHTML, like Gecko) Chrome/67.0.3396.79 Safari/537.36"
172.16.174.200 - - [13/Jun/2018:08:45:50 -0400] "GET /static/webfonts/fa-solid-900.woff2.html HTTP/1.1" 200 40180 "http://py4seo.com/static/css/fontawesome-all.min.css" "Mozilla/5.0 (Windows NT 10.0; Win64; x64) AppleWebKit/537.36 (KHTML, like Gecko) Chrome/67.0.3396.79 Safari/537.36"
172.16.174.200 - - [13/Jun/2018:08:45:50 -0400] "GET /static/webfonts/fa-regular-400.woff2.html HTTP/1.1" 200 12288 "http://py4seo.com/static/css/fontawesome-all.min.css" "Mozilla/5.0 (Windows NT 10.0; Win64; x64) AppleWebKit/537.36 (KHTML, like Gecko) Chrome/67.0.3396.79 Safari/537.36"
172.16.174.200 - - [13/Jun/2018:08:45:50 -0400] "GET /static/images/bg-img/main-bg-img1.png HTTP/1.1" 200 273933 "http://py4seo.com/" "Mozilla/5.0 (Windows NT 10.0; Win64; x64) AppleWebKit/537.36 (KHTML, like Gecko) Chrome/67.0.3396.79 Safari/537.36"
172.16.174.200 - - [13/Jun/2018:08:45:50 -0400] "GET /static/images/bg-img/app2.png HTTP/1.1" 200 397544 "http://py4seo.com/" "Mozilla/5.0 (Windows NT 10.0; Win64; x64) AppleWebKit/537.36 (KHTML, like Gecko) Chrome/67.0.3396.79 Safari/537.36"
124.253.182.52 - - [13/Jun/2018:08:47:36 -0400] "GET / HTTP/1.0" 200 2519 "-" "-"
124.253.182.52 - - [13/Jun/2018:08:47:37 -0400] "GET / HTTP/1.0" 200 2519 "-" "-"
124.253.182.52 - - [13/Jun/2018:08:47:37 -0400] "GET / HTTP/1.0" 200 2519 "-" "-"
50.203.239.16 - - [13/Jun/2018:08:49:21 -0400] "\x05\x01\x00" 400 182 "-" "-"
50.203.239.20 - - [13/Jun/2018:08:49:25 -0400] "\x05\x01\x00" 400 182 "-" "-"
79.127.96.92 - - [13/Jun/2018:08:49:56 -0400] "GET / HTTP/1.0" 200 2519 "-" "-"
192.168.31.1 - - [13/Jun/2018:08:50:21 -0400] "GET /working?key=asjdhasod9asd9as8d9asdhaidnoklvm HTTP/1.1" 200 170961 "-" "python-requests/2.18.4"
77.73.241.154 - - [13/Jun/2018:08:54:55 -0400] "\x05\x01\x00" 400 182 "-" "-"
192.168.31.1 - - [13/Jun/2018:08:55:21 -0400] "GET /working?key=asjdhasod9asd9as8d9asdhaidnoklvm HTTP/1.1" 200 184739 "-" "python-requests/2.18.4"
116.98.48.226 - - [13/Jun/2018:08:57:12 -0400] "GET / HTTP/1.0" 200 2519 "-" "-"
192.168.31.1 - - [13/Jun/2018:09:00:22 -0400] "GET /working?key=asjdhasod9asd9as8d9asdhaidnoklvm HTTP/1.1" 200 201814 "-" "python-requests/2.18.4"
192.168.31.1 - - [13/Jun/2018:09:05:22 -0400] "GET /working?key=asjdhasod9asd9as8d9asdhaidnoklvm HTTP/1.1" 200 234172 "-" "python-requests/2.18.4"
222.85.133.206 - - [13/Jun/2018:09:06:45 -0400] "GET / HTTP/1.0" 200 2519 "-" "-"
209.95.50.116 - - [13/Jun/2018:09:09:36 -0400] "GET / HTTP/1.1" 200 9618 "-" "Mozilla/5.0 (X11; Linux x86_64; rv:57.0) Gecko/20100101 Firefox/57.0"
209.95.50.116 - - [13/Jun/2018:09:09:37 -0400] "GET /static/css/owl.carousel.min.css HTTP/1.1" 200 2986 "http://py4seo.com/" "Mozilla/5.0 (X11; Linux x86_64; rv:57.0) Gecko/20100101 Firefox/57.0"
209.95.50.116 - - [13/Jun/2018:09:09:37 -0400] "GET /static/css/slick.css HTTP/1.1" 200 1750 "http://py4seo.com/" "Mozilla/5.0 (X11; Linux x86_64; rv:57.0) Gecko/20100101 Firefox/57.0"
209.95.50.116 - - [13/Jun/2018:09:09:37 -0400] "GET /static/css/themify-icons.css HTTP/1.1" 200 16587 "http://py4seo.com/" "Mozilla/5.0 (X11; Linux x86_64; rv:57.0) Gecko/20100101 Firefox/57.0"
209.95.50.116 - - [13/Jun/2018:09:09:37 -0400] "GET /static/css/magnific-popup.css HTTP/1.1" 200 5599 "http://py4seo.com/" "Mozilla/5.0 (X11; Linux x86_64; rv:57.0) Gecko/20100101 Firefox/57.0"
209.95.50.116 - - [13/Jun/2018:09:09:37 -0400] "GET /static/css/fontawesome-all.min.css HTTP/1.1" 200 35326 "http://py4seo.com/" "Mozilla/5.0 (X11; Linux x86_64; rv:57.0) Gecko/20100101 Firefox/57.0"
209.95.50.116 - - [13/Jun/2018:09:09:37 -0400] "GET /static/css/bootstrap.css HTTP/1.1" 200 178152 "http://py4seo.com/" "Mozilla/5.0 (X11; Linux x86_64; rv:57.0) Gecko/20100101 Firefox/57.0"
209.95.50.116 - - [13/Jun/2018:09:09:37 -0400] "GET /static/css/particles.css HTTP/1.1" 200 297 "http://py4seo.com/" "Mozilla/5.0 (X11; Linux x86_64; rv:57.0) Gecko/20100101 Firefox/57.0"
209.95.50.116 - - [13/Jun/2018:09:09:37 -0400] "GET /static/js/jquery-2.2.4.min.js HTTP/1.1" 200 85582 "http://py4seo.com/" "Mozilla/5.0 (X11; Linux x86_64; rv:57.0) Gecko/20100101 Firefox/57.0"
209.95.50.116 - - [13/Jun/2018:09:09:37 -0400] "GET /static/js/particles.js HTTP/1.1" 200 2139 "http://py4seo.com/" "Mozilla/5.0 (X11; Linux x86_64; rv:57.0) Gecko/20100101 Firefox/57.0"
209.95.50.116 - - [13/Jun/2018:09:09:38 -0400] "GET /static/js/magnific-popup.js HTTP/1.1" 200 20221 "http://py4seo.com/" "Mozilla/5.0 (X11; Linux x86_64; rv:57.0) Gecko/20100101 Firefox/57.0"
209.95.50.116 - - [13/Jun/2018:09:09:38 -0400] "GET /static/css/style.css HTTP/1.1" 200 25747 "http://py4seo.com/" "Mozilla/5.0 (X11; Linux x86_64; rv:57.0) Gecko/20100101 Firefox/57.0"
209.95.50.116 - - [13/Jun/2018:09:09:38 -0400] "GET /static/js/owl-carousel.min.js HTTP/1.1" 200 42774 "http://py4seo.com/" "Mozilla/5.0 (X11; Linux x86_64; rv:57.0) Gecko/20100101 Firefox/57.0"
209.95.50.116 - - [13/Jun/2018:09:09:38 -0400] "GET /static/js/custom.js HTTP/1.1" 200 3799 "http://py4seo.com/" "Mozilla/5.0 (X11; Linux x86_64; rv:57.0) Gecko/20100101 Firefox/57.0"
209.95.50.116 - - [13/Jun/2018:09:09:38 -0400] "GET /static/js/bootstrap.min.js HTTP/1.1" 200 48944 "http://py4seo.com/" "Mozilla/5.0 (X11; Linux x86_64; rv:57.0) Gecko/20100101 Firefox/57.0"
209.95.50.116 - - [13/Jun/2018:09:09:38 -0400] "GET /static/js/slick.min.js HTTP/1.1" 200 42863 "http://py4seo.com/" "Mozilla/5.0 (X11; Linux x86_64; rv:57.0) Gecko/20100101 Firefox/57.0"
209.95.50.116 - - [13/Jun/2018:09:09:38 -0400] "GET /static/images/logo2.png HTTP/1.1" 200 24367 "http://py4seo.com/" "Mozilla/5.0 (X11; Linux x86_64; rv:57.0) Gecko/20100101 Firefox/57.0"
209.95.50.116 - - [13/Jun/2018:09:09:38 -0400] "GET /static/images/logo_white2.png HTTP/1.1" 200 24372 "http://py4seo.com/" "Mozilla/5.0 (X11; Linux x86_64; rv:57.0) Gecko/20100101 Firefox/57.0"
209.95.50.116 - - [13/Jun/2018:09:09:38 -0400] "GET /static/webfonts/fa-regular-400.woff2.html HTTP/1.1" 200 12240 "http://py4seo.com/static/css/fontawesome-all.min.css" "Mozilla/5.0 (X11; Linux x86_64; rv:57.0) Gecko/20100101 Firefox/57.0"
209.95.50.116 - - [13/Jun/2018:09:09:38 -0400] "GET /static/webfonts/fa-solid-900.woff2.html HTTP/1.1" 200 40148 "http://py4seo.com/static/css/fontawesome-all.min.css" "Mozilla/5.0 (X11; Linux x86_64; rv:57.0) Gecko/20100101 Firefox/57.0"
209.95.50.116 - - [13/Jun/2018:09:09:38 -0400] "GET /static/images/bg-img/icon1.png HTTP/1.1" 200 3025 "http://py4seo.com/" "Mozilla/5.0 (X11; Linux x86_64; rv:57.0) Gecko/20100101 Firefox/57.0"
209.95.50.116 - - [13/Jun/2018:09:09:38 -0400] "GET /static/images/bg-img/icon2.png HTTP/1.1" 200 1739 "http://py4seo.com/" "Mozilla/5.0 (X11; Linux x86_64; rv:57.0) Gecko/20100101 Firefox/57.0"
209.95.50.116 - - [13/Jun/2018:09:09:38 -0400] "GET /static/images/bg-img/coding.gif HTTP/1.1" 200 133579 "http://py4seo.com/" "Mozilla/5.0 (X11; Linux x86_64; rv:57.0) Gecko/20100101 Firefox/57.0"
209.95.50.116 - - [13/Jun/2018:09:09:38 -0400] "GET /static/images/bg-img/icon6.png HTTP/1.1" 200 2589 "http://py4seo.com/" "Mozilla/5.0 (X11; Linux x86_64; rv:57.0) Gecko/20100101 Firefox/57.0"
209.95.50.116 - - [13/Jun/2018:09:09:39 -0400] "GET /static/images/favicon.ico HTTP/1.1" 200 1150 "-" "Mozilla/5.0 (X11; Linux x86_64; rv:57.0) Gecko/20100101 Firefox/57.0"
209.95.50.116 - - [13/Jun/2018:09:09:39 -0400] "GET /static/images/bg-img/app2.png HTTP/1.1" 200 397544 "http://py4seo.com/" "Mozilla/5.0 (X11; Linux x86_64; rv:57.0) Gecko/20100101 Firefox/57.0"
209.95.50.116 - - [13/Jun/2018:09:09:39 -0400] "GET /static/images/bg-img/main-bg-img1.png HTTP/1.1" 200 273933 "http://py4seo.com/" "Mozilla/5.0 (X11; Linux x86_64; rv:57.0) Gecko/20100101 Firefox/57.0"
50.203.239.21 - - [13/Jun/2018:09:09:48 -0400] "\x05\x01\x00" 400 182 "-" "-"
192.168.31.1 - - [13/Jun/2018:09:10:23 -0400] "GET /working?key=asjdhasod9asd9as8d9asdhaidnoklvm HTTP/1.1" 200 255360 "-" "python-requests/2.18.4"
192.168.31.1 - - [13/Jun/2018:09:15:24 -0400] "GET /working?key=asjdhasod9asd9as8d9asdhaidnoklvm HTTP/1.1" 200 276580 "-" "python-requests/2.18.4"
50.203.239.29 - - [13/Jun/2018:09:16:08 -0400] "\x05\x01\x00" 400 182 "-" "-"
185.11.49.52 - - [13/Jun/2018:09:17:25 -0400] "GET /administrator/ HTTP/1.1" 404 14 "-" "Mozilla/5.0 (Windows NT 6.0; rv:34.0) Gecko/20100101 Firefox/34.0"
185.11.49.52 - - [13/Jun/2018:09:17:25 -0400] "GET /administrator/index.php HTTP/1.1" 404 14 "http://py4seo.com/administrator/" "Mozilla/5.0 (Windows NT 6.0; rv:34.0) Gecko/20100101 Firefox/34.0"
93.190.253.50 - - [13/Jun/2018:09:19:24 -0400] "\x05\x01\x00" 400 182 "-" "-"
173.252.88.117 - - [13/Jun/2018:09:19:48 -0400] "GET /static/images/bg-img/main-bg-img1.png HTTP/1.1" 200 273933 "-" "facebookexternalhit/1.1 (+http://www.facebook.com/externalhit_uatext.php)"
71.13.131.142 - - [13/Jun/2018:09:19:53 -0400] "\x05\x01\x00" 400 182 "-" "-"
192.168.31.1 - - [13/Jun/2018:09:20:24 -0400] "GET /working?key=asjdhasod9asd9as8d9asdhaidnoklvm HTTP/1.1" 200 297671 "-" "python-requests/2.18.4"
185.11.49.52 - - [13/Jun/2018:09:21:14 -0400] "GET /wp-login.php HTTP/1.1" 404 14 "-" "Mozilla/5.0 (Windows NT 6.0; rv:34.0) Gecko/20100101 Firefox/34.0"
185.11.49.52 - - [13/Jun/2018:09:21:14 -0400] "GET /wp-admin/ HTTP/1.1" 404 14 "http://py4seo.com/wp-login.php" "Mozilla/5.0 (Windows NT 6.0; rv:34.0) Gecko/20100101 Firefox/34.0"
165.16.37.182 - - [13/Jun/2018:09:22:14 -0400] "GET / HTTP/1.1" 200 2519 "-" "Mozilla/5.0 (Windows NT 6.1; WOW64) AppleWebKit/537.36 (KHTML, like Gecko) Chrome/51.0.2704.103 Safari/537.36"
103.50.153.204 - - [13/Jun/2018:09:22:49 -0400] "GET / HTTP/1.0" 200 2519 "-" "-"
185.11.49.52 - - [13/Jun/2018:09:23:01 -0400] "GET /admin.php HTTP/1.1" 404 14 "-" "Mozilla/5.0 (Windows NT 6.0; rv:34.0) Gecko/20100101 Firefox/34.0"
185.11.49.52 - - [13/Jun/2018:09:24:20 -0400] "GET /admin HTTP/1.1" 404 14 "-" "Mozilla/5.0 (Windows NT 6.0; rv:34.0) Gecko/20100101 Firefox/34.0"
192.168.31.1 - - [13/Jun/2018:09:25:25 -0400] "GET /working?key=asjdhasod9asd9as8d9asdhaidnoklvm HTTP/1.1" 200 323806 "-" "python-requests/2.18.4"
192.168.31.1 - - [13/Jun/2018:09:30:26 -0400] "GET /working?key=asjdhasod9asd9as8d9asdhaidnoklvm HTTP/1.1" 200 333077 "-" "python-requests/2.18.4"
50.203.239.22 - - [13/Jun/2018:09:31:59 -0400] "\x05\x01\x00" 400 182 "-" "-"
192.168.31.1 - - [13/Jun/2018:09:35:26 -0400] "GET /working?key=asjdhasod9asd9as8d9asdhaidnoklvm HTTP/1.1" 200 355787 "-" "python-requests/2.18.4"
220.89.14.220 - - [13/Jun/2018:09:36:19 -0400] "GET / HTTP/1.0" 200 2519 "-" "-"
68.185.57.66 - - [13/Jun/2018:09:36:32 -0400] "\x05\x01\x00" 400 182 "-" "-"
85.26.146.169 - - [13/Jun/2018:09:39:46 -0400] "\x05\x01\x00" 400 182 "-" "-"
192.168.31.1 - - [13/Jun/2018:09:40:27 -0400] "GET /working?key=asjdhasod9asd9as8d9asdhaidnoklvm HTTP/1.1" 200 399065 "-" "python-requests/2.18.4"
36.37.224.76 - - [13/Jun/2018:09:40:36 -0400] "GET / HTTP/1.1" 200 2519 "-" "Mozilla/5.0 (Windows NT 6.1; WOW64) AppleWebKit/537.36 (KHTML, like Gecko) Chrome/52.0.2743.116 Safari/537.36"
50.203.239.26 - - [13/Jun/2018:09:43:44 -0400] "\x05\x01\x00" 400 182 "-" "-"
192.168.31.1 - - [13/Jun/2018:09:45:28 -0400] "GET /working?key=asjdhasod9asd9as8d9asdhaidnoklvm HTTP/1.1" 200 427751 "-" "python-requests/2.18.4"
200.161.215.195 - - [13/Jun/2018:09:45:43 -0400] "GET / HTTP/1.1" 200 2519 "-" "Mozilla/5.0 (Windows NT 6.1; WOW64) AppleWebKit/537.36 (KHTML, like Gecko) Chrome/51.0.2704.103 Safari/537.36"
178.154.200.75 - - [13/Jun/2018:09:49:23 -0400] "GET /media/images/5aa8521698dc23.90669140.png HTTP/1.1" 200 393176 "-" "Mozilla/5.0 (compatible; YandexImages/3.0; +http://yandex.com/bots)"
192.168.31.1 - - [13/Jun/2018:09:50:29 -0400] "GET /working?key=asjdhasod9asd9as8d9asdhaidnoklvm HTTP/1.1" 200 448617 "-" "python-requests/2.18.4"
80.76.231.238 - - [13/Jun/2018:09:53:27 -0400] "GET /administrator/ HTTP/1.1" 404 14 "-" "Mozilla/5.0 (Windows NT 6.0; rv:34.0) Gecko/20100101 Firefox/34.0"
80.76.231.238 - - [13/Jun/2018:09:53:27 -0400] "GET /administrator/index.php HTTP/1.1" 404 14 "http://py4seo.com/administrator/" "Mozilla/5.0 (Windows NT 6.0; rv:34.0) Gecko/20100101 Firefox/34.0"
192.168.31.1 - - [13/Jun/2018:09:55:30 -0400] "GET /working?key=asjdhasod9asd9as8d9asdhaidnoklvm HTTP/1.1" 200 466832 "-" "python-requests/2.18.4"
79.116.132.57 - - [13/Jun/2018:09:58:15 -0400] "GET / HTTP/1.0" 200 2519 "-" "-"
50.203.239.24 - - [13/Jun/2018:09:59:04 -0400] "\x05\x01\x00" 400 182 "-" "-"
116.98.48.226 - - [13/Jun/2018:09:59:06 -0400] "GET / HTTP/1.0" 200 2519 "-" "-"
192.168.31.1 - - [13/Jun/2018:10:00:30 -0400] "GET /working?key=asjdhasod9asd9as8d9asdhaidnoklvm HTTP/1.1" 200 493541 "-" "python-requests/2.18.4"
192.168.31.1 - - [13/Jun/2018:10:05:31 -0400] "GET /working?key=asjdhasod9asd9as8d9asdhaidnoklvm HTTP/1.1" 200 515829 "-" "python-requests/2.18.4"
80.76.231.238 - - [13/Jun/2018:10:05:47 -0400] "GET /wp-login.php HTTP/1.1" 404 14 "-" "Mozilla/5.0 (Windows NT 6.0; rv:34.0) Gecko/20100101 Firefox/34.0"
80.76.231.238 - - [13/Jun/2018:10:05:47 -0400] "GET /wp-admin/ HTTP/1.1" 404 14 "http://py4seo.com/wp-login.php" "Mozilla/5.0 (Windows NT 6.0; rv:34.0) Gecko/20100101 Firefox/34.0"
95.164.69.24 - - [13/Jun/2018:10:07:35 -0400] "GET / HTTP/1.1" 200 9618 "-" "Mozilla/5.0 (Windows NT 10.0; WOW64) AppleWebKit/537.36 (KHTML, like Gecko) Chrome/66.0.3359.170 Safari/537.36 OPR/53.0.2907.88"
95.164.69.24 - - [13/Jun/2018:10:07:35 -0400] "GET /static/css/themify-icons.css HTTP/1.1" 200 16587 "http://py4seo.com/" "Mozilla/5.0 (Windows NT 10.0; WOW64) AppleWebKit/537.36 (KHTML, like Gecko) Chrome/66.0.3359.170 Safari/537.36 OPR/53.0.2907.88"
95.164.69.24 - - [13/Jun/2018:10:07:35 -0400] "GET /static/css/owl.carousel.min.css HTTP/1.1" 200 2986 "http://py4seo.com/" "Mozilla/5.0 (Windows NT 10.0; WOW64) AppleWebKit/537.36 (KHTML, like Gecko) Chrome/66.0.3359.170 Safari/537.36 OPR/53.0.2907.88"
95.164.69.24 - - [13/Jun/2018:10:07:35 -0400] "GET /static/css/slick.css HTTP/1.1" 200 1750 "http://py4seo.com/" "Mozilla/5.0 (Windows NT 10.0; WOW64) AppleWebKit/537.36 (KHTML, like Gecko) Chrome/66.0.3359.170 Safari/537.36 OPR/53.0.2907.88"
95.164.69.24 - - [13/Jun/2018:10:07:35 -0400] "GET /static/css/magnific-popup.css HTTP/1.1" 200 5599 "http://py4seo.com/" "Mozilla/5.0 (Windows NT 10.0; WOW64) AppleWebKit/537.36 (KHTML, like Gecko) Chrome/66.0.3359.170 Safari/537.36 OPR/53.0.2907.88"
95.164.69.24 - - [13/Jun/2018:10:07:35 -0400] "GET /static/css/fontawesome-all.min.css HTTP/1.1" 200 35326 "http://py4seo.com/" "Mozilla/5.0 (Windows NT 10.0; WOW64) AppleWebKit/537.36 (KHTML, like Gecko) Chrome/66.0.3359.170 Safari/537.36 OPR/53.0.2907.88"
95.164.69.24 - - [13/Jun/2018:10:07:35 -0400] "GET /static/css/particles.css HTTP/1.1" 200 297 "http://py4seo.com/" "Mozilla/5.0 (Windows NT 10.0; WOW64) AppleWebKit/537.36 (KHTML, like Gecko) Chrome/66.0.3359.170 Safari/537.36 OPR/53.0.2907.88"
95.164.69.24 - - [13/Jun/2018:10:07:35 -0400] "GET /static/css/style.css HTTP/1.1" 200 25747 "http://py4seo.com/" "Mozilla/5.0 (Windows NT 10.0; WOW64) AppleWebKit/537.36 (KHTML, like Gecko) Chrome/66.0.3359.170 Safari/537.36 OPR/53.0.2907.88"
95.164.69.24 - - [13/Jun/2018:10:07:35 -0400] "GET /static/js/jquery-2.2.4.min.js HTTP/1.1" 200 85582 "http://py4seo.com/" "Mozilla/5.0 (Windows NT 10.0; WOW64) AppleWebKit/537.36 (KHTML, like Gecko) Chrome/66.0.3359.170 Safari/537.36 OPR/53.0.2907.88"
95.164.69.24 - - [13/Jun/2018:10:07:35 -0400] "GET /static/css/bootstrap.css HTTP/1.1" 200 178152 "http://py4seo.com/" "Mozilla/5.0 (Windows NT 10.0; WOW64) AppleWebKit/537.36 (KHTML, like Gecko) Chrome/66.0.3359.170 Safari/537.36 OPR/53.0.2907.88"
95.164.69.24 - - [13/Jun/2018:10:07:35 -0400] "GET /static/js/particles.js HTTP/1.1" 200 2139 "http://py4seo.com/" "Mozilla/5.0 (Windows NT 10.0; WOW64) AppleWebKit/537.36 (KHTML, like Gecko) Chrome/66.0.3359.170 Safari/537.36 OPR/53.0.2907.88"
95.164.69.24 - - [13/Jun/2018:10:07:35 -0400] "GET /static/js/bootstrap.min.js HTTP/1.1" 200 48944 "http://py4seo.com/" "Mozilla/5.0 (Windows NT 10.0; WOW64) AppleWebKit/537.36 (KHTML, like Gecko) Chrome/66.0.3359.170 Safari/537.36 OPR/53.0.2907.88"
95.164.69.24 - - [13/Jun/2018:10:07:35 -0400] "GET /static/js/magnific-popup.js HTTP/1.1" 200 20221 "http://py4seo.com/" "Mozilla/5.0 (Windows NT 10.0; WOW64) AppleWebKit/537.36 (KHTML, like Gecko) Chrome/66.0.3359.170 Safari/537.36 OPR/53.0.2907.88"
95.164.69.24 - - [13/Jun/2018:10:07:35 -0400] "GET /static/js/custom.js HTTP/1.1" 200 3799 "http://py4seo.com/" "Mozilla/5.0 (Windows NT 10.0; WOW64) AppleWebKit/537.36 (KHTML, like Gecko) Chrome/66.0.3359.170 Safari/537.36 OPR/53.0.2907.88"
95.164.69.24 - - [13/Jun/2018:10:07:35 -0400] "GET /static/images/logo_white2.png HTTP/1.1" 200 24372 "http://py4seo.com/" "Mozilla/5.0 (Windows NT 10.0; WOW64) AppleWebKit/537.36 (KHTML, like Gecko) Chrome/66.0.3359.170 Safari/537.36 OPR/53.0.2907.88"
95.164.69.24 - - [13/Jun/2018:10:07:35 -0400] "GET /static/js/slick.min.js HTTP/1.1" 200 42863 "http://py4seo.com/" "Mozilla/5.0 (Windows NT 10.0; WOW64) AppleWebKit/537.36 (KHTML, like Gecko) Chrome/66.0.3359.170 Safari/537.36 OPR/53.0.2907.88"
95.164.69.24 - - [13/Jun/2018:10:07:35 -0400] "GET /static/js/owl-carousel.min.js HTTP/1.1" 200 42774 "http://py4seo.com/" "Mozilla/5.0 (Windows NT 10.0; WOW64) AppleWebKit/537.36 (KHTML, like Gecko) Chrome/66.0.3359.170 Safari/537.36 OPR/53.0.2907.88"
95.164.69.24 - - [13/Jun/2018:10:07:35 -0400] "GET /static/images/logo2.png HTTP/1.1" 200 24367 "http://py4seo.com/" "Mozilla/5.0 (Windows NT 10.0; WOW64) AppleWebKit/537.36 (KHTML, like Gecko) Chrome/66.0.3359.170 Safari/537.36 OPR/53.0.2907.88"
95.164.69.24 - - [13/Jun/2018:10:07:35 -0400] "GET /static/webfonts/fa-solid-900.woff2.html HTTP/1.1" 200 40180 "http://py4seo.com/static/css/fontawesome-all.min.css" "Mozilla/5.0 (Windows NT 10.0; WOW64) AppleWebKit/537.36 (KHTML, like Gecko) Chrome/66.0.3359.170 Safari/537.36 OPR/53.0.2907.88"
95.164.69.24 - - [13/Jun/2018:10:07:36 -0400] "GET /static/webfonts/fa-regular-400.woff2.html HTTP/1.1" 200 12288 "http://py4seo.com/static/css/fontawesome-all.min.css" "Mozilla/5.0 (Windows NT 10.0; WOW64) AppleWebKit/537.36 (KHTML, like Gecko) Chrome/66.0.3359.170 Safari/537.36 OPR/53.0.2907.88"
95.164.69.24 - - [13/Jun/2018:10:07:36 -0400] "GET /static/images/bg-img/icon1.png HTTP/1.1" 200 3025 "http://py4seo.com/" "Mozilla/5.0 (Windows NT 10.0; WOW64) AppleWebKit/537.36 (KHTML, like Gecko) Chrome/66.0.3359.170 Safari/537.36 OPR/53.0.2907.88"
95.164.69.24 - - [13/Jun/2018:10:07:36 -0400] "GET /static/images/bg-img/icon2.png HTTP/1.1" 200 1739 "http://py4seo.com/" "Mozilla/5.0 (Windows NT 10.0; WOW64) AppleWebKit/537.36 (KHTML, like Gecko) Chrome/66.0.3359.170 Safari/537.36 OPR/53.0.2907.88"
95.164.69.24 - - [13/Jun/2018:10:07:36 -0400] "GET /static/images/bg-img/icon6.png HTTP/1.1" 200 2589 "http://py4seo.com/" "Mozilla/5.0 (Windows NT 10.0; WOW64) AppleWebKit/537.36 (KHTML, like Gecko) Chrome/66.0.3359.170 Safari/537.36 OPR/53.0.2907.88"
95.164.69.24 - - [13/Jun/2018:10:07:36 -0400] "GET /static/images/bg-img/coding.gif HTTP/1.1" 200 133579 "http://py4seo.com/" "Mozilla/5.0 (Windows NT 10.0; WOW64) AppleWebKit/537.36 (KHTML, like Gecko) Chrome/66.0.3359.170 Safari/537.36 OPR/53.0.2907.88"
95.164.69.24 - - [13/Jun/2018:10:07:36 -0400] "GET /static/images/bg-img/main-bg-img1.png HTTP/1.1" 200 273933 "http://py4seo.com/" "Mozilla/5.0 (Windows NT 10.0; WOW64) AppleWebKit/537.36 (KHTML, like Gecko) Chrome/66.0.3359.170 Safari/537.36 OPR/53.0.2907.88"
95.164.69.24 - - [13/Jun/2018:10:07:36 -0400] "GET /static/images/bg-img/app2.png HTTP/1.1" 200 397544 "http://py4seo.com/" "Mozilla/5.0 (Windows NT 10.0; WOW64) AppleWebKit/537.36 (KHTML, like Gecko) Chrome/66.0.3359.170 Safari/537.36 OPR/53.0.2907.88"
80.76.231.238 - - [13/Jun/2018:10:07:58 -0400] "GET /admin.php HTTP/1.1" 404 14 "-" "Mozilla/5.0 (Windows NT 6.0; rv:34.0) Gecko/20100101 Firefox/34.0"
80.76.231.238 - - [13/Jun/2018:10:08:45 -0400] "GET /admin HTTP/1.1" 404 14 "-" "Mozilla/5.0 (Windows NT 6.0; rv:34.0) Gecko/20100101 Firefox/34.0"
178.154.200.75 - - [13/Jun/2018:10:09:38 -0400] "GET /robots.txt HTTP/1.1" 404 14 "-" "Mozilla/5.0 (compatible; YandexBot/3.0; +http://yandex.com/bots)"
178.154.200.75 - - [13/Jun/2018:10:09:42 -0400] "GET / HTTP/1.1" 200 1221 "-" "Mozilla/5.0 (compatible; YandexBot/3.0; +http://yandex.com/bots)"
178.154.200.53 - - [13/Jun/2018:10:09:43 -0400] "GET /static/css/bootstrap.min.css HTTP/1.1" 200 121260 "http://textgen.seoshnik.top/" "Mozilla/5.0 (compatible; YandexBot/3.0; +http://yandex.com/bots)"
141.8.142.56 - - [13/Jun/2018:10:09:44 -0400] "GET /static/css/sticky-footer.css HTTP/1.1" 200 619 "http://textgen.seoshnik.top/" "Mozilla/5.0 (compatible; YandexBot/3.0; +http://yandex.com/bots)"
192.168.31.1 - - [13/Jun/2018:10:10:32 -0400] "GET /working?key=asjdhasod9asd9as8d9asdhaidnoklvm HTTP/1.1" 200 534778 "-" "python-requests/2.18.4"
74.101.111.53 - - [13/Jun/2018:10:11:11 -0400] "GET / HTTP/1.0" 200 2519 "-" "-"
82.77.91.79 - - [13/Jun/2018:10:11:18 -0400] "GET / HTTP/1.0" 200 2519 "-" "-"
192.168.31.1 - - [13/Jun/2018:10:15:33 -0400] "GET /working?key=asjdhasod9asd9as8d9asdhaidnoklvm HTTP/1.1" 200 547339 "-" "python-requests/2.18.4"
195.211.173.225 - - [13/Jun/2018:10:18:36 -0400] "GET / HTTP/1.0" 200 2519 "-" "-"
192.168.31.1 - - [13/Jun/2018:10:20:34 -0400] "GET /working?key=asjdhasod9asd9as8d9asdhaidnoklvm HTTP/1.1" 200 556240 "-" "python-requests/2.18.4"
50.203.239.28 - - [13/Jun/2018:10:23:11 -0400] "\x05\x01\x00" 400 182 "-" "-"
178.237.179.30 - - [13/Jun/2018:10:24:23 -0400] "GET / HTTP/1.0" 200 2519 "-" "-"
192.168.31.1 - - [13/Jun/2018:10:25:34 -0400] "GET /working?key=asjdhasod9asd9as8d9asdhaidnoklvm HTTP/1.1" 200 587708 "-" "python-requests/2.18.4"
5.164.68.123 - - [13/Jun/2018:10:26:04 -0400] "GET / HTTP/1.0" 200 2519 "-" "-"
213.160.153.2 - - [13/Jun/2018:10:26:27 -0400] "GET / HTTP/1.1" 200 9618 "-" "Mozilla/5.0 (Windows NT 10.0; Win64; x64) AppleWebKit/537.36 (KHTML, like Gecko) Chrome/67.0.3396.79 Safari/537.36"
213.160.153.2 - - [13/Jun/2018:10:26:27 -0400] "GET /robots.txt HTTP/1.1" 404 14 "-" "Mozilla/5.0 (Windows NT 10.0; Win64; x64) AppleWebKit/537.36 (KHTML, like Gecko) Chrome/67.0.3396.79 Safari/537.36"
213.160.153.2 - - [13/Jun/2018:10:26:27 -0400] "GET /static/css/themify-icons.css HTTP/1.1" 200 16587 "http://py4seo.com/" "Mozilla/5.0 (Windows NT 10.0; Win64; x64) AppleWebKit/537.36 (KHTML, like Gecko) Chrome/67.0.3396.79 Safari/537.36"
213.160.153.2 - - [13/Jun/2018:10:26:27 -0400] "GET /static/css/slick.css HTTP/1.1" 200 1750 "http://py4seo.com/" "Mozilla/5.0 (Windows NT 10.0; Win64; x64) AppleWebKit/537.36 (KHTML, like Gecko) Chrome/67.0.3396.79 Safari/537.36"
213.160.153.2 - - [13/Jun/2018:10:26:27 -0400] "GET /static/css/owl.carousel.min.css HTTP/1.1" 200 2986 "http://py4seo.com/" "Mozilla/5.0 (Windows NT 10.0; Win64; x64) AppleWebKit/537.36 (KHTML, like Gecko) Chrome/67.0.3396.79 Safari/537.36"
213.160.153.2 - - [13/Jun/2018:10:26:27 -0400] "GET /static/css/magnific-popup.css HTTP/1.1" 200 5599 "http://py4seo.com/" "Mozilla/5.0 (Windows NT 10.0; Win64; x64) AppleWebKit/537.36 (KHTML, like Gecko) Chrome/67.0.3396.79 Safari/537.36"
213.160.153.2 - - [13/Jun/2018:10:26:27 -0400] "GET /static/css/fontawesome-all.min.css HTTP/1.1" 200 35326 "http://py4seo.com/" "Mozilla/5.0 (Windows NT 10.0; Win64; x64) AppleWebKit/537.36 (KHTML, like Gecko) Chrome/67.0.3396.79 Safari/537.36"
213.160.153.2 - - [13/Jun/2018:10:26:27 -0400] "GET /static/css/particles.css HTTP/1.1" 200 297 "http://py4seo.com/" "Mozilla/5.0 (Windows NT 10.0; Win64; x64) AppleWebKit/537.36 (KHTML, like Gecko) Chrome/67.0.3396.79 Safari/537.36"
213.160.153.2 - - [13/Jun/2018:10:26:27 -0400] "GET /static/css/style.css HTTP/1.1" 200 25747 "http://py4seo.com/" "Mozilla/5.0 (Windows NT 10.0; Win64; x64) AppleWebKit/537.36 (KHTML, like Gecko) Chrome/67.0.3396.79 Safari/537.36"
213.160.153.2 - - [13/Jun/2018:10:26:27 -0400] "GET /robots.txt HTTP/1.1" 404 14 "-" "Mozilla/5.0 (Windows NT 10.0; Win64; x64) AppleWebKit/537.36 (KHTML, like Gecko) Chrome/67.0.3396.79 Safari/537.36"
213.160.153.2 - - [13/Jun/2018:10:26:27 -0400] "GET /static/images/logo_white2.png HTTP/1.1" 200 24372 "http://py4seo.com/" "Mozilla/5.0 (Windows NT 10.0; Win64; x64) AppleWebKit/537.36 (KHTML, like Gecko) Chrome/67.0.3396.79 Safari/537.36"
213.160.153.2 - - [13/Jun/2018:10:26:27 -0400] "GET /static/css/bootstrap.css HTTP/1.1" 200 178152 "http://py4seo.com/" "Mozilla/5.0 (Windows NT 10.0; Win64; x64) AppleWebKit/537.36 (KHTML, like Gecko) Chrome/67.0.3396.79 Safari/537.36"
