213.160.153.2 - - [13/Jun/2018:10:26:27 -0400] "GET /static/images/logo2.png HTTP/1.1" 200 24367 "http://py4seo.com/" "Mozilla/5.0 (Windows NT 10.0; Win64; x64) AppleWebKit/537.36 (KHTML, like Gecko) Chrome/67.0.3396.79 Safari/537.36"
213.160.153.2 - - [13/Jun/2018:10:26:28 -0400] "GET /static/js/particles.js HTTP/1.1" 200 2139 "http://py4seo.com/" "Mozilla/5.0 (Windows NT 10.0; Win64; x64) AppleWebKit/537.36 (KHTML, like Gecko) Chrome/67.0.3396.79 Safari/537.36"
213.160.153.2 - - [13/Jun/2018:10:26:28 -0400] "GET /static/js/bootstrap.min.js HTTP/1.1" 200 48944 "http://py4seo.com/" "Mozilla/5.0 (Windows NT 10.0; Win64; x64) AppleWebKit/537.36 (KHTML, like Gecko) Chrome/67.0.3396.79 Safari/537.36"
213.160.153.2 - - [13/Jun/2018:10:26:28 -0400] "GET /static/js/magnific-popup.js HTTP/1.1" 200 20221 "http://py4seo.com/" "Mozilla/5.0 (Windows NT 10.0; Win64; x64) AppleWebKit/537.36 (KHTML, like Gecko) Chrome/67.0.3396.79 Safari/537.36"
213.160.153.2 - - [13/Jun/2018:10:26:28 -0400] "GET /static/js/custom.js HTTP/1.1" 200 3799 "http://py4seo.com/" "Mozilla/5.0 (Windows NT 10.0; Win64; x64) AppleWebKit/537.36 (KHTML, like Gecko) Chrome/67.0.3396.79 Safari/537.36"
213.160.153.2 - - [13/Jun/2018:10:26:28 -0400] "GET /static/js/jquery-2.2.4.min.js HTTP/1.1" 200 85582 "http://py4seo.com/" "Mozilla/5.0 (Windows NT 10.0; Win64; x64) AppleWebKit/537.36 (KHTML, like Gecko) Chrome/67.0.3396.79 Safari/537.36"
213.160.153.2 - - [13/Jun/2018:10:26:28 -0400] "GET /static/js/slick.min.js HTTP/1.1" 200 42863 "http://py4seo.com/" "Mozilla/5.0 (Windows NT 10.0; Win64; x64) AppleWebKit/537.36 (KHTML, like Gecko) Chrome/67.0.3396.79 Safari/537.36"
213.160.153.2 - - [13/Jun/2018:10:26:28 -0400] "GET /static/js/owl-carousel.min.js HTTP/1.1" 200 42774 "http://py4seo.com/" "Mozilla/5.0 (Windows NT 10.0; Win64; x64) AppleWebKit/537.36 (KHTML, like Gecko) Chrome/67.0.3396.79 Safari/537.36"
213.160.153.2 - - [13/Jun/2018:10:26:28 -0400] "GET /static/images/bg-img/icon1.png HTTP/1.1" 200 3025 "http://py4seo.com/" "Mozilla/5.0 (Windows NT 10.0; Win64; x64) AppleWebKit/537.36 (KHTML, like Gecko) Chrome/67.0.3396.79 Safari/537.36"
213.160.153.2 - - [13/Jun/2018:10:26:28 -0400] "GET /static/images/bg-img/icon2.png HTTP/1.1" 200 1739 "http://py4seo.com/" "Mozilla/5.0 (Windows NT 10.0; Win64; x64) AppleWebKit/537.36 (KHTML, like Gecko) Chrome/67.0.3396.79 Safari/537.36"
213.160.153.2 - - [13/Jun/2018:10:26:28 -0400] "GET /static/images/bg-img/icon6.png HTTP/1.1" 200 2589 "http://py4seo.com/" "Mozilla/5.0 (Windows NT 10.0; Win64; x64) AppleWebKit/537.36 (KHTML, like Gecko) Chrome/67.0.3396.79 Safari/537.36"
213.160.153.2 - - [13/Jun/2018:10:26:28 -0400] "GET /static/images/bg-img/main-bg-img1.png HTTP/1.1" 200 273933 "http://py4seo.com/" "Mozilla/5.0 (Windows NT 10.0; Win64; x64) AppleWebKit/537.36 (KHTML, like Gecko) Chrome/67.0.3396.79 Safari/537.36"
213.160.153.2 - - [13/Jun/2018:10:26:28 -0400] "GET /static/webfonts/fa-solid-900.woff2.html HTTP/1.1" 200 40180 "http://py4seo.com/static/css/fontawesome-all.min.css" "Mozilla/5.0 (Windows NT 10.0; Win64; x64) AppleWebKit/537.36 (KHTML, like Gecko) Chrome/67.0.3396.79 Safari/537.36"
213.160.153.2 - - [13/Jun/2018:10:26:28 -0400] "GET /static/webfonts/fa-regular-400.woff2.html HTTP/1.1" 200 12288 "http://py4seo.com/static/css/fontawesome-all.min.css" "Mozilla/5.0 (Windows NT 10.0; Win64; x64) AppleWebKit/537.36 (KHTML, like Gecko) Chrome/67.0.3396.79 Safari/537.36"
213.160.153.2 - - [13/Jun/2018:10:26:28 -0400] "GET /static/images/bg-img/coding.gif HTTP/1.1" 200 133579 "http://py4seo.com/" "Mozilla/5.0 (Windows NT 10.0; Win64; x64) AppleWebKit/537.36 (KHTML, like Gecko) Chrome/67.0.3396.79 Safari/537.36"
213.160.153.2 - - [13/Jun/2018:10:26:28 -0400] "GET /static/images/bg-img/app2.png HTTP/1.1" 200 397544 "http://py4seo.com/" "Mozilla/5.0 (Windows NT 10.0; Win64; x64) AppleWebKit/537.36 (KHTML, like Gecko) Chrome/67.0.3396.79 Safari/537.36"
192.168.31.1 - - [13/Jun/2018:10:30:35 -0400] "GET /working?key=asjdhasod9asd9as8d9asdhaidnoklvm HTTP/1.1" 200 605370 "-" "python-requests/2.18.4"
192.168.31.1 - - [13/Jun/2018:10:35:36 -0400] "GET /working?key=asjdhasod9asd9as8d9asdhaidnoklvm HTTP/1.1" 200 628958 "-" "python-requests/2.18.4"
189.140.254.93 - - [13/Jun/2018:10:37:45 -0400] "GET / HTTP/1.0" 200 2519 "-" "-"
192.168.31.1 - - [13/Jun/2018:10:40:37 -0400] "GET /working?key=asjdhasod9asd9as8d9asdhaidnoklvm HTTP/1.1" 200 643834 "-" "python-requests/2.18.4"
109.252.23.105 - - [13/Jun/2018:10:41:51 -0400] "GET /administrator/ HTTP/1.1" 404 14 "-" "Mozilla/5.0 (Windows NT 6.0; rv:34.0) Gecko/20100101 Firefox/34.0"
109.252.23.105 - - [13/Jun/2018:10:41:52 -0400] "GET /administrator/index.php HTTP/1.1" 404 14 "http://py4seo.com/administrator/" "Mozilla/5.0 (Windows NT 6.0; rv:34.0) Gecko/20100101 Firefox/34.0"
50.203.239.27 - - [13/Jun/2018:10:43:13 -0400] "\x05\x01\x00" 400 182 "-" "-"
50.203.239.17 - - [13/Jun/2018:10:44:10 -0400] "\x05\x01\x00" 400 182 "-" "-"
192.168.31.1 - - [13/Jun/2018:10:45:38 -0400] "GET /working?key=asjdhasod9asd9as8d9asdhaidnoklvm HTTP/1.1" 200 678026 "-" "python-requests/2.18.4"
109.252.23.105 - - [13/Jun/2018:10:47:34 -0400] "GET /wp-login.php HTTP/1.1" 404 14 "-" "Mozilla/5.0 (Windows NT 6.0; rv:34.0) Gecko/20100101 Firefox/34.0"
109.252.23.105 - - [13/Jun/2018:10:47:34 -0400] "GET /wp-admin/ HTTP/1.1" 404 14 "http://py4seo.com/wp-login.php" "Mozilla/5.0 (Windows NT 6.0; rv:34.0) Gecko/20100101 Firefox/34.0"
50.203.239.25 - - [13/Jun/2018:10:48:55 -0400] "\x05\x01\x00" 400 182 "-" "-"
109.252.23.105 - - [13/Jun/2018:10:49:18 -0400] "GET /admin.php HTTP/1.1" 404 14 "-" "Mozilla/5.0 (Windows NT 6.0; rv:34.0) Gecko/20100101 Firefox/34.0"
5.198.93.74 - - [13/Jun/2018:10:49:33 -0400] "GET / HTTP/1.0" 200 2519 "-" "-"
109.252.23.105 - - [13/Jun/2018:10:50:38 -0400] "GET /admin HTTP/1.1" 404 14 "-" "Mozilla/5.0 (Windows NT 6.0; rv:34.0) Gecko/20100101 Firefox/34.0"
192.168.31.1 - - [13/Jun/2018:10:50:40 -0400] "GET /working?key=asjdhasod9asd9as8d9asdhaidnoklvm HTTP/1.1" 200 708006 "-" "python-requests/2.18.4"
192.168.31.1 - - [13/Jun/2018:10:55:41 -0400] "GET /working?key=asjdhasod9asd9as8d9asdhaidnoklvm HTTP/1.1" 200 724470 "-" "python-requests/2.18.4"
146.88.205.230 - - [13/Jun/2018:10:56:43 -0400] "GET / HTTP/1.1" 200 2519 "-" "Mozilla/5.0 (Macintosh; Intel Mac OS X 10_11_6) AppleWebKit/601.7.7 (KHTML, like Gecko) Version/9.1.2 Safari/601.7.7"
58.151.175.114 - - [13/Jun/2018:10:59:06 -0400] "GET / HTTP/1.0" 200 2519 "-" "-"
192.168.31.1 - - [13/Jun/2018:11:00:42 -0400] "GET /working?key=asjdhasod9asd9as8d9asdhaidnoklvm HTTP/1.1" 200 753963 "-" "python-requests/2.18.4"
89.111.96.5 - - [13/Jun/2018:11:01:28 -0400] "GET / HTTP/1.1" 200 2519 "-" "Mozilla/5.0 (Windows NT 6.1; WOW64) AppleWebKit/537.36 (KHTML, like Gecko) Chrome/51.0.2704.103 Safari/537.36"
50.203.239.23 - - [13/Jun/2018:11:02:47 -0400] "\x05\x01\x00" 400 182 "-" "-"
192.168.31.1 - - [13/Jun/2018:11:05:43 -0400] "GET /working?key=asjdhasod9asd9as8d9asdhaidnoklvm HTTP/1.1" 200 777672 "-" "python-requests/2.18.4"
192.168.31.1 - - [13/Jun/2018:11:10:44 -0400] "GET /working?key=asjdhasod9asd9as8d9asdhaidnoklvm HTTP/1.1" 200 793134 "-" "python-requests/2.18.4"
77.223.86.156 - - [13/Jun/2018:11:11:03 -0400] "GET / HTTP/1.0" 200 2519 "-" "-"
192.168.31.1 - - [13/Jun/2018:11:15:45 -0400] "GET /working?key=asjdhasod9asd9as8d9asdhaidnoklvm HTTP/1.1" 200 806060 "-" "python-requests/2.18.4"
72.250.228.68 - - [13/Jun/2018:11:18:25 -0400] "GET / HTTP/1.0" 200 2519 "-" "-"
72.250.228.68 - - [13/Jun/2018:11:18:26 -0400] "GET / HTTP/1.0" 200 2519 "-" "-"
50.203.239.30 - - [13/Jun/2018:11:18:58 -0400] "\x05\x01\x00" 400 182 "-" "-"
176.197.78.250 - - [13/Jun/2018:11:20:13 -0400] "GET /administrator/ HTTP/1.1" 404 14 "-" "Mozilla/5.0 (Windows NT 6.0; rv:34.0) Gecko/20100101 Firefox/34.0"
176.197.78.250 - - [13/Jun/2018:11:20:13 -0400] "GET /administrator/index.php HTTP/1.1" 404 14 "http://py4seo.com/administrator/" "Mozilla/5.0 (Windows NT 6.0; rv:34.0) Gecko/20100101 Firefox/34.0"
192.168.31.1 - - [13/Jun/2018:11:20:47 -0400] "GET /working?key=asjdhasod9asd9as8d9asdhaidnoklvm HTTP/1.1" 200 828339 "-" "python-requests/2.18.4"
5.17.177.198 - - [13/Jun/2018:11:22:31 -0400] "GET / HTTP/1.0" 200 2519 "-" "-"
151.237.103.12 - - [13/Jun/2018:11:23:32 -0400] "GET / HTTP/1.0" 499 0 "-" "-"
50.203.239.24 - - [13/Jun/2018:11:25:43 -0400] "\x05\x01\x00" 400 182 "-" "-"
192.168.31.1 - - [13/Jun/2018:11:25:47 -0400] "GET /working?key=asjdhasod9asd9as8d9asdhaidnoklvm HTTP/1.1" 200 1492 "-" "python-requests/2.18.4"
50.203.239.31 - - [13/Jun/2018:11:25:49 -0400] "\x05\x01\x00" 400 182 "-" "-"
192.168.31.1 - - [13/Jun/2018:11:25:52 -0400] "GET /working?key=asjdhasod9asd9as8d9asdhaidnoklvm HTTP/1.1" 200 1963 "-" "python-requests/2.18.4"
192.168.31.1 - - [13/Jun/2018:11:25:57 -0400] "GET /working?key=asjdhasod9asd9as8d9asdhaidnoklvm HTTP/1.1" 200 2610 "-" "python-requests/2.18.4"
123.20.88.42 - - [13/Jun/2018:11:26:08 -0400] "GET / HTTP/1.0" 200 2519 "-" "-"
68.185.57.66 - - [13/Jun/2018:11:26:14 -0400] "\x05\x01\x00" 400 182 "-" "-"
50.203.239.29 - - [13/Jun/2018:11:26:15 -0400] "\x05\x01\x00" 400 182 "-" "-"
50.203.239.23 - - [13/Jun/2018:11:26:15 -0400] "\x05\x01\x00" 400 182 "-" "-"
93.190.253.50 - - [13/Jun/2018:11:26:44 -0400] "\x05\x01\x00" 400 182 "-" "-"
50.203.239.27 - - [13/Jun/2018:11:26:49 -0400] "\x05\x01\x00" 400 182 "-" "-"
50.203.239.25 - - [13/Jun/2018:11:26:51 -0400] "\x05\x01\x00" 400 182 "-" "-"
85.26.146.169 - - [13/Jun/2018:11:27:06 -0400] "\x05\x01\x00" 400 182 "-" "-"
50.203.239.28 - - [13/Jun/2018:11:27:08 -0400] "\x05\x01\x00" 400 182 "-" "-"
50.234.147.30 - - [13/Jun/2018:11:27:25 -0400] "\x05\x01\x00" 400 182 "-" "-"
71.13.131.142 - - [13/Jun/2018:11:27:26 -0400] "\x05\x01\x00" 400 182 "-" "-"
50.203.239.22 - - [13/Jun/2018:11:28:04 -0400] "\x05\x01\x00" 400 182 "-" "-"
50.203.239.17 - - [13/Jun/2018:11:28:20 -0400] "\x05\x01\x00" 400 182 "-" "-"
50.203.239.19 - - [13/Jun/2018:11:28:25 -0400] "\x05\x01\x00" 400 182 "-" "-"
176.197.78.250 - - [13/Jun/2018:11:28:41 -0400] "GET /wp-login.php HTTP/1.1" 404 14 "-" "Mozilla/5.0 (Windows NT 6.0; rv:34.0) Gecko/20100101 Firefox/34.0"
176.197.78.250 - - [13/Jun/2018:11:28:41 -0400] "GET /wp-admin/ HTTP/1.1" 404 14 "http://py4seo.com/wp-login.php" "Mozilla/5.0 (Windows NT 6.0; rv:34.0) Gecko/20100101 Firefox/34.0"
50.203.239.30 - - [13/Jun/2018:11:28:47 -0400] "\x05\x01\x00" 400 182 "-" "-"
50.203.239.26 - - [13/Jun/2018:11:28:53 -0400] "\x05\x01\x00" 400 182 "-" "-"
77.73.241.154 - - [13/Jun/2018:11:29:03 -0400] "\x05\x01\x00" 400 182 "-" "-"
50.203.239.16 - - [13/Jun/2018:11:29:33 -0400] "\x05\x01\x00" 400 182 "-" "-"
50.203.239.20 - - [13/Jun/2018:11:29:39 -0400] "\x05\x01\x00" 400 182 "-" "-"
50.203.239.21 - - [13/Jun/2018:11:29:47 -0400] "\x05\x01\x00" 400 182 "-" "-"
192.168.31.1 - - [13/Jun/2018:11:30:58 -0400] "GET /working?key=asjdhasod9asd9as8d9asdhaidnoklvm HTTP/1.1" 200 68019 "-" "python-requests/2.18.4"
50.234.147.30 - - [13/Jun/2018:11:31:15 -0400] "\x05\x01\x00" 400 182 "-" "-"
176.197.78.250 - - [13/Jun/2018:11:31:19 -0400] "GET /admin.php HTTP/1.1" 404 14 "-" "Mozilla/5.0 (Windows NT 6.0; rv:34.0) Gecko/20100101 Firefox/34.0"
176.197.78.250 - - [13/Jun/2018:11:32:10 -0400] "GET /admin HTTP/1.1" 404 14 "-" "Mozilla/5.0 (Windows NT 6.0; rv:34.0) Gecko/20100101 Firefox/34.0"
68.188.59.198 - - [13/Jun/2018:11:35:45 -0400] "\x05\x01\x00" 400 182 "-" "-"
192.168.31.1 - - [13/Jun/2018:11:35:58 -0400] "GET /working?key=asjdhasod9asd9as8d9asdhaidnoklvm HTTP/1.1" 200 83993 "-" "python-requests/2.18.4"
183.81.57.26 - - [13/Jun/2018:11:36:31 -0400] "GET / HTTP/1.0" 200 2519 "-" "-"
173.252.124.202 - - [13/Jun/2018:11:36:39 -0400] "GET /static/images/bg-img/main-bg-img1.png HTTP/1.1" 200 273933 "-" "facebookexternalhit/1.1 (+http://www.facebook.com/externalhit_uatext.php)"
31.173.165.154 - - [13/Jun/2018:11:37:32 -0400] "GET / HTTP/1.0" 200 2519 "-" "-"
188.190.228.249 - - [13/Jun/2018:11:38:57 -0400] "GET /robots.txt HTTP/1.1" 200 23 "-" "Mozilla/5.0 (Windows NT 10.0; Win64; x64) AppleWebKit/537.36 (KHTML, like Gecko) Chrome/67.0.3396.87 Safari/537.36"
188.190.228.249 - - [13/Jun/2018:11:38:57 -0400] "GET / HTTP/1.1" 200 3355 "-" "Mozilla/5.0 (Windows NT 10.0; Win64; x64) AppleWebKit/537.36 (KHTML, like Gecko) Chrome/67.0.3396.87 Safari/537.36"
188.190.228.249 - - [13/Jun/2018:11:38:57 -0400] "GET /static/css/font-awesome.min.css HTTP/1.1" 200 26631 "http://seoshnik.top/" "Mozilla/5.0 (Windows NT 10.0; Win64; x64) AppleWebKit/537.36 (KHTML, like Gecko) Chrome/67.0.3396.87 Safari/537.36"
188.190.228.249 - - [13/Jun/2018:11:38:57 -0400] "GET /static/img/logo-min.png HTTP/1.1" 200 7091 "http://seoshnik.top/" "Mozilla/5.0 (Windows NT 10.0; Win64; x64) AppleWebKit/537.36 (KHTML, like Gecko) Chrome/67.0.3396.87 Safari/537.36"
188.190.228.249 - - [13/Jun/2018:11:38:58 -0400] "GET /static/css/style.css HTTP/1.1" 200 73297 "http://seoshnik.top/" "Mozilla/5.0 (Windows NT 10.0; Win64; x64) AppleWebKit/537.36 (KHTML, like Gecko) Chrome/67.0.3396.87 Safari/537.36"
188.190.228.249 - - [13/Jun/2018:11:38:58 -0400] "GET /media/images/ustoichivoe-postroenie-ssylok-uvelichenie-vashikh-shansov.png.715x715_q85_crop.jpg HTTP/1.1" 200 74644 "http://seoshnik.top/" "Mozilla/5.0 (Windows NT 10.0; Win64; x64) AppleWebKit/537.36 (KHTML, like Gecko) Chrome/67.0.3396.87 Safari/537.36"
188.190.228.249 - - [13/Jun/2018:11:38:58 -0400] "GET /static/js/site.js HTTP/1.1" 200 5649 "http://seoshnik.top/" "Mozilla/5.0 (Windows NT 10.0; Win64; x64) AppleWebKit/537.36 (KHTML, like Gecko) Chrome/67.0.3396.87 Safari/537.36"
188.190.228.249 - - [13/Jun/2018:11:38:58 -0400] "GET /media/images/plan-bota-vash-putevoditel-po-razgovoram.png.434x434_q85_crop.jpg HTTP/1.1" 200 22104 "http://seoshnik.top/" "Mozilla/5.0 (Windows NT 10.0; Win64; x64) AppleWebKit/537.36 (KHTML, like Gecko) Chrome/67.0.3396.87 Safari/537.36"
188.190.228.249 - - [13/Jun/2018:11:38:58 -0400] "GET /media/images/kak-mobile-first-indexing-razrushaet-link.png.434x434_q85_crop.jpg HTTP/1.1" 200 27527 "http://seoshnik.top/" "Mozilla/5.0 (Windows NT 10.0; Win64; x64) AppleWebKit/537.36 (KHTML, like Gecko) Chrome/67.0.3396.87 Safari/537.36"
188.190.228.249 - - [13/Jun/2018:11:38:58 -0400] "GET /media/images/google-podtverzhdaet-dannye-ob-ispolzovanii-chrome.png.434x434_q85_crop.jpg HTTP/1.1" 200 22864 "http://seoshnik.top/" "Mozilla/5.0 (Windows NT 10.0; Win64; x64) AppleWebKit/537.36 (KHTML, like Gecko) Chrome/67.0.3396.87 Safari/537.36"
188.190.228.249 - - [13/Jun/2018:11:38:58 -0400] "GET /media/images/khotite-pogovorit-v-mozcon-2018-vot.png.434x434_q85_crop.jpg HTTP/1.1" 200 32584 "http://seoshnik.top/" "Mozilla/5.0 (Windows NT 10.0; Win64; x64) AppleWebKit/537.36 (KHTML, like Gecko) Chrome/67.0.3396.87 Safari/537.36"
188.190.228.249 - - [13/Jun/2018:11:38:58 -0400] "GET /static/js/jquery.min.js HTTP/1.1" 200 95785 "http://seoshnik.top/" "Mozilla/5.0 (Windows NT 10.0; Win64; x64) AppleWebKit/537.36 (KHTML, like Gecko) Chrome/67.0.3396.87 Safari/537.36"
188.190.228.249 - - [13/Jun/2018:11:38:58 -0400] "GET /media/images/kontrolnyi-spisok-zapuska-produkta-pro-marketer.png.434x434_q85_crop.jpg HTTP/1.1" 200 36097 "http://seoshnik.top/" "Mozilla/5.0 (Windows NT 10.0; Win64; x64) AppleWebKit/537.36 (KHTML, like Gecko) Chrome/67.0.3396.87 Safari/537.36"
188.190.228.249 - - [13/Jun/2018:11:38:58 -0400] "GET /media/images/kak-sdelat-effektivnye-vysokokachestvennye-marketingovye-otchety.png.434x434_q85_crop.png HTTP/1.1" 200 55365 "http://seoshnik.top/" "Mozilla/5.0 (Windows NT 10.0; Win64; x64) AppleWebKit/537.36 (KHTML, like Gecko) Chrome/67.0.3396.87 Safari/537.36"
188.190.228.249 - - [13/Jun/2018:11:38:58 -0400] "GET /static/fonts/fontawesome-webfont.woff2 HTTP/1.1" 200 64464 "http://seoshnik.top/static/css/font-awesome.min.css" "Mozilla/5.0 (Windows NT 10.0; Win64; x64) AppleWebKit/537.36 (KHTML, like Gecko) Chrome/67.0.3396.87 Safari/537.36"
188.190.228.249 - - [13/Jun/2018:11:38:59 -0400] "GET /static/favicon.ico HTTP/1.1" 200 932 "http://seoshnik.top/" "Mozilla/5.0 (Windows NT 10.0; Win64; x64) AppleWebKit/537.36 (KHTML, like Gecko) Chrome/67.0.3396.87 Safari/537.36"
188.190.228.249 - - [13/Jun/2018:11:39:03 -0400] "GET /page/contacts HTTP/1.1" 200 1967 "http://seoshnik.top/" "Mozilla/5.0 (Windows NT 10.0; Win64; x64) AppleWebKit/537.36 (KHTML, like Gecko) Chrome/67.0.3396.87 Safari/537.36"
188.190.228.249 - - [13/Jun/2018:11:39:06 -0400] "GET / HTTP/1.1" 200 3355 "http://seoshnik.top/page/contacts" "Mozilla/5.0 (Windows NT 10.0; Win64; x64) AppleWebKit/537.36 (KHTML, like Gecko) Chrome/67.0.3396.87 Safari/537.36"
188.190.228.249 - - [13/Jun/2018:11:39:19 -0400] "GET /page/about HTTP/1.1" 200 2786 "http://seoshnik.top/" "Mozilla/5.0 (Windows NT 10.0; Win64; x64) AppleWebKit/537.36 (KHTML, like Gecko) Chrome/67.0.3396.87 Safari/537.36"
188.190.228.249 - - [13/Jun/2018:11:39:20 -0400] "GET /media/uploads/2018-04-13/my-ava-0.png HTTP/1.1" 200 722657 "http://seoshnik.top/page/about" "Mozilla/5.0 (Windows NT 10.0; Win64; x64) AppleWebKit/537.36 (KHTML, like Gecko) Chrome/67.0.3396.87 Safari/537.36"
188.190.228.249 - - [13/Jun/2018:11:39:35 -0400] "GET /category/seomoz HTTP/1.1" 200 6514 "http://seoshnik.top/page/about" "Mozilla/5.0 (Windows NT 10.0; Win64; x64) AppleWebKit/537.36 (KHTML, like Gecko) Chrome/67.0.3396.87 Safari/537.36"
188.190.228.249 - - [13/Jun/2018:11:39:35 -0400] "GET /media/images/ustoichivoe-postroenie-ssylok-uvelichenie-vashikh-shansov.png.434x434_q85_crop.jpg HTTP/1.1" 200 32375 "http://seoshnik.top/category/seomoz" "Mozilla/5.0 (Windows NT 10.0; Win64; x64) AppleWebKit/537.36 (KHTML, like Gecko) Chrome/67.0.3396.87 Safari/537.36"
188.190.228.249 - - [13/Jun/2018:11:39:35 -0400] "GET /media/images/mozcon-2018-pervonachalnaia-agenda.png.434x434_q85_crop.jpg HTTP/1.1" 200 29839 "http://seoshnik.top/category/seomoz" "Mozilla/5.0 (Windows NT 10.0; Win64; x64) AppleWebKit/537.36 (KHTML, like Gecko) Chrome/67.0.3396.87 Safari/537.36"
188.190.228.249 - - [13/Jun/2018:11:39:35 -0400] "GET /media/images/kak-nastroit-tselevye-vozmozhnosti-fragmenta-doska.png.434x434_q85_crop.jpg HTTP/1.1" 200 49427 "http://seoshnik.top/category/seomoz" "Mozilla/5.0 (Windows NT 10.0; Win64; x64) AppleWebKit/537.36 (KHTML, like Gecko) Chrome/67.0.3396.87 Safari/537.36"
188.190.228.249 - - [13/Jun/2018:11:39:35 -0400] "GET /media/images/prosto-kak-mnogo-stoit-vash-sait.png.434x434_q85_crop.png HTTP/1.1" 200 53159 "http://seoshnik.top/category/seomoz" "Mozilla/5.0 (Windows NT 10.0; Win64; x64) AppleWebKit/537.36 (KHTML, like Gecko) Chrome/67.0.3396.87 Safari/537.36"
188.190.228.249 - - [13/Jun/2018:11:39:35 -0400] "GET /media/images/rukovodstvo-po-marketingu-mestnykh-sponsorov-2018.png.434x434_q85_crop.png HTTP/1.1" 200 70639 "http://seoshnik.top/category/seomoz" "Mozilla/5.0 (Windows NT 10.0; Win64; x64) AppleWebKit/537.36 (KHTML, like Gecko) Chrome/67.0.3396.87 Safari/537.36"
188.190.228.249 - - [13/Jun/2018:11:39:35 -0400] "GET /media/images/kampaniia-vozvrashchaetsia-chto-delat-kogda-kontent.png.434x434_q85_crop.jpg HTTP/1.1" 200 37478 "http://seoshnik.top/category/seomoz" "Mozilla/5.0 (Windows NT 10.0; Win64; x64) AppleWebKit/537.36 (KHTML, like Gecko) Chrome/67.0.3396.87 Safari/537.36"
188.190.228.249 - - [13/Jun/2018:11:39:35 -0400] "GET /media/images/kak-uvelichit-kolichestvo-zakazov-i-konversii.png.434x434_q85_crop.jpg HTTP/1.1" 200 40661 "http://seoshnik.top/category/seomoz" "Mozilla/5.0 (Windows NT 10.0; Win64; x64) AppleWebKit/537.36 (KHTML, like Gecko) Chrome/67.0.3396.87 Safari/537.36"
188.190.228.249 - - [13/Jun/2018:11:39:36 -0400] "GET /media/images/gde-clickbait-linkbait-i-viral-content.png.434x434_q85_crop.jpg HTTP/1.1" 200 35823 "http://seoshnik.top/category/seomoz" "Mozilla/5.0 (Windows NT 10.0; Win64; x64) AppleWebKit/537.36 (KHTML, like Gecko) Chrome/67.0.3396.87 Safari/537.36"
188.190.228.249 - - [13/Jun/2018:11:39:36 -0400] "GET /media/images/predstavlenie-vashikh-rezultatov-kak-sozdavat-relevantnye.png.434x434_q85_crop.png HTTP/1.1" 200 80772 "http://seoshnik.top/category/seomoz" "Mozilla/5.0 (Windows NT 10.0; Win64; x64) AppleWebKit/537.36 (KHTML, like Gecko) Chrome/67.0.3396.87 Safari/537.36"
188.190.228.249 - - [13/Jun/2018:11:39:36 -0400] "GET /media/images/rezultaty-poiska-nulevogo-rezultata-dobro-pozhalovat.png.434x434_q85_crop.jpg HTTP/1.1" 200 9207 "http://seoshnik.top/category/seomoz" "Mozilla/5.0 (Windows NT 10.0; Win64; x64) AppleWebKit/537.36 (KHTML, like Gecko) Chrome/67.0.3396.87 Safari/537.36"
188.190.228.249 - - [13/Jun/2018:11:39:36 -0400] "GET /media/images/obkhod-problemy-odnoi-formy-v-nbspunbounce.png.434x434_q85_crop.jpg HTTP/1.1" 200 19871 "http://seoshnik.top/category/seomoz" "Mozilla/5.0 (Windows NT 10.0; Win64; x64) AppleWebKit/537.36 (KHTML, like Gecko) Chrome/67.0.3396.87 Safari/537.36"
188.190.228.249 - - [13/Jun/2018:11:39:36 -0400] "GET /media/images/8-obshchikh-oshibok-saita-vyiavlennykh-cherez.png.434x434_q85_crop.jpg HTTP/1.1" 200 30458 "http://seoshnik.top/category/seomoz" "Mozilla/5.0 (Windows NT 10.0; Win64; x64) AppleWebKit/537.36 (KHTML, like Gecko) Chrome/67.0.3396.87 Safari/537.36"
188.190.228.249 - - [13/Jun/2018:11:39:36 -0400] "GET /media/images/modnyi-god-v-obzore-nbsp2017.png.434x434_q85_crop.jpg HTTP/1.1" 200 36972 "http://seoshnik.top/category/seomoz" "Mozilla/5.0 (Windows NT 10.0; Win64; x64) AppleWebKit/537.36 (KHTML, like Gecko) Chrome/67.0.3396.87 Safari/537.36"
188.190.228.249 - - [13/Jun/2018:11:39:36 -0400] "GET /media/images/kak-otkryt-izbrannye-vozmozhnosti-fragmenta-doska.png.434x434_q85_crop.jpg HTTP/1.1" 200 50881 "http://seoshnik.top/category/seomoz" "Mozilla/5.0 (Windows NT 10.0; Win64; x64) AppleWebKit/537.36 (KHTML, like Gecko) Chrome/67.0.3396.87 Safari/537.36"
188.190.228.249 - - [13/Jun/2018:11:39:36 -0400] "GET /media/images/snizhenie-organicheskogo-trafika-kak-soobshchit-iavliaetsia.png.434x434_q85_crop.png HTTP/1.1" 200 47790 "http://seoshnik.top/category/seomoz" "Mozilla/5.0 (Windows NT 10.0; Win64; x64) AppleWebKit/537.36 (KHTML, like Gecko) Chrome/67.0.3396.87 Safari/537.36"
188.190.228.249 - - [13/Jun/2018:11:39:36 -0400] "GET /media/images/oshibka-no-1-platnye-obiavleniia-po.png.434x434_q85_crop.jpg HTTP/1.1" 200 24079 "http://seoshnik.top/category/seomoz" "Mozilla/5.0 (Windows NT 10.0; Win64; x64) AppleWebKit/537.36 (KHTML, like Gecko) Chrome/67.0.3396.87 Safari/537.36"
188.190.228.249 - - [13/Jun/2018:11:39:36 -0400] "GET /media/images/kak-diagnostirovat-trafik-trafika-seo-11.png.434x434_q85_crop.jpg HTTP/1.1" 200 14674 "http://seoshnik.top/category/seomoz" "Mozilla/5.0 (Windows NT 10.0; Win64; x64) AppleWebKit/537.36 (KHTML, like Gecko) Chrome/67.0.3396.87 Safari/537.36"
188.190.228.249 - - [13/Jun/2018:11:39:36 -0400] "GET /media/images/ulichnyi-sad-google-nas-vytesniaiut-iz.png.434x434_q85_crop.jpg HTTP/1.1" 200 18390 "http://seoshnik.top/category/seomoz" "Mozilla/5.0 (Windows NT 10.0; Win64; x64) AppleWebKit/537.36 (KHTML, like Gecko) Chrome/67.0.3396.87 Safari/537.36"
188.190.228.249 - - [13/Jun/2018:11:39:36 -0400] "GET /media/images/mozcon-2018-sozdanie-dela-dlia-konferentsii.png.434x434_q85_crop.jpg HTTP/1.1" 200 35100 "http://seoshnik.top/category/seomoz" "Mozilla/5.0 (Windows NT 10.0; Win64; x64) AppleWebKit/537.36 (KHTML, like Gecko) Chrome/67.0.3396.87 Safari/537.36"
188.190.228.249 - - [13/Jun/2018:11:39:36 -0400] "GET /media/images/kak-i-nezavisimo-ot-togo-investirovat.png.434x434_q85_crop.jpg HTTP/1.1" 200 37330 "http://seoshnik.top/category/seomoz" "Mozilla/5.0 (Windows NT 10.0; Win64; x64) AppleWebKit/537.36 (KHTML, like Gecko) Chrome/67.0.3396.87 Safari/537.36"
188.190.228.249 - - [13/Jun/2018:11:39:36 -0400] "GET /media/images/kak-borotsia-s-poddelnymi-negativnymi-otzyvami.png.434x434_q85_crop.jpg HTTP/1.1" 200 28997 "http://seoshnik.top/category/seomoz" "Mozilla/5.0 (Windows NT 10.0; Win64; x64) AppleWebKit/537.36 (KHTML, like Gecko) Chrome/67.0.3396.87 Safari/537.36"
188.190.228.249 - - [13/Jun/2018:11:39:36 -0400] "GET /media/images/rukovodstvo-po-migratsii-veb-saita-strategiia.png.434x434_q85_crop.png HTTP/1.1" 200 123112 "http://seoshnik.top/category/seomoz" "Mozilla/5.0 (Windows NT 10.0; Win64; x64) AppleWebKit/537.36 (KHTML, like Gecko) Chrome/67.0.3396.87 Safari/537.36"
188.190.228.249 - - [13/Jun/2018:11:39:36 -0400] "GET /media/images/poshagovoe-rukovodstvo-po-nastroike-i-rostu.png.434x434_q85_crop.png HTTP/1.1" 200 210889 "http://seoshnik.top/category/seomoz" "Mozilla/5.0 (Windows NT 10.0; Win64; x64) AppleWebKit/537.36 (KHTML, like Gecko) Chrome/67.0.3396.87 Safari/537.36"
188.190.228.249 - - [13/Jun/2018:11:39:36 -0400] "GET /media/images/faktor-ranzhirovaniia-google-kotoryi-vy-mozhete.png.434x434_q85_crop.png HTTP/1.1" 200 115855 "http://seoshnik.top/category/seomoz" "Mozilla/5.0 (Windows NT 10.0; Win64; x64) AppleWebKit/537.36 (KHTML, like Gecko) Chrome/67.0.3396.87 Safari/537.36"
188.190.228.249 - - [13/Jun/2018:11:39:40 -0400] "GET /ustoichivoe-postroenie-ssylok-uvelichenie-vashikh-shansov-na-poluchenie-ssylok-whiteboard-nbspfriday HTTP/1.1" 200 11628 "http://seoshnik.top/category/seomoz" "Mozilla/5.0 (Windows NT 10.0; Win64; x64) AppleWebKit/537.36 (KHTML, like Gecko) Chrome/67.0.3396.87 Safari/537.36"
188.190.228.249 - - [13/Jun/2018:11:39:41 -0400] "GET /media/images/5acf9e2fe6ee71.49569665.jpg HTTP/1.1" 200 198748 "http://seoshnik.top/ustoichivoe-postroenie-ssylok-uvelichenie-vashikh-shansov-na-poluchenie-ssylok-whiteboard-nbspfriday" "Mozilla/5.0 (Windows NT 10.0; Win64; x64) AppleWebKit/537.36 (KHTML, like Gecko) Chrome/67.0.3396.87 Safari/537.36"
188.190.228.249 - - [13/Jun/2018:11:39:41 -0400] "GET /static/js/owl.carousel.min.js HTTP/1.1" 200 40401 "http://seoshnik.top/ustoichivoe-postroenie-ssylok-uvelichenie-vashikh-shansov-na-poluchenie-ssylok-whiteboard-nbspfriday" "Mozilla/5.0 (Windows NT 10.0; Win64; x64) AppleWebKit/537.36 (KHTML, like Gecko) Chrome/67.0.3396.87 Safari/537.36"
188.190.228.249 - - [13/Jun/2018:11:39:41 -0400] "GET /media/images/1-92755.jpg HTTP/1.1" 200 17466 "http://seoshnik.top/ustoichivoe-postroenie-ssylok-uvelichenie-vashikh-shansov-na-poluchenie-ssylok-whiteboard-nbspfriday" "Mozilla/5.0 (Windows NT 10.0; Win64; x64) AppleWebKit/537.36 (KHTML, like Gecko) Chrome/67.0.3396.87 Safari/537.36"
188.190.228.249 - - [13/Jun/2018:11:39:41 -0400] "GET /media/images/4-48708.jpg HTTP/1.1" 200 7187 "http://seoshnik.top/ustoichivoe-postroenie-ssylok-uvelichenie-vashikh-shansov-na-poluchenie-ssylok-whiteboard-nbspfriday" "Mozilla/5.0 (Windows NT 10.0; Win64; x64) AppleWebKit/537.36 (KHTML, like Gecko) Chrome/67.0.3396.87 Safari/537.36"
188.190.228.249 - - [13/Jun/2018:11:39:41 -0400] "GET /media/images/3-45332.jpg HTTP/1.1" 200 7630 "http://seoshnik.top/ustoichivoe-postroenie-ssylok-uvelichenie-vashikh-shansov-na-poluchenie-ssylok-whiteboard-nbspfriday" "Mozilla/5.0 (Windows NT 10.0; Win64; x64) AppleWebKit/537.36 (KHTML, like Gecko) Chrome/67.0.3396.87 Safari/537.36"
188.190.228.249 - - [13/Jun/2018:11:39:41 -0400] "GET /media/images/2-58848.jpg HTTP/1.1" 200 9786 "http://seoshnik.top/ustoichivoe-postroenie-ssylok-uvelichenie-vashikh-shansov-na-poluchenie-ssylok-whiteboard-nbspfriday" "Mozilla/5.0 (Windows NT 10.0; Win64; x64) AppleWebKit/537.36 (KHTML, like Gecko) Chrome/67.0.3396.87 Safari/537.36"
188.190.228.249 - - [13/Jun/2018:11:39:53 -0400] "GET / HTTP/1.1" 200 2089 "http://seoshnik.top/ustoichivoe-postroenie-ssylok-uvelichenie-vashikh-shansov-na-poluchenie-ssylok-whiteboard-nbspfriday" "Mozilla/5.0 (Windows NT 10.0; Win64; x64) AppleWebKit/537.36 (KHTML, like Gecko) Chrome/67.0.3396.87 Safari/537.36"
188.190.228.249 - - [13/Jun/2018:11:39:53 -0400] "GET /robots.txt HTTP/1.1" 404 14 "-" "Mozilla/5.0 (Windows NT 10.0; Win64; x64) AppleWebKit/537.36 (KHTML, like Gecko) Chrome/67.0.3396.87 Safari/537.36"
188.190.228.249 - - [13/Jun/2018:11:39:53 -0400] "GET /static/css/sticky-footer.css HTTP/1.1" 200 619 "http://trans.seoshnik.top/" "Mozilla/5.0 (Windows NT 10.0; Win64; x64) AppleWebKit/537.36 (KHTML, like Gecko) Chrome/67.0.3396.87 Safari/537.36"
188.190.228.249 - - [13/Jun/2018:11:39:53 -0400] "GET /static/css/bootstrap.min.css HTTP/1.1" 200 121260 "http://trans.seoshnik.top/" "Mozilla/5.0 (Windows NT 10.0; Win64; x64) AppleWebKit/537.36 (KHTML, like Gecko) Chrome/67.0.3396.87 Safari/537.36"
188.190.228.249 - - [13/Jun/2018:11:39:53 -0400] "GET /robots.txt HTTP/1.1" 404 14 "-" "Mozilla/5.0 (Windows NT 10.0; Win64; x64) AppleWebKit/537.36 (KHTML, like Gecko) Chrome/67.0.3396.87 Safari/537.36"
188.190.228.249 - - [13/Jun/2018:11:39:53 -0400] "GET /favicon.ico HTTP/1.1" 404 14 "http://trans.seoshnik.top/" "Mozilla/5.0 (Windows NT 10.0; Win64; x64) AppleWebKit/537.36 (KHTML, like Gecko) Chrome/67.0.3396.87 Safari/537.36"
188.190.228.249 - - [13/Jun/2018:11:39:59 -0400] "GET / HTTP/1.1" 200 1316 "http://seoshnik.top/ustoichivoe-postroenie-ssylok-uvelichenie-vashikh-shansov-na-poluchenie-ssylok-whiteboard-nbspfriday" "Mozilla/5.0 (Windows NT 10.0; Win64; x64) AppleWebKit/537.36 (KHTML, like Gecko) Chrome/67.0.3396.87 Safari/537.36"
188.190.228.249 - - [13/Jun/2018:11:39:59 -0400] "GET /robots.txt HTTP/1.1" 404 14 "-" "Mozilla/5.0 (Windows NT 10.0; Win64; x64) AppleWebKit/537.36 (KHTML, like Gecko) Chrome/67.0.3396.87 Safari/537.36"
188.190.228.249 - - [13/Jun/2018:11:39:59 -0400] "GET /static/css/sticky-footer.css HTTP/1.1" 200 619 "http://uniq.seoshnik.top/" "Mozilla/5.0 (Windows NT 10.0; Win64; x64) AppleWebKit/537.36 (KHTML, like Gecko) Chrome/67.0.3396.87 Safari/537.36"
188.190.228.249 - - [13/Jun/2018:11:39:59 -0400] "GET /static/css/bootstrap.min.css HTTP/1.1" 200 121260 "http://uniq.seoshnik.top/" "Mozilla/5.0 (Windows NT 10.0; Win64; x64) AppleWebKit/537.36 (KHTML, like Gecko) Chrome/67.0.3396.87 Safari/537.36"
188.190.228.249 - - [13/Jun/2018:11:39:59 -0400] "GET /robots.txt HTTP/1.1" 404 14 "-" "Mozilla/5.0 (Windows NT 10.0; Win64; x64) AppleWebKit/537.36 (KHTML, like Gecko) Chrome/67.0.3396.87 Safari/537.36"
188.190.228.249 - - [13/Jun/2018:11:39:59 -0400] "GET /favicon.ico HTTP/1.1" 404 14 "http://uniq.seoshnik.top/" "Mozilla/5.0 (Windows NT 10.0; Win64; x64) AppleWebKit/537.36 (KHTML, like Gecko) Chrome/67.0.3396.87 Safari/537.36"
188.190.228.249 - - [13/Jun/2018:11:40:13 -0400] "GET / HTTP/1.1" 200 4726 "http://seoshnik.top/ustoichivoe-postroenie-ssylok-uvelichenie-vashikh-shansov-na-poluchenie-ssylok-whiteboard-nbspfriday" "Mozilla/5.0 (Windows NT 10.0; Win64; x64) AppleWebKit/537.36 (KHTML, like Gecko) Chrome/67.0.3396.87 Safari/537.36"
188.190.228.249 - - [13/Jun/2018:11:40:13 -0400] "GET /robots.txt HTTP/1.1" 404 14 "-" "Mozilla/5.0 (Windows NT 10.0; Win64; x64) AppleWebKit/537.36 (KHTML, like Gecko) Chrome/67.0.3396.87 Safari/537.36"
188.190.228.249 - - [13/Jun/2018:11:40:13 -0400] "GET /static/css/sticky-footer.css HTTP/1.1" 200 550 "http://mega.seoshnik.top/" "Mozilla/5.0 (Windows NT 10.0; Win64; x64) AppleWebKit/537.36 (KHTML, like Gecko) Chrome/67.0.3396.87 Safari/537.36"
188.190.228.249 - - [13/Jun/2018:11:40:13 -0400] "GET /static/css/bootstrap.css HTTP/1.1" 200 146082 "http://mega.seoshnik.top/" "Mozilla/5.0 (Windows NT 10.0; Win64; x64) AppleWebKit/537.36 (KHTML, like Gecko) Chrome/67.0.3396.87 Safari/537.36"
188.190.228.249 - - [13/Jun/2018:11:40:13 -0400] "GET /robots.txt HTTP/1.1" 404 14 "-" "Mozilla/5.0 (Windows NT 10.0; Win64; x64) AppleWebKit/537.36 (KHTML, like Gecko) Chrome/67.0.3396.87 Safari/537.36"
188.190.228.249 - - [13/Jun/2018:11:40:14 -0400] "GET /favicon.ico HTTP/1.1" 404 14 "http://mega.seoshnik.top/" "Mozilla/5.0 (Windows NT 10.0; Win64; x64) AppleWebKit/537.36 (KHTML, like Gecko) Chrome/67.0.3396.87 Safari/537.36"
188.190.228.249 - - [13/Jun/2018:11:40:28 -0400] "GET / HTTP/1.1" 200 3355 "http://seoshnik.top/ustoichivoe-postroenie-ssylok-uvelichenie-vashikh-shansov-na-poluchenie-ssylok-whiteboard-nbspfriday" "Mozilla/5.0 (Windows NT 10.0; Win64; x64) AppleWebKit/537.36 (KHTML, like Gecko) Chrome/67.0.3396.87 Safari/537.36"
92.4.91.18 - - [13/Jun/2018:11:40:37 -0400] "GET / HTTP/1.0" 200 2519 "-" "-"
188.190.228.249 - - [13/Jun/2018:11:40:42 -0400] "GET /kak-sdelat-effektivnye-vysokokachestvennye-marketingovye-otchety-nbspdashboards HTTP/1.1" 200 17611 "http://seoshnik.top/" "Mozilla/5.0 (Windows NT 10.0; Win64; x64) AppleWebKit/537.36 (KHTML, like Gecko) Chrome/67.0.3396.87 Safari/537.36"
188.190.228.249 - - [13/Jun/2018:11:40:42 -0400] "GET /media/images/5ac41bff5c78b8.23721605.png HTTP/1.1" 200 53943 "http://seoshnik.top/kak-sdelat-effektivnye-vysokokachestvennye-marketingovye-otchety-nbspdashboards" "Mozilla/5.0 (Windows NT 10.0; Win64; x64) AppleWebKit/537.36 (KHTML, like Gecko) Chrome/67.0.3396.87 Safari/537.36"
188.190.228.249 - - [13/Jun/2018:11:40:42 -0400] "GET /media/images/5ac41bfee130c0.24694340.png HTTP/1.1" 200 97179 "http://seoshnik.top/kak-sdelat-effektivnye-vysokokachestvennye-marketingovye-otchety-nbspdashboards" "Mozilla/5.0 (Windows NT 10.0; Win64; x64) AppleWebKit/537.36 (KHTML, like Gecko) Chrome/67.0.3396.87 Safari/537.36"
188.190.228.249 - - [13/Jun/2018:11:40:42 -0400] "GET /media/images/5ac41bffd05b69.55731088.png HTTP/1.1" 200 75045 "http://seoshnik.top/kak-sdelat-effektivnye-vysokokachestvennye-marketingovye-otchety-nbspdashboards" "Mozilla/5.0 (Windows NT 10.0; Win64; x64) AppleWebKit/537.36 (KHTML, like Gecko) Chrome/67.0.3396.87 Safari/537.36"
192.168.31.1 - - [13/Jun/2018:11:40:58 -0400] "GET /working?key=asjdhasod9asd9as8d9asdhaidnoklvm HTTP/1.1" 200 107597 "-" "python-requests/2.18.4"
110.44.126.86 - - [13/Jun/2018:11:41:15 -0400] "GET / HTTP/1.0" 499 0 "-" "-"
184.72.115.35 - - [13/Jun/2018:11:42:53 -0400] "GET /ustoichivoe-postroenie-ssylok-uvelichenie-vashikh-shansov-na-poluchenie-ssylok-whiteboard-nbspfriday HTTP/1.1" 200 11628 "-" "Mozilla/5.0 (Macintosh; Intel Mac OS X 10_10_1) AppleWebKit/600.1.25 (KHTML, like Gecko) Version/8.0 Safari/600.1.25"
181.122.126.68 - - [13/Jun/2018:11:43:34 -0400] "GET / HTTP/1.0" 200 2519 "-" "-"
176.123.160.9 - - [13/Jun/2018:11:45:20 -0400] "GET / HTTP/1.0" 200 2519 "-" "-"
195.69.218.229 - - [13/Jun/2018:11:45:30 -0400] "GET / HTTP/1.0" 200 2519 "-" "-"
192.168.31.1 - - [13/Jun/2018:11:45:59 -0400] "GET /working?key=asjdhasod9asd9as8d9asdhaidnoklvm HTTP/1.1" 200 131070 "-" "python-requests/2.18.4"
191.255.124.34 - - [13/Jun/2018:11:48:40 -0400] "GET / HTTP/1.1" 200 2519 "-" "Mozilla/5.0 (Windows NT 10.0; WOW64) AppleWebKit/537.36 (KHTML, like Gecko) Chrome/52.0.2743.116 Safari/537.36"
50.203.239.19 - - [13/Jun/2018:11:48:57 -0400] "\x05\x01\x00" 400 182 "-" "-"
81.10.0.52 - - [13/Jun/2018:11:49:39 -0400] "GET / HTTP/1.0" 200 2519 "-" "-"
81.10.0.52 - - [13/Jun/2018:11:49:44 -0400] "GET / HTTP/1.0" 200 2519 "-" "-"
81.10.0.52 - - [13/Jun/2018:11:50:01 -0400] "GET / HTTP/1.0" 200 2519 "-" "-"
81.10.0.52 - - [13/Jun/2018:11:50:13 -0400] "GET / HTTP/1.0" 200 2519 "-" "-"
81.10.0.52 - - [13/Jun/2018:11:50:37 -0400] "GET / HTTP/1.0" 499 0 "-" "-"
192.168.31.1 - - [13/Jun/2018:11:50:59 -0400] "GET /working?key=asjdhasod9asd9as8d9asdhaidnoklvm HTTP/1.1" 200 153955 "-" "python-requests/2.18.4"
184.72.115.35 - - [13/Jun/2018:11:53:19 -0400] "GET /kak-sdelat-effektivnye-vysokokachestvennye-marketingovye-otchety-nbspdashboards HTTP/1.1" 200 17611 "-" "Mozilla/5.0 (Macintosh; Intel Mac OS X 10_10_1) AppleWebKit/600.1.25 (KHTML, like Gecko) Version/8.0 Safari/600.1.25"
192.168.31.1 - - [13/Jun/2018:11:56:00 -0400] "GET /working?key=asjdhasod9asd9as8d9asdhaidnoklvm HTTP/1.1" 200 180247 "-" "python-requests/2.18.4"
178.154.200.53 - - [13/Jun/2018:11:56:59 -0400] "GET /robots.txt HTTP/1.1" 200 23 "-" "Mozilla/5.0 (compatible; YandexBot/3.0; +http://yandex.com/bots)"
178.154.200.75 - - [13/Jun/2018:11:57:03 -0400] "GET /media/images/5ab157bad00cb2.62737581.jpg HTTP/1.1" 200 5566 "-" "Mozilla/5.0 (compatible; YandexImages/3.0; +http://yandex.com/bots)"
50.203.239.16 - - [13/Jun/2018:11:58:23 -0400] "\x05\x01\x00" 400 182 "-" "-"
50.203.239.20 - - [13/Jun/2018:11:58:26 -0400] "\x05\x01\x00" 400 182 "-" "-"
192.168.31.1 - - [13/Jun/2018:12:01:01 -0400] "GET /working?key=asjdhasod9asd9as8d9asdhaidnoklvm HTTP/1.1" 200 195892 "-" "python-requests/2.18.4"
95.221.179.92 - - [13/Jun/2018:12:01:30 -0400] "GET / HTTP/1.1" 200 9618 "http://yandex.ru/clck/jsredir?from=yandex.ru%3Bsearch%3Bweb%3B%3B&text=&etext=1818.B6BVYMN3g2wUbrf-pEd79Gupz9UytPmK4b0p_qPCBAc.8498dd86324ebe9e4c25ef37a5672eb7fdfdcac2&uuid=&state=_BLhILn4SxNIvvL0W45KSic66uCIg23qh8iRG98qeIXmeppkgUc0YG-XUIUpxKrkaoPisARVvB8&data=UlNrNmk5WktYejR0eWJFYk1Ldmtxa0hFRVhEc1B5aE5ZdnhubWNUZEFTQ2JPVnhHcmFmWTFMbEVJRTR5VFVfc0NkeDRkaFdSSHpFbGJHM19CR0ZpUnY3Wnk0WDFCTFpK&b64e=2&sign=7bd3c03e166a571a3712aaaa8e25fcf5&keyno=0&cst=AiuY0DBWFJ7IXge4WdYJQYpgPUyh7uQlZy8NY_ml4WmvAJIxWfGB-v81hXnY4Q_76qdaRSLamzqArXiVV_AzFysMMwV_Hhtt0wdAmAFQ_TApu0CdVpx-SrxiwpcsnEA2YEKK_VxJMQXihMC3l9U_hUEXOFBvCt9b&ref=orjY4mGPRjk5boDnW0uvlrrd71vZw9kp5uQozpMtKCVLVIUOk4qiEK1dRjIAXpYSTRbmWPNVo2J4oCNFPSxmrBqO4hjxv0df8VLz-yxKuxPIPAiOieR3Ig&l10n=ru&cts=1528904812740&mc=4.37507041596" "Mozilla/4.0 (compatible; MSIE 8.0; Windows NT 6.1; WOW64; Trident/4.0; SLCC2; .NET CLR 2.0.50727; .NET CLR 3.5.30729; .NET CLR 3.0.30729; Media Center PC 6.0; .NET4.0C; .NET4.0E)"
95.221.179.92 - - [13/Jun/2018:12:01:30 -0400] "GET /static/css/themify-icons.css HTTP/1.1" 200 16587 "http://py4seo.com/" "Mozilla/4.0 (compatible; MSIE 8.0; Windows NT 6.1; WOW64; Trident/4.0; SLCC2; .NET CLR 2.0.50727; .NET CLR 3.5.30729; .NET CLR 3.0.30729; Media Center PC 6.0; .NET4.0C; .NET4.0E)"
95.221.179.92 - - [13/Jun/2018:12:01:30 -0400] "GET /static/css/fontawesome-all.min.css HTTP/1.1" 200 35326 "http://py4seo.com/" "Mozilla/4.0 (compatible; MSIE 8.0; Windows NT 6.1; WOW64; Trident/4.0; SLCC2; .NET CLR 2.0.50727; .NET CLR 3.5.30729; .NET CLR 3.0.30729; Media Center PC 6.0; .NET4.0C; .NET4.0E)"
95.221.179.92 - - [13/Jun/2018:12:01:30 -0400] "GET /static/css/slick.css HTTP/1.1" 200 1750 "http://py4seo.com/" "Mozilla/4.0 (compatible; MSIE 8.0; Windows NT 6.1; WOW64; Trident/4.0; SLCC2; .NET CLR 2.0.50727; .NET CLR 3.5.30729; .NET CLR 3.0.30729; Media Center PC 6.0; .NET4.0C; .NET4.0E)"
95.221.179.92 - - [13/Jun/2018:12:01:30 -0400] "GET /static/css/owl.carousel.min.css HTTP/1.1" 200 2986 "http://py4seo.com/" "Mozilla/4.0 (compatible; MSIE 8.0; Windows NT 6.1; WOW64; Trident/4.0; SLCC2; .NET CLR 2.0.50727; .NET CLR 3.5.30729; .NET CLR 3.0.30729; Media Center PC 6.0; .NET4.0C; .NET4.0E)"
95.221.179.92 - - [13/Jun/2018:12:01:31 -0400] "GET /static/css/bootstrap.css HTTP/1.1" 200 178152 "http://py4seo.com/" "Mozilla/4.0 (compatible; MSIE 8.0; Windows NT 6.1; WOW64; Trident/4.0; SLCC2; .NET CLR 2.0.50727; .NET CLR 3.5.30729; .NET CLR 3.0.30729; Media Center PC 6.0; .NET4.0C; .NET4.0E)"
95.221.179.92 - - [13/Jun/2018:12:01:31 -0400] "GET /static/css/magnific-popup.css HTTP/1.1" 200 5599 "http://py4seo.com/" "Mozilla/4.0 (compatible; MSIE 8.0; Windows NT 6.1; WOW64; Trident/4.0; SLCC2; .NET CLR 2.0.50727; .NET CLR 3.5.30729; .NET CLR 3.0.30729; Media Center PC 6.0; .NET4.0C; .NET4.0E)"
95.221.179.92 - - [13/Jun/2018:12:01:31 -0400] "GET /static/css/style.css HTTP/1.1" 200 25747 "http://py4seo.com/" "Mozilla/4.0 (compatible; MSIE 8.0; Windows NT 6.1; WOW64; Trident/4.0; SLCC2; .NET CLR 2.0.50727; .NET CLR 3.5.30729; .NET CLR 3.0.30729; Media Center PC 6.0; .NET4.0C; .NET4.0E)"
95.221.179.92 - - [13/Jun/2018:12:01:31 -0400] "GET /static/js/jquery-2.2.4.min.js HTTP/1.1" 200 85582 "http://py4seo.com/" "Mozilla/4.0 (compatible; MSIE 8.0; Windows NT 6.1; WOW64; Trident/4.0; SLCC2; .NET CLR 2.0.50727; .NET CLR 3.5.30729; .NET CLR 3.0.30729; Media Center PC 6.0; .NET4.0C; .NET4.0E)"
95.221.179.92 - - [13/Jun/2018:12:01:31 -0400] "GET /static/js/particles.js HTTP/1.1" 200 2139 "http://py4seo.com/" "Mozilla/4.0 (compatible; MSIE 8.0; Windows NT 6.1; WOW64; Trident/4.0; SLCC2; .NET CLR 2.0.50727; .NET CLR 3.5.30729; .NET CLR 3.0.30729; Media Center PC 6.0; .NET4.0C; .NET4.0E)"
95.221.179.92 - - [13/Jun/2018:12:01:31 -0400] "GET /static/js/bootstrap.min.js HTTP/1.1" 200 48944 "http://py4seo.com/" "Mozilla/4.0 (compatible; MSIE 8.0; Windows NT 6.1; WOW64; Trident/4.0; SLCC2; .NET CLR 2.0.50727; .NET CLR 3.5.30729; .NET CLR 3.0.30729; Media Center PC 6.0; .NET4.0C; .NET4.0E)"
95.221.179.92 - - [13/Jun/2018:12:01:32 -0400] "GET /static/css/particles.css HTTP/1.1" 200 297 "http://py4seo.com/" "Mozilla/4.0 (compatible; MSIE 8.0; Windows NT 6.1; WOW64; Trident/4.0; SLCC2; .NET CLR 2.0.50727; .NET CLR 3.5.30729; .NET CLR 3.0.30729; Media Center PC 6.0; .NET4.0C; .NET4.0E)"
95.221.179.92 - - [13/Jun/2018:12:01:32 -0400] "GET /static/js/slick.min.js HTTP/1.1" 200 42863 "http://py4seo.com/" "Mozilla/4.0 (compatible; MSIE 8.0; Windows NT 6.1; WOW64; Trident/4.0; SLCC2; .NET CLR 2.0.50727; .NET CLR 3.5.30729; .NET CLR 3.0.30729; Media Center PC 6.0; .NET4.0C; .NET4.0E)"
95.221.179.92 - - [13/Jun/2018:12:01:32 -0400] "GET /static/js/magnific-popup.js HTTP/1.1" 200 20221 "http://py4seo.com/" "Mozilla/4.0 (compatible; MSIE 8.0; Windows NT 6.1; WOW64; Trident/4.0; SLCC2; .NET CLR 2.0.50727; .NET CLR 3.5.30729; .NET CLR 3.0.30729; Media Center PC 6.0; .NET4.0C; .NET4.0E)"
95.221.179.92 - - [13/Jun/2018:12:01:32 -0400] "GET /static/js/custom.js HTTP/1.1" 200 3799 "http://py4seo.com/" "Mozilla/4.0 (compatible; MSIE 8.0; Windows NT 6.1; WOW64; Trident/4.0; SLCC2; .NET CLR 2.0.50727; .NET CLR 3.5.30729; .NET CLR 3.0.30729; Media Center PC 6.0; .NET4.0C; .NET4.0E)"
95.221.179.92 - - [13/Jun/2018:12:01:33 -0400] "GET /static/js/owl-carousel.min.js HTTP/1.1" 200 42774 "http://py4seo.com/" "Mozilla/4.0 (compatible; MSIE 8.0; Windows NT 6.1; WOW64; Trident/4.0; SLCC2; .NET CLR 2.0.50727; .NET CLR 3.5.30729; .NET CLR 3.0.30729; Media Center PC 6.0; .NET4.0C; .NET4.0E)"
95.221.179.92 - - [13/Jun/2018:12:01:34 -0400] "GET /static/webfonts/fa-regular-400.eot%3F)%20format(%22embedded-opentype%22),%20url(../webfonts/fa-regular-400.woff2.html)%20format(%22woff2%22),%20url(../webfonts/fa-regular-400.woff)%20format(%22woff%22),%20url(../webfonts/fa-regular-400.ttf)%20format(%22truetype%22),%20url(../webfonts/fa-regular-400.svg)%20format(%22svg%22 HTTP/1.1" 404 14 "http://py4seo.com/" "Mozilla/4.0 (compatible; MSIE 8.0; Windows NT 6.1; WOW64; Trident/4.0; SLCC2; .NET CLR 2.0.50727; .NET CLR 3.5.30729; .NET CLR 3.0.30729; Media Center PC 6.0; .NET4.0C; .NET4.0E)"
95.221.179.92 - - [13/Jun/2018:12:01:34 -0400] "GET /static/webfonts/fa-brands-400.eot%3F)%20format(%22embedded-opentype%22),%20url(../webfonts/fa-brands-400.woff2.html)%20format(%22woff2%22),%20url(../webfonts/fa-brands-400.woff)%20format(%22woff%22),%20url(../webfonts/fa-brands-400.ttf)%20format(%22truetype%22),%20url(../webfonts/fa-brands-400.svg)%20format(%22svg%22 HTTP/1.1" 404 14 "http://py4seo.com/" "Mozilla/4.0 (compatible; MSIE 8.0; Windows NT 6.1; WOW64; Trident/4.0; SLCC2; .NET CLR 2.0.50727; .NET CLR 3.5.30729; .NET CLR 3.0.30729; Media Center PC 6.0; .NET4.0C; .NET4.0E)"
95.221.179.92 - - [13/Jun/2018:12:01:34 -0400] "GET /static/webfonts/fa-solid-900.eot%3F)%20format(%22embedded-opentype%22),%20url(../webfonts/fa-solid-900.woff2.html)%20format(%22woff2%22),%20url(../webfonts/fa-solid-900.woff)%20format(%22woff%22),%20url(../webfonts/fa-solid-900.ttf)%20format(%22truetype%22),%20url(../webfonts/fa-solid-900.svg)%20format(%22svg%22 HTTP/1.1" 404 14 "http://py4seo.com/" "Mozilla/4.0 (compatible; MSIE 8.0; Windows NT 6.1; WOW64; Trident/4.0; SLCC2; .NET CLR 2.0.50727; .NET CLR 3.5.30729; .NET CLR 3.0.30729; Media Center PC 6.0; .NET4.0C; .NET4.0E)"
176.197.163.250 - - [13/Jun/2018:12:02:36 -0400] "GET /administrator/ HTTP/1.1" 404 14 "-" "Mozilla/5.0 (Windows NT 6.0; rv:34.0) Gecko/20100101 Firefox/34.0"
176.197.163.250 - - [13/Jun/2018:12:02:36 -0400] "GET /administrator/index.php HTTP/1.1" 404 14 "http://py4seo.com/administrator/" "Mozilla/5.0 (Windows NT 6.0; rv:34.0) Gecko/20100101 Firefox/34.0"
77.73.241.154 - - [13/Jun/2018:12:03:53 -0400] "\x05\x01\x00" 400 182 "-" "-"
192.168.31.1 - - [13/Jun/2018:12:06:02 -0400] "GET /working?key=asjdhasod9asd9as8d9asdhaidnoklvm HTTP/1.1" 200 218522 "-" "python-requests/2.18.4"
176.197.163.250 - - [13/Jun/2018:12:07:17 -0400] "GET /wp-login.php HTTP/1.1" 404 14 "-" "Mozilla/5.0 (Windows NT 6.0; rv:34.0) Gecko/20100101 Firefox/34.0"
176.197.163.250 - - [13/Jun/2018:12:07:17 -0400] "GET /wp-admin/ HTTP/1.1" 404 14 "http://py4seo.com/wp-login.php" "Mozilla/5.0 (Windows NT 6.0; rv:34.0) Gecko/20100101 Firefox/34.0"
178.154.200.75 - - [13/Jun/2018:12:08:06 -0400] "GET /media/images/%D0%BC%D0%B5%D0%BD%D1%8E-%D0%B0%D0%BD%D0%B0%D0%BB%D0%B8%D1%82%D0%B8%D0%BA%D0%B8.png HTTP/1.1" 200 6138 "-" "Mozilla/5.0 (compatible; YandexImages/3.0; +http://yandex.com/bots)"
176.197.163.250 - - [13/Jun/2018:12:08:23 -0400] "GET /admin.php HTTP/1.1" 404 14 "-" "Mozilla/5.0 (Windows NT 6.0; rv:34.0) Gecko/20100101 Firefox/34.0"
176.197.163.250 - - [13/Jun/2018:12:09:28 -0400] "GET /admin HTTP/1.1" 404 14 "-" "Mozilla/5.0 (Windows NT 6.0; rv:34.0) Gecko/20100101 Firefox/34.0"
192.168.31.1 - - [13/Jun/2018:12:11:02 -0400] "GET /working?key=asjdhasod9asd9as8d9asdhaidnoklvm HTTP/1.1" 200 244276 "-" "python-requests/2.18.4"
192.168.31.1 - - [13/Jun/2018:12:16:03 -0400] "GET /working?key=asjdhasod9asd9as8d9asdhaidnoklvm HTTP/1.1" 200 274581 "-" "python-requests/2.18.4"
50.203.239.21 - - [13/Jun/2018:12:18:25 -0400] "\x05\x01\x00" 400 182 "-" "-"
85.122.5.112 - - [13/Jun/2018:12:20:31 -0400] "GET / HTTP/1.0" 200 2519 "-" "-"
45.64.136.83 - - [13/Jun/2018:12:20:37 -0400] "GET / HTTP/1.0" 200 2519 "-" "-"
192.168.31.1 - - [13/Jun/2018:12:21:04 -0400] "GET /working?key=asjdhasod9asd9as8d9asdhaidnoklvm HTTP/1.1" 200 301404 "-" "python-requests/2.18.4"
178.154.200.75 - - [13/Jun/2018:12:23:29 -0400] "GET /media/images/10.jpg.434x434_q85_crop.jpg HTTP/1.1" 200 37853 "-" "Mozilla/5.0 (compatible; YandexImages/3.0; +http://yandex.com/bots)"
188.163.252.166 - - [13/Jun/2018:12:24:10 -0400] "GET / HTTP/1.0" 200 2519 "-" "-"
50.203.239.29 - - [13/Jun/2018:12:24:30 -0400] "\x05\x01\x00" 400 182 "-" "-"
187.86.4.3 - - [13/Jun/2018:12:24:33 -0400] "GET / HTTP/1.1" 200 2519 "-" "Mozilla/5.0 (Windows NT 10.0; WOW64) AppleWebKit/537.36 (KHTML, like Gecko) Chrome/52.0.2743.116 Safari/537.36"
167.62.141.75 - - [13/Jun/2018:12:24:53 -0400] "GET / HTTP/1.0" 200 2519 "-" "-"
167.62.141.75 - - [13/Jun/2018:12:24:55 -0400] "GET / HTTP/1.0" 499 0 "-" "-"
192.168.31.1 - - [13/Jun/2018:12:26:04 -0400] "GET /working?key=asjdhasod9asd9as8d9asdhaidnoklvm HTTP/1.1" 200 333062 "-" "python-requests/2.18.4"
93.190.253.50 - - [13/Jun/2018:12:27:39 -0400] "\x05\x01\x00" 400 182 "-" "-"
194.42.194.210 - - [13/Jun/2018:12:27:50 -0400] "GET / HTTP/1.0" 200 2519 "-" "-"
71.13.131.142 - - [13/Jun/2018:12:28:08 -0400] "\x05\x01\x00" 400 182 "-" "-"
192.168.31.1 - - [13/Jun/2018:12:31:05 -0400] "GET /working?key=asjdhasod9asd9as8d9asdhaidnoklvm HTTP/1.1" 200 365251 "-" "python-requests/2.18.4"
66.249.64.150 - - [13/Jun/2018:12:31:29 -0400] "GET / HTTP/1.1" 200 9618 "-" "Mozilla/5.0 (compatible; Googlebot/2.1; +http://www.google.com/bot.html)"
148.101.225.72 - - [13/Jun/2018:12:32:11 -0400] "GET / HTTP/1.0" 200 2519 "-" "-"
151.53.232.62 - - [13/Jun/2018:12:32:56 -0400] "GET / HTTP/1.0" 200 2519 "-" "-"
212.253.110.192 - - [13/Jun/2018:12:34:56 -0400] "GET / HTTP/1.0" 200 2519 "-" "-"
192.168.31.1 - - [13/Jun/2018:12:36:06 -0400] "GET /working?key=asjdhasod9asd9as8d9asdhaidnoklvm HTTP/1.1" 200 386665 "-" "python-requests/2.18.4"
50.203.239.22 - - [13/Jun/2018:12:39:49 -0400] "\x05\x01\x00" 400 182 "-" "-"
69.63.188.113 - - [13/Jun/2018:12:40:16 -0400] "GET /static/images/bg-img/main-bg-img1.png HTTP/1.1" 200 273933 "-" "facebookexternalhit/1.1 (+http://www.facebook.com/externalhit_uatext.php)"
192.168.31.1 - - [13/Jun/2018:12:41:06 -0400] "GET /working?key=asjdhasod9asd9as8d9asdhaidnoklvm HTTP/1.1" 200 417888 "-" "python-requests/2.18.4"
68.185.57.66 - - [13/Jun/2018:12:44:09 -0400] "\x05\x01\x00" 400 182 "-" "-"
192.168.31.1 - - [13/Jun/2018:12:46:07 -0400] "GET /working?key=asjdhasod9asd9as8d9asdhaidnoklvm HTTP/1.1" 200 461579 "-" "python-requests/2.18.4"
85.26.146.169 - - [13/Jun/2018:12:47:27 -0400] "\x05\x01\x00" 400 182 "-" "-"
186.53.172.239 - - [13/Jun/2018:12:50:07 -0400] "GET / HTTP/1.0" 200 2519 "-" "-"
192.168.31.1 - - [13/Jun/2018:12:51:09 -0400] "GET /working?key=asjdhasod9asd9as8d9asdhaidnoklvm HTTP/1.1" 200 497497 "-" "python-requests/2.18.4"
50.203.239.26 - - [13/Jun/2018:12:51:19 -0400] "\x05\x01\x00" 400 182 "-" "-"
36.79.24.207 - - [13/Jun/2018:12:54:50 -0400] "GET / HTTP/1.1" 200 2519 "-" "Mozilla/5.0 (Windows NT 10.0; WOW64) AppleWebKit/537.36 (KHTML, like Gecko) Chrome/51.0.2704.103 Safari/537.36"
192.168.31.1 - - [13/Jun/2018:12:56:09 -0400] "GET /working?key=asjdhasod9asd9as8d9asdhaidnoklvm HTTP/1.1" 200 518655 "-" "python-requests/2.18.4"
188.119.26.197 - - [13/Jun/2018:12:57:24 -0400] "GET / HTTP/1.1" 200 2519 "-" "Mozilla/5.0 (Windows NT 6.1; WOW64) AppleWebKit/537.36 (KHTML, like Gecko) Chrome/52.0.2743.116 Safari/537.36"
90.197.239.245 - - [13/Jun/2018:12:57:34 -0400] "GET / HTTP/1.0" 499 0 "-" "-"
192.168.31.1 - - [13/Jun/2018:13:01:11 -0400] "GET /working?key=asjdhasod9asd9as8d9asdhaidnoklvm HTTP/1.1" 200 543723 "-" "python-requests/2.18.4"
192.168.31.1 - - [13/Jun/2018:13:06:11 -0400] "GET /working?key=asjdhasod9asd9as8d9asdhaidnoklvm HTTP/1.1" 200 567848 "-" "python-requests/2.18.4"
50.203.239.24 - - [13/Jun/2018:13:06:24 -0400] "\x05\x01\x00" 400 182 "-" "-"
50.203.239.18 - - [13/Jun/2018:13:07:02 -0400] "\x05\x01\x00" 400 182 "-" "-"
91.200.234.227 - - [13/Jun/2018:13:09:57 -0400] "GET / HTTP/1.1" 200 9618 "-" "Mozilla/5.0 (X11; Linux x86_64) AppleWebKit/537.36 (KHTML, like Gecko) Ubuntu Chromium/67.0.3396.62 Chrome/67.0.3396.62 Safari/537.36"
91.200.234.227 - - [13/Jun/2018:13:09:57 -0400] "GET /static/css/bootstrap.css HTTP/1.1" 200 178152 "http://py4seo.com/" "Mozilla/5.0 (X11; Linux x86_64) AppleWebKit/537.36 (KHTML, like Gecko) Ubuntu Chromium/67.0.3396.62 Chrome/67.0.3396.62 Safari/537.36"
