91.244.20.39 - - [13/Jun/2018:17:33:55 -0400] "GET /static/css/particles.css HTTP/1.1" 200 297 "http://py4seo.com/" "Mozilla/5.0 (Macintosh; Intel Mac OS X 10_13_4) AppleWebKit/605.1.15 (KHTML, like Gecko) Version/11.1 Safari/605.1.15"
91.244.20.39 - - [13/Jun/2018:17:33:55 -0400] "GET /static/css/fontawesome-all.min.css HTTP/1.1" 200 35326 "http://py4seo.com/" "Mozilla/5.0 (Macintosh; Intel Mac OS X 10_13_4) AppleWebKit/605.1.15 (KHTML, like Gecko) Version/11.1 Safari/605.1.15"
91.244.20.39 - - [13/Jun/2018:17:33:55 -0400] "GET /static/css/style.css HTTP/1.1" 200 25747 "http://py4seo.com/" "Mozilla/5.0 (Macintosh; Intel Mac OS X 10_13_4) AppleWebKit/605.1.15 (KHTML, like Gecko) Version/11.1 Safari/605.1.15"
91.244.20.39 - - [13/Jun/2018:17:33:55 -0400] "GET /static/js/particles.js HTTP/1.1" 200 2139 "http://py4seo.com/" "Mozilla/5.0 (Macintosh; Intel Mac OS X 10_13_4) AppleWebKit/605.1.15 (KHTML, like Gecko) Version/11.1 Safari/605.1.15"
91.244.20.39 - - [13/Jun/2018:17:33:55 -0400] "GET /static/js/bootstrap.min.js HTTP/1.1" 200 48944 "http://py4seo.com/" "Mozilla/5.0 (Macintosh; Intel Mac OS X 10_13_4) AppleWebKit/605.1.15 (KHTML, like Gecko) Version/11.1 Safari/605.1.15"
91.244.20.39 - - [13/Jun/2018:17:33:55 -0400] "GET /static/js/slick.min.js HTTP/1.1" 200 42863 "http://py4seo.com/" "Mozilla/5.0 (Macintosh; Intel Mac OS X 10_13_4) AppleWebKit/605.1.15 (KHTML, like Gecko) Version/11.1 Safari/605.1.15"
91.244.20.39 - - [13/Jun/2018:17:33:55 -0400] "GET /static/js/magnific-popup.js HTTP/1.1" 200 20221 "http://py4seo.com/" "Mozilla/5.0 (Macintosh; Intel Mac OS X 10_13_4) AppleWebKit/605.1.15 (KHTML, like Gecko) Version/11.1 Safari/605.1.15"
91.244.20.39 - - [13/Jun/2018:17:33:55 -0400] "GET /static/js/owl-carousel.min.js HTTP/1.1" 200 42774 "http://py4seo.com/" "Mozilla/5.0 (Macintosh; Intel Mac OS X 10_13_4) AppleWebKit/605.1.15 (KHTML, like Gecko) Version/11.1 Safari/605.1.15"
91.244.20.39 - - [13/Jun/2018:17:33:55 -0400] "GET /static/js/jquery-2.2.4.min.js HTTP/1.1" 200 85582 "http://py4seo.com/" "Mozilla/5.0 (Macintosh; Intel Mac OS X 10_13_4) AppleWebKit/605.1.15 (KHTML, like Gecko) Version/11.1 Safari/605.1.15"
91.244.20.39 - - [13/Jun/2018:17:33:55 -0400] "GET /static/js/form.js HTTP/1.1" 200 1156 "http://py4seo.com/" "Mozilla/5.0 (Macintosh; Intel Mac OS X 10_13_4) AppleWebKit/605.1.15 (KHTML, like Gecko) Version/11.1 Safari/605.1.15"
91.244.20.39 - - [13/Jun/2018:17:33:55 -0400] "GET /static/images/logo_white2.png HTTP/1.1" 200 24372 "http://py4seo.com/" "Mozilla/5.0 (Macintosh; Intel Mac OS X 10_13_4) AppleWebKit/605.1.15 (KHTML, like Gecko) Version/11.1 Safari/605.1.15"
91.244.20.39 - - [13/Jun/2018:17:33:55 -0400] "GET /static/images/logo2.png HTTP/1.1" 200 24367 "http://py4seo.com/" "Mozilla/5.0 (Macintosh; Intel Mac OS X 10_13_4) AppleWebKit/605.1.15 (KHTML, like Gecko) Version/11.1 Safari/605.1.15"
91.244.20.39 - - [13/Jun/2018:17:33:55 -0400] "GET /static/js/custom.js HTTP/1.1" 200 3799 "http://py4seo.com/" "Mozilla/5.0 (Macintosh; Intel Mac OS X 10_13_4) AppleWebKit/605.1.15 (KHTML, like Gecko) Version/11.1 Safari/605.1.15"
91.244.20.39 - - [13/Jun/2018:17:33:55 -0400] "GET /static/images/bg-img/icon1.png HTTP/1.1" 200 3025 "http://py4seo.com/" "Mozilla/5.0 (Macintosh; Intel Mac OS X 10_13_4) AppleWebKit/605.1.15 (KHTML, like Gecko) Version/11.1 Safari/605.1.15"
91.244.20.39 - - [13/Jun/2018:17:33:56 -0400] "GET /static/images/bg-img/icon2.png HTTP/1.1" 200 1739 "http://py4seo.com/" "Mozilla/5.0 (Macintosh; Intel Mac OS X 10_13_4) AppleWebKit/605.1.15 (KHTML, like Gecko) Version/11.1 Safari/605.1.15"
91.244.20.39 - - [13/Jun/2018:17:33:56 -0400] "GET /static/images/bg-img/icon6.png HTTP/1.1" 200 2589 "http://py4seo.com/" "Mozilla/5.0 (Macintosh; Intel Mac OS X 10_13_4) AppleWebKit/605.1.15 (KHTML, like Gecko) Version/11.1 Safari/605.1.15"
91.244.20.39 - - [13/Jun/2018:17:33:56 -0400] "GET /static/css/bootstrap.css HTTP/1.1" 200 178152 "http://py4seo.com/" "Mozilla/5.0 (Macintosh; Intel Mac OS X 10_13_4) AppleWebKit/605.1.15 (KHTML, like Gecko) Version/11.1 Safari/605.1.15"
91.244.20.39 - - [13/Jun/2018:17:33:56 -0400] "GET /static/images/bg-img/coding.gif HTTP/1.1" 200 133579 "http://py4seo.com/" "Mozilla/5.0 (Macintosh; Intel Mac OS X 10_13_4) AppleWebKit/605.1.15 (KHTML, like Gecko) Version/11.1 Safari/605.1.15"
91.244.20.39 - - [13/Jun/2018:17:33:56 -0400] "GET /static/webfonts/fa-solid-900.woff2.html HTTP/1.1" 200 40180 "http://py4seo.com/" "Mozilla/5.0 (Macintosh; Intel Mac OS X 10_13_4) AppleWebKit/605.1.15 (KHTML, like Gecko) Version/11.1 Safari/605.1.15"
91.244.20.39 - - [13/Jun/2018:17:33:56 -0400] "GET /static/webfonts/fa-regular-400.woff2.html HTTP/1.1" 200 12288 "http://py4seo.com/" "Mozilla/5.0 (Macintosh; Intel Mac OS X 10_13_4) AppleWebKit/605.1.15 (KHTML, like Gecko) Version/11.1 Safari/605.1.15"
91.244.20.39 - - [13/Jun/2018:17:33:56 -0400] "GET /static/images/bg-img/main-bg-img1.png HTTP/1.1" 200 273933 "http://py4seo.com/" "Mozilla/5.0 (Macintosh; Intel Mac OS X 10_13_4) AppleWebKit/605.1.15 (KHTML, like Gecko) Version/11.1 Safari/605.1.15"
91.244.20.39 - - [13/Jun/2018:17:33:57 -0400] "GET /static/images/bg-img/app2.png HTTP/1.1" 200 397544 "http://py4seo.com/" "Mozilla/5.0 (Macintosh; Intel Mac OS X 10_13_4) AppleWebKit/605.1.15 (KHTML, like Gecko) Version/11.1 Safari/605.1.15"
91.244.20.39 - - [13/Jun/2018:17:33:57 -0400] "GET /static/images/favicon.ico HTTP/1.1" 200 1150 "http://py4seo.com/" "Mozilla/5.0 (Macintosh; Intel Mac OS X 10_13_4) AppleWebKit/605.1.15 (KHTML, like Gecko) Version/11.1 Safari/605.1.15"
79.204.90.34 - - [13/Jun/2018:17:35:31 -0400] "GET / HTTP/1.0" 200 2519 "-" "-"
192.168.31.1 - - [13/Jun/2018:17:37:10 -0400] "GET /working?key=asjdhasod9asd9as8d9asdhaidnoklvm HTTP/1.1" 200 758194 "-" "python-requests/2.18.4"
49.174.135.32 - - [13/Jun/2018:17:38:05 -0400] "GET / HTTP/1.0" 200 2519 "-" "-"
50.203.239.30 - - [13/Jun/2018:17:40:22 -0400] "\x05\x01\x00" 400 182 "-" "-"
158.69.2.15 - - [13/Jun/2018:17:41:17 -0400] "HEAD /robots.txt HTTP/1.1" 404 0 "-" "Mozilla/5.0 (Windows; U; Win98; en-US; rv:1.4) Gecko Netscape/7.1 (ax)"
167.114.55.120 - - [13/Jun/2018:17:41:18 -0400] "GET /robots.txt HTTP/1.1" 404 14 "-" "Mozilla/5.0 (Windows NT 6.1; WOW64) AppleWebKit/537.1 (KHTML, like Gecko) Chrome/22.0.1207.1 Safari/537.1"
158.69.2.15 - - [13/Jun/2018:17:41:18 -0400] "GET / HTTP/1.1" 200 10000 "-" "Mozilla/5.0 (Windows NT 6.1; rv:2.0.1) Gecko/20100101 Firefox/4.0.1"
78.189.230.195 - - [13/Jun/2018:17:41:50 -0400] "GET / HTTP/1.0" 200 2519 "-" "-"
192.168.31.1 - - [13/Jun/2018:17:42:11 -0400] "GET /working?key=asjdhasod9asd9as8d9asdhaidnoklvm HTTP/1.1" 200 776515 "-" "python-requests/2.18.4"
210.187.169.89 - - [13/Jun/2018:17:46:15 -0400] "GET / HTTP/1.0" 200 2519 "-" "-"
192.168.31.1 - - [13/Jun/2018:17:47:12 -0400] "GET /working?key=asjdhasod9asd9as8d9asdhaidnoklvm HTTP/1.1" 200 0 "-" "python-requests/2.18.4"
192.168.31.1 - - [13/Jun/2018:17:47:17 -0400] "GET /working?key=asjdhasod9asd9as8d9asdhaidnoklvm HTTP/1.1" 200 0 "-" "python-requests/2.18.4"
192.168.31.1 - - [13/Jun/2018:17:47:22 -0400] "GET /working?key=asjdhasod9asd9as8d9asdhaidnoklvm HTTP/1.1" 200 430 "-" "python-requests/2.18.4"
192.168.31.1 - - [13/Jun/2018:17:47:27 -0400] "GET /working?key=asjdhasod9asd9as8d9asdhaidnoklvm HTTP/1.1" 200 1380 "-" "python-requests/2.18.4"
50.203.239.24 - - [13/Jun/2018:17:47:27 -0400] "\x05\x01\x00" 400 182 "-" "-"
192.168.31.1 - - [13/Jun/2018:17:47:32 -0400] "GET /working?key=asjdhasod9asd9as8d9asdhaidnoklvm HTTP/1.1" 200 2214 "-" "python-requests/2.18.4"
50.203.239.31 - - [13/Jun/2018:17:47:33 -0400] "\x05\x01\x00" 400 182 "-" "-"
77.101.195.117 - - [13/Jun/2018:17:47:45 -0400] "GET / HTTP/1.0" 200 2519 "-" "-"
77.101.195.117 - - [13/Jun/2018:17:47:46 -0400] "GET / HTTP/1.0" 499 0 "-" "-"
50.203.239.23 - - [13/Jun/2018:17:48:02 -0400] "\x05\x01\x00" 400 182 "-" "-"
50.203.239.29 - - [13/Jun/2018:17:48:02 -0400] "\x05\x01\x00" 400 182 "-" "-"
50.203.239.18 - - [13/Jun/2018:17:48:29 -0400] "\x05\x01\x00" 400 182 "-" "-"
93.190.253.50 - - [13/Jun/2018:17:48:32 -0400] "\x05\x01\x00" 400 182 "-" "-"
50.203.239.27 - - [13/Jun/2018:17:48:38 -0400] "\x05\x01\x00" 400 182 "-" "-"
50.203.239.25 - - [13/Jun/2018:17:48:39 -0400] "\x05\x01\x00" 400 182 "-" "-"
85.26.146.169 - - [13/Jun/2018:17:48:56 -0400] "\x05\x01\x00" 400 182 "-" "-"
50.203.239.28 - - [13/Jun/2018:17:48:59 -0400] "\x05\x01\x00" 400 182 "-" "-"
50.234.147.30 - - [13/Jun/2018:17:49:20 -0400] "\x05\x01\x00" 400 182 "-" "-"
71.13.131.142 - - [13/Jun/2018:17:49:21 -0400] "\x05\x01\x00" 400 182 "-" "-"
50.203.239.17 - - [13/Jun/2018:17:50:15 -0400] "\x05\x01\x00" 400 182 "-" "-"
50.203.239.30 - - [13/Jun/2018:17:50:44 -0400] "\x05\x01\x00" 400 182 "-" "-"
50.203.239.26 - - [13/Jun/2018:17:50:50 -0400] "\x05\x01\x00" 400 182 "-" "-"
77.73.241.154 - - [13/Jun/2018:17:51:00 -0400] "\x05\x01\x00" 400 182 "-" "-"
50.203.239.16 - - [13/Jun/2018:17:51:31 -0400] "\x05\x01\x00" 400 182 "-" "-"
50.203.239.20 - - [13/Jun/2018:17:51:37 -0400] "\x05\x01\x00" 400 182 "-" "-"
50.203.239.21 - - [13/Jun/2018:17:51:46 -0400] "\x05\x01\x00" 400 182 "-" "-"
68.188.59.198 - - [13/Jun/2018:17:51:47 -0400] "\x05\x01\x00" 400 182 "-" "-"
192.168.31.1 - - [13/Jun/2018:17:52:33 -0400] "GET /working?key=asjdhasod9asd9as8d9asdhaidnoklvm HTTP/1.1" 200 47426 "-" "python-requests/2.18.4"
50.234.147.30 - - [13/Jun/2018:17:53:20 -0400] "\x05\x01\x00" 400 182 "-" "-"
192.168.31.1 - - [13/Jun/2018:17:57:33 -0400] "GET /working?key=asjdhasod9asd9as8d9asdhaidnoklvm HTTP/1.1" 200 60860 "-" "python-requests/2.18.4"
68.188.59.198 - - [13/Jun/2018:17:58:01 -0400] "\x05\x01\x00" 400 182 "-" "-"
197.50.215.51 - - [13/Jun/2018:17:59:16 -0400] "GET / HTTP/1.0" 200 2519 "-" "-"
125.99.97.98 - - [13/Jun/2018:17:59:39 -0400] "GET / HTTP/1.0" 200 2519 "-" "-"
192.168.31.1 - - [13/Jun/2018:18:02:34 -0400] "GET /working?key=asjdhasod9asd9as8d9asdhaidnoklvm HTTP/1.1" 200 81455 "-" "python-requests/2.18.4"
5.64.124.11 - - [13/Jun/2018:18:03:46 -0400] "GET / HTTP/1.0" 200 2519 "-" "-"
178.154.200.75 - - [13/Jun/2018:18:07:03 -0400] "GET /robots.txt HTTP/1.1" 200 23 "-" "Mozilla/5.0 (compatible; YandexBot/3.0; +http://yandex.com/bots)"
178.154.200.75 - - [13/Jun/2018:18:07:07 -0400] "GET /consulting/image/service-3.jpg HTTP/1.1" 200 2670 "-" "Mozilla/5.0 (compatible; YandexImages/3.0; +http://yandex.com/bots)"
192.168.31.1 - - [13/Jun/2018:18:07:34 -0400] "GET /working?key=asjdhasod9asd9as8d9asdhaidnoklvm HTTP/1.1" 200 103485 "-" "python-requests/2.18.4"
107.21.249.139 - - [13/Jun/2018:18:07:43 -0400] "GET /clientaccesspolicy.xml HTTP/1.1" 404 14 "-" "Cloud mapping experiment. Contact research@pdrlabs.net"
41.228.170.47 - - [13/Jun/2018:18:08:06 -0400] "GET / HTTP/1.0" 499 0 "-" "-"
203.142.188.75 - - [13/Jun/2018:18:08:26 -0400] "GET / HTTP/1.0" 200 2519 "-" "-"
178.154.200.75 - - [13/Jun/2018:18:08:57 -0400] "GET /consulting/image/event-3.jpg HTTP/1.1" 200 5156 "-" "Mozilla/5.0 (compatible; YandexImages/3.0; +http://yandex.com/bots)"
171.252.130.104 - - [13/Jun/2018:18:09:23 -0400] "GET / HTTP/1.0" 200 2519 "-" "-"
50.203.239.19 - - [13/Jun/2018:18:11:33 -0400] "\x05\x01\x00" 400 182 "-" "-"
192.168.31.1 - - [13/Jun/2018:18:12:35 -0400] "GET /working?key=asjdhasod9asd9as8d9asdhaidnoklvm HTTP/1.1" 200 123235 "-" "python-requests/2.18.4"
130.193.121.171 - - [13/Jun/2018:18:14:36 -0400] "GET / HTTP/1.0" 200 2519 "-" "-"
192.168.31.1 - - [13/Jun/2018:18:17:35 -0400] "GET /working?key=asjdhasod9asd9as8d9asdhaidnoklvm HTTP/1.1" 200 144831 "-" "python-requests/2.18.4"
50.203.239.16 - - [13/Jun/2018:18:21:04 -0400] "\x05\x01\x00" 400 182 "-" "-"
50.203.239.20 - - [13/Jun/2018:18:21:06 -0400] "\x05\x01\x00" 400 182 "-" "-"
66.249.64.150 - - [13/Jun/2018:18:22:17 -0400] "GET / HTTP/1.1" 200 10000 "-" "Mozilla/5.0 (Linux; Android 6.0.1; Nexus 5X Build/MMB29P) AppleWebKit/537.36 (KHTML, like Gecko) Chrome/41.0.2272.96 Mobile Safari/537.36 (compatible; Googlebot/2.1; +http://www.google.com/bot.html)"
66.249.64.148 - - [13/Jun/2018:18:22:24 -0400] "GET /static/css/particles.css HTTP/1.1" 200 297 "http://py4seo.com/" "Mozilla/5.0 (Linux; Android 6.0.1; Nexus 5X Build/MMB29P) AppleWebKit/537.36 (KHTML, like Gecko) Chrome/41.0.2272.96 Mobile Safari/537.36 (compatible; Googlebot/2.1; +http://www.google.com/bot.html)"
192.168.31.1 - - [13/Jun/2018:18:22:36 -0400] "GET /working?key=asjdhasod9asd9as8d9asdhaidnoklvm HTTP/1.1" 200 168136 "-" "python-requests/2.18.4"
77.73.241.154 - - [13/Jun/2018:18:26:34 -0400] "\x05\x01\x00" 400 182 "-" "-"
192.168.31.1 - - [13/Jun/2018:18:27:36 -0400] "GET /working?key=asjdhasod9asd9as8d9asdhaidnoklvm HTTP/1.1" 200 195001 "-" "python-requests/2.18.4"
85.107.224.19 - - [13/Jun/2018:18:31:15 -0400] "GET / HTTP/1.0" 200 2519 "-" "-"
192.168.31.1 - - [13/Jun/2018:18:32:37 -0400] "GET /working?key=asjdhasod9asd9as8d9asdhaidnoklvm HTTP/1.1" 200 202830 "-" "python-requests/2.18.4"
79.33.1.148 - - [13/Jun/2018:18:35:54 -0400] "GET / HTTP/1.0" 200 2519 "-" "-"
192.168.31.1 - - [13/Jun/2018:18:37:37 -0400] "GET /working?key=asjdhasod9asd9as8d9asdhaidnoklvm HTTP/1.1" 200 220762 "-" "python-requests/2.18.4"
50.203.239.21 - - [13/Jun/2018:18:41:38 -0400] "\x05\x01\x00" 400 182 "-" "-"
192.168.31.1 - - [13/Jun/2018:18:42:38 -0400] "GET /working?key=asjdhasod9asd9as8d9asdhaidnoklvm HTTP/1.1" 200 247511 "-" "python-requests/2.18.4"
66.249.64.148 - - [13/Jun/2018:18:43:02 -0400] "GET /static/js/form.js HTTP/1.1" 304 0 "http://py4seo.com/" "Mozilla/5.0 (Linux; Android 6.0.1; Nexus 5X Build/MMB29P) AppleWebKit/537.36 (KHTML, like Gecko) Chrome/41.0.2272.96 Mobile Safari/537.36 (compatible; Googlebot/2.1; +http://www.google.com/bot.html)"
191.253.209.133 - - [13/Jun/2018:18:47:14 -0400] "GET / HTTP/1.1" 200 2519 "-" "Mozilla/5.0 (Windows NT 10.0; WOW64) AppleWebKit/537.36 (KHTML, like Gecko) Chrome/51.0.2704.103 Safari/537.36"
192.168.31.1 - - [13/Jun/2018:18:47:38 -0400] "GET /working?key=asjdhasod9asd9as8d9asdhaidnoklvm HTTP/1.1" 200 265543 "-" "python-requests/2.18.4"
187.155.225.236 - - [13/Jun/2018:18:49:20 -0400] "GET / HTTP/1.1" 200 2519 "-" "Mozilla/5.0 (Windows NT 6.1; WOW64) AppleWebKit/537.36 (KHTML, like Gecko) Chrome/52.0.2743.116 Safari/537.36"
71.13.131.142 - - [13/Jun/2018:18:51:45 -0400] "\x05\x01\x00" 400 182 "-" "-"
192.168.31.1 - - [13/Jun/2018:18:52:39 -0400] "GET /working?key=asjdhasod9asd9as8d9asdhaidnoklvm HTTP/1.1" 200 295111 "-" "python-requests/2.18.4"
192.168.31.1 - - [13/Jun/2018:18:57:39 -0400] "GET /working?key=asjdhasod9asd9as8d9asdhaidnoklvm HTTP/1.1" 200 315726 "-" "python-requests/2.18.4"
192.168.31.1 - - [13/Jun/2018:19:02:40 -0400] "GET /working?key=asjdhasod9asd9as8d9asdhaidnoklvm HTTP/1.1" 200 336043 "-" "python-requests/2.18.4"
50.203.239.22 - - [13/Jun/2018:19:03:48 -0400] "\x05\x01\x00" 400 182 "-" "-"
178.154.200.75 - - [13/Jun/2018:19:05:43 -0400] "GET /media/images/2-2-44680.jpg HTTP/1.1" 200 6288 "-" "Mozilla/5.0 (compatible; YandexImages/3.0; +http://yandex.com/bots)"
192.168.31.1 - - [13/Jun/2018:19:07:41 -0400] "GET /working?key=asjdhasod9asd9as8d9asdhaidnoklvm HTTP/1.1" 200 351029 "-" "python-requests/2.18.4"
68.185.57.66 - - [13/Jun/2018:19:08:31 -0400] "\x05\x01\x00" 400 182 "-" "-"
50.203.239.31 - - [13/Jun/2018:19:11:08 -0400] "\x05\x01\x00" 400 182 "-" "-"
192.168.31.1 - - [13/Jun/2018:19:12:41 -0400] "GET /working?key=asjdhasod9asd9as8d9asdhaidnoklvm HTTP/1.1" 200 373879 "-" "python-requests/2.18.4"
167.58.44.51 - - [13/Jun/2018:19:14:36 -0400] "GET / HTTP/1.0" 200 2519 "-" "-"
66.249.64.146 - - [13/Jun/2018:19:15:54 -0400] "GET / HTTP/1.1" 200 10000 "-" "Mozilla/5.0 (Linux; Android 6.0.1; Nexus 5X Build/MMB29P) AppleWebKit/537.36 (KHTML, like Gecko) Chrome/41.0.2272.96 Mobile Safari/537.36 (compatible; Googlebot/2.1; +http://www.google.com/bot.html)"
50.203.239.26 - - [13/Jun/2018:19:15:58 -0400] "\x05\x01\x00" 400 182 "-" "-"
192.168.31.1 - - [13/Jun/2018:19:17:42 -0400] "GET /working?key=asjdhasod9asd9as8d9asdhaidnoklvm HTTP/1.1" 200 404644 "-" "python-requests/2.18.4"
192.168.31.1 - - [13/Jun/2018:19:22:43 -0400] "GET /working?key=asjdhasod9asd9as8d9asdhaidnoklvm HTTP/1.1" 200 420189 "-" "python-requests/2.18.4"
81.214.62.118 - - [13/Jun/2018:19:25:00 -0400] "GET / HTTP/1.1" 200 2519 "-" "Mozilla/5.0 (Windows NT 6.1; WOW64) AppleWebKit/537.36 (KHTML, like Gecko) Chrome/52.0.2743.116 Safari/537.36"
192.168.31.1 - - [13/Jun/2018:19:27:44 -0400] "GET /working?key=asjdhasod9asd9as8d9asdhaidnoklvm HTTP/1.1" 200 437141 "-" "python-requests/2.18.4"
106.2.231.152 - - [13/Jun/2018:19:29:18 -0400] "GET / HTTP/1.0" 200 2519 "-" "-"
50.203.239.24 - - [13/Jun/2018:19:31:34 -0400] "\x05\x01\x00" 400 182 "-" "-"
50.203.239.18 - - [13/Jun/2018:19:32:11 -0400] "\x05\x01\x00" 400 182 "-" "-"
192.168.31.1 - - [13/Jun/2018:19:32:44 -0400] "GET /working?key=asjdhasod9asd9as8d9asdhaidnoklvm HTTP/1.1" 200 459077 "-" "python-requests/2.18.4"
192.168.31.1 - - [13/Jun/2018:19:37:45 -0400] "GET /working?key=asjdhasod9asd9as8d9asdhaidnoklvm HTTP/1.1" 200 478735 "-" "python-requests/2.18.4"
66.249.64.8 - - [13/Jun/2018:19:37:49 -0400] "GET /robots.txt HTTP/1.1" 301 194 "-" "Mozilla/5.0 (compatible; Googlebot/2.1; +http://www.google.com/bot.html)"
66.249.64.148 - - [13/Jun/2018:19:37:50 -0400] "GET /robots.txt HTTP/1.1" 404 14 "-" "Mozilla/5.0 (compatible; Googlebot/2.1; +http://www.google.com/bot.html)"
66.249.64.12 - - [13/Jun/2018:19:37:50 -0400] "GET / HTTP/1.1" 301 194 "-" "Mozilla/5.0 (compatible; Googlebot/2.1; +http://www.google.com/bot.html)"
66.249.64.148 - - [13/Jun/2018:19:37:59 -0400] "GET /static/css/style.css HTTP/1.1" 200 25747 "http://py4seo.com/" "Mozilla/5.0 AppleWebKit/537.36 (KHTML, like Gecko; compatible; Googlebot/2.1; +http://www.google.com/bot.html) Safari/537.36"
178.154.200.75 - - [13/Jun/2018:19:38:24 -0400] "GET /media/images/roo24-screen.png.434x434_q85_crop.jpg HTTP/1.1" 200 37147 "-" "Mozilla/5.0 (compatible; YandexImages/3.0; +http://yandex.com/bots)"
192.168.31.1 - - [13/Jun/2018:19:42:46 -0400] "GET /working?key=asjdhasod9asd9as8d9asdhaidnoklvm HTTP/1.1" 200 504555 "-" "python-requests/2.18.4"
192.168.31.1 - - [13/Jun/2018:19:47:47 -0400] "GET /working?key=asjdhasod9asd9as8d9asdhaidnoklvm HTTP/1.1" 200 525507 "-" "python-requests/2.18.4"
192.168.31.1 - - [13/Jun/2018:19:52:48 -0400] "GET /working?key=asjdhasod9asd9as8d9asdhaidnoklvm HTTP/1.1" 200 539586 "-" "python-requests/2.18.4"
50.203.239.28 - - [13/Jun/2018:19:55:55 -0400] "\x05\x01\x00" 400 182 "-" "-"
192.168.31.1 - - [13/Jun/2018:19:57:49 -0400] "GET /working?key=asjdhasod9asd9as8d9asdhaidnoklvm HTTP/1.1" 200 558633 "-" "python-requests/2.18.4"
66.249.64.146 - - [13/Jun/2018:19:57:55 -0400] "GET / HTTP/1.1" 200 10000 "-" "Mozilla/5.0 (Linux; Android 6.0.1; Nexus 5X Build/MMB29P) AppleWebKit/537.36 (KHTML, like Gecko) Chrome/41.0.2272.96 Mobile Safari/537.36 (compatible; Googlebot/2.1; +http://www.google.com/bot.html)"
192.168.31.1 - - [13/Jun/2018:20:02:50 -0400] "GET /working?key=asjdhasod9asd9as8d9asdhaidnoklvm HTTP/1.1" 200 596003 "-" "python-requests/2.18.4"
93.67.105.56 - - [13/Jun/2018:20:05:55 -0400] "GET / HTTP/1.0" 200 2519 "-" "-"
93.67.105.56 - - [13/Jun/2018:20:06:35 -0400] "GET / HTTP/1.0" 499 0 "-" "-"
93.67.105.56 - - [13/Jun/2018:20:06:39 -0400] "GET / HTTP/1.0" 499 0 "-" "-"
192.168.31.1 - - [13/Jun/2018:20:07:51 -0400] "GET /working?key=asjdhasod9asd9as8d9asdhaidnoklvm HTTP/1.1" 200 619603 "-" "python-requests/2.18.4"
147.158.216.80 - - [13/Jun/2018:20:11:20 -0400] "GET / HTTP/1.0" 200 2519 "-" "-"
192.168.31.1 - - [13/Jun/2018:20:12:52 -0400] "GET /working?key=asjdhasod9asd9as8d9asdhaidnoklvm HTTP/1.1" 200 632652 "-" "python-requests/2.18.4"
58.127.192.45 - - [13/Jun/2018:20:13:32 -0400] "GET / HTTP/1.0" 200 2519 "-" "-"
50.203.239.17 - - [13/Jun/2018:20:16:59 -0400] "\x05\x01\x00" 400 182 "-" "-"
192.168.31.1 - - [13/Jun/2018:20:17:53 -0400] "GET /working?key=asjdhasod9asd9as8d9asdhaidnoklvm HTTP/1.1" 200 658567 "-" "python-requests/2.18.4"
50.203.239.25 - - [13/Jun/2018:20:21:51 -0400] "\x05\x01\x00" 400 182 "-" "-"
195.138.74.149 - - [13/Jun/2018:20:22:04 -0400] "GET / HTTP/1.0" 200 2519 "-" "-"
192.168.31.1 - - [13/Jun/2018:20:22:54 -0400] "GET /working?key=asjdhasod9asd9as8d9asdhaidnoklvm HTTP/1.1" 200 681694 "-" "python-requests/2.18.4"
31.132.120.245 - - [13/Jun/2018:20:25:12 -0400] "GET / HTTP/1.0" 200 2519 "-" "-"
27.74.104.210 - - [13/Jun/2018:20:27:25 -0400] "GET / HTTP/1.0" 200 2519 "-" "-"
192.168.31.1 - - [13/Jun/2018:20:27:55 -0400] "GET /working?key=asjdhasod9asd9as8d9asdhaidnoklvm HTTP/1.1" 200 706445 "-" "python-requests/2.18.4"
192.168.31.1 - - [13/Jun/2018:20:32:56 -0400] "GET /working?key=asjdhasod9asd9as8d9asdhaidnoklvm HTTP/1.1" 200 732539 "-" "python-requests/2.18.4"
31.131.87.141 - - [13/Jun/2018:20:35:07 -0400] "GET / HTTP/1.0" 499 0 "-" "-"
50.203.239.23 - - [13/Jun/2018:20:35:54 -0400] "\x05\x01\x00" 400 182 "-" "-"
54.229.105.178 - - [13/Jun/2018:20:36:05 -0400] "POST /from-liqpay/557d7968-0c47-47b4-8784-c29a79131cbf HTTP/1.1" 404 14 "-" "-"
192.168.31.1 - - [13/Jun/2018:20:37:57 -0400] "GET /working?key=asjdhasod9asd9as8d9asdhaidnoklvm HTTP/1.1" 200 754191 "-" "python-requests/2.18.4"
94.176.97.189 - - [13/Jun/2018:20:40:07 -0400] "GET / HTTP/1.0" 200 2519 "-" "-"
192.168.31.1 - - [13/Jun/2018:20:42:58 -0400] "GET /working?key=asjdhasod9asd9as8d9asdhaidnoklvm HTTP/1.1" 200 785410 "-" "python-requests/2.18.4"
96.246.122.50 - - [13/Jun/2018:20:44:47 -0400] "GET / HTTP/1.0" 200 2519 "-" "-"
192.168.31.1 - - [13/Jun/2018:20:47:59 -0400] "GET /working?key=asjdhasod9asd9as8d9asdhaidnoklvm HTTP/1.1" 200 803855 "-" "python-requests/2.18.4"
50.203.239.30 - - [13/Jun/2018:20:52:07 -0400] "\x05\x01\x00" 400 182 "-" "-"
192.168.31.1 - - [13/Jun/2018:20:53:00 -0400] "GET /working?key=asjdhasod9asd9as8d9asdhaidnoklvm HTTP/1.1" 200 827114 "-" "python-requests/2.18.4"
192.168.31.1 - - [13/Jun/2018:20:58:01 -0400] "GET /working?key=asjdhasod9asd9as8d9asdhaidnoklvm HTTP/1.1" 200 856451 "-" "python-requests/2.18.4"
50.203.239.24 - - [13/Jun/2018:20:58:53 -0400] "\x05\x01\x00" 400 182 "-" "-"
50.203.239.31 - - [13/Jun/2018:20:58:58 -0400] "\x05\x01\x00" 400 182 "-" "-"
50.203.239.29 - - [13/Jun/2018:20:59:18 -0400] "\x05\x01\x00" 400 182 "-" "-"
68.185.57.66 - - [13/Jun/2018:20:59:18 -0400] "\x05\x01\x00" 400 182 "-" "-"
93.190.253.50 - - [13/Jun/2018:20:59:48 -0400] "\x05\x01\x00" 400 182 "-" "-"
50.203.239.28 - - [13/Jun/2018:21:00:12 -0400] "\x05\x01\x00" 400 182 "-" "-"
50.203.239.17 - - [13/Jun/2018:21:01:14 -0400] "\x05\x01\x00" 400 182 "-" "-"
50.203.239.19 - - [13/Jun/2018:21:01:19 -0400] "\x05\x01\x00" 400 182 "-" "-"
50.203.239.30 - - [13/Jun/2018:21:01:42 -0400] "\x05\x01\x00" 400 182 "-" "-"
50.203.239.26 - - [13/Jun/2018:21:01:48 -0400] "\x05\x01\x00" 400 182 "-" "-"
77.73.241.154 - - [13/Jun/2018:21:01:58 -0400] "\x05\x01\x00" 400 182 "-" "-"
50.203.239.16 - - [13/Jun/2018:21:02:27 -0400] "\x05\x01\x00" 400 182 "-" "-"
50.203.239.20 - - [13/Jun/2018:21:02:33 -0400] "\x05\x01\x00" 400 182 "-" "-"
50.203.239.21 - - [13/Jun/2018:21:02:41 -0400] "\x05\x01\x00" 400 182 "-" "-"
68.188.59.198 - - [13/Jun/2018:21:02:42 -0400] "\x05\x01\x00" 400 182 "-" "-"
178.154.200.75 - - [13/Jun/2018:21:02:56 -0400] "GET /robots.txt HTTP/1.1" 200 23 "-" "Mozilla/5.0 (compatible; YandexBot/3.0; +http://yandex.com/bots)"
178.154.200.75 - - [13/Jun/2018:21:03:00 -0400] "GET /media/images/5a9f6bf78ad7b3.33753763.png HTTP/1.1" 200 43332 "-" "Mozilla/5.0 (compatible; YandexImages/3.0; +http://yandex.com/bots)"
192.168.31.1 - - [13/Jun/2018:21:03:02 -0400] "GET /working?key=asjdhasod9asd9as8d9asdhaidnoklvm HTTP/1.1" 200 81786 "-" "python-requests/2.18.4"
50.234.147.30 - - [13/Jun/2018:21:04:08 -0400] "\x05\x01\x00" 400 182 "-" "-"
192.168.31.1 - - [13/Jun/2018:21:08:02 -0400] "GET /working?key=asjdhasod9asd9as8d9asdhaidnoklvm HTTP/1.1" 200 106577 "-" "python-requests/2.18.4"
68.188.59.198 - - [13/Jun/2018:21:08:39 -0400] "\x05\x01\x00" 400 182 "-" "-"
112.8.81.82 - - [13/Jun/2018:21:11:50 -0400] "HEAD / HTTP/1.0" 405 0 "-" "-"
192.168.31.1 - - [13/Jun/2018:21:13:03 -0400] "GET /working?key=asjdhasod9asd9as8d9asdhaidnoklvm HTTP/1.1" 200 120268 "-" "python-requests/2.18.4"
192.168.31.1 - - [13/Jun/2018:21:18:03 -0400] "GET /working?key=asjdhasod9asd9as8d9asdhaidnoklvm HTTP/1.1" 200 146347 "-" "python-requests/2.18.4"
50.203.239.19 - - [13/Jun/2018:21:22:15 -0400] "\x05\x01\x00" 400 182 "-" "-"
192.168.31.1 - - [13/Jun/2018:21:23:04 -0400] "GET /working?key=asjdhasod9asd9as8d9asdhaidnoklvm HTTP/1.1" 200 168690 "-" "python-requests/2.18.4"
178.154.200.75 - - [13/Jun/2018:21:25:58 -0400] "GET /consulting/image/serpstat-logo.svg HTTP/1.1" 200 47862 "-" "Mozilla/5.0 (compatible; YandexImages/3.0; +http://yandex.com/bots)"
109.110.95.51 - - [13/Jun/2018:21:28:01 -0400] "GET / HTTP/1.0" 200 2519 "-" "-"
192.168.31.1 - - [13/Jun/2018:21:28:04 -0400] "GET /working?key=asjdhasod9asd9as8d9asdhaidnoklvm HTTP/1.1" 200 192242 "-" "python-requests/2.18.4"
50.203.239.16 - - [13/Jun/2018:21:31:50 -0400] "\x05\x01\x00" 400 182 "-" "-"
50.203.239.20 - - [13/Jun/2018:21:31:54 -0400] "\x05\x01\x00" 400 182 "-" "-"
192.168.31.1 - - [13/Jun/2018:21:33:05 -0400] "GET /working?key=asjdhasod9asd9as8d9asdhaidnoklvm HTTP/1.1" 200 211768 "-" "python-requests/2.18.4"
77.73.241.154 - - [13/Jun/2018:21:37:29 -0400] "\x05\x01\x00" 400 182 "-" "-"
192.168.31.1 - - [13/Jun/2018:21:38:05 -0400] "GET /working?key=asjdhasod9asd9as8d9asdhaidnoklvm HTTP/1.1" 200 230826 "-" "python-requests/2.18.4"
179.98.43.70 - - [13/Jun/2018:21:38:08 -0400] "GET / HTTP/1.1" 200 2519 "-" "Mozilla/5.0 (Macintosh; Intel Mac OS X 10_11_6) AppleWebKit/601.7.7 (KHTML, like Gecko) Version/9.1.2 Safari/601.7.7"
223.80.252.58 - - [13/Jun/2018:21:40:20 -0400] "HEAD / HTTP/1.0" 405 0 "-" "-"
192.168.31.1 - - [13/Jun/2018:21:43:06 -0400] "GET /working?key=asjdhasod9asd9as8d9asdhaidnoklvm HTTP/1.1" 200 249899 "-" "python-requests/2.18.4"
213.251.234.160 - - [13/Jun/2018:21:43:53 -0400] "GET / HTTP/1.0" 200 2519 "-" "-"
192.168.31.1 - - [13/Jun/2018:21:48:06 -0400] "GET /working?key=asjdhasod9asd9as8d9asdhaidnoklvm HTTP/1.1" 200 266666 "-" "python-requests/2.18.4"
213.109.12.194 - - [13/Jun/2018:21:50:18 -0400] "GET / HTTP/1.0" 200 2519 "-" "-"
66.249.79.18 - - [13/Jun/2018:21:50:41 -0400] "GET / HTTP/1.1" 200 10000 "-" "Mozilla/5.0 (compatible; Googlebot/2.1; +http://www.google.com/bot.html)"
50.203.239.21 - - [13/Jun/2018:21:52:32 -0400] "\x05\x01\x00" 400 182 "-" "-"
192.168.31.1 - - [13/Jun/2018:21:53:07 -0400] "GET /working?key=asjdhasod9asd9as8d9asdhaidnoklvm HTTP/1.1" 200 302855 "-" "python-requests/2.18.4"
87.27.108.55 - - [13/Jun/2018:21:56:44 -0400] "GET / HTTP/1.0" 200 2519 "-" "-"
87.27.108.55 - - [13/Jun/2018:21:56:45 -0400] "GET / HTTP/1.0" 200 2519 "-" "-"
192.168.31.1 - - [13/Jun/2018:21:58:08 -0400] "GET /working?key=asjdhasod9asd9as8d9asdhaidnoklvm HTTP/1.1" 200 316581 "-" "python-requests/2.18.4"
189.5.241.180 - - [13/Jun/2018:21:58:31 -0400] "GET / HTTP/1.0" 200 2519 "-" "-"
189.5.241.180 - - [13/Jun/2018:21:58:56 -0400] "GET / HTTP/1.0" 200 2519 "-" "-"
50.203.239.29 - - [13/Jun/2018:21:59:02 -0400] "\x05\x01\x00" 400 182 "-" "-"
171.240.212.25 - - [13/Jun/2018:22:01:46 -0400] "GET / HTTP/1.0" 200 2519 "-" "-"
93.190.253.50 - - [13/Jun/2018:22:02:18 -0400] "\x05\x01\x00" 400 182 "-" "-"
66.240.205.34 - - [13/Jun/2018:22:02:32 -0400] "Gh0st\xAD\x00\x00\x00\xE0\x00\x00\x00x\x9CKS``\x98\xC3\xC0\xC0\xC0\x06\xC4\x8C@\xBCQ\x96\x81\x81\x09H\x07\xA7\x16\x95e&\xA7*\x04$&g+\x182\x94\xF6\xB000\xAC\xA8rc\x00\x01\x11\xA0\x82\x1F\x5C`&\x83\xC7K7\x86\x19\xE5n\x0C9\x95n\x0C;\x84\x0F3\xAC\xE8sch\xA8^\xCF4'J\x97\xA9\x82\xE30\xC3\x91h]&\x90\xF8\xCE\x97S\xCBA4L?2=\xE1\xC4\x92\x86\x0B@\xF5`\x0CT\x1F\xAE\xAF]" 400 182 "-" "-"
71.13.131.142 - - [13/Jun/2018:22:02:48 -0400] "\x05\x01\x00" 400 182 "-" "-"
192.168.31.1 - - [13/Jun/2018:22:03:08 -0400] "GET /working?key=asjdhasod9asd9as8d9asdhaidnoklvm HTTP/1.1" 200 340372 "-" "python-requests/2.18.4"
104.239.149.11 - - [13/Jun/2018:22:04:30 -0400] "GET / HTTP/1.1" 200 10000 "-" "Mozilla/5.0 (Windows NT 6.1; WOW64) AppleWebKit/534.24 (KHTML, like Gecko) Chrome/11.0.696.71 Safari/534.24"
192.168.31.1 - - [13/Jun/2018:22:08:09 -0400] "GET /working?key=asjdhasod9asd9as8d9asdhaidnoklvm HTTP/1.1" 200 361049 "-" "python-requests/2.18.4"
175.139.26.128 - - [13/Jun/2018:22:10:23 -0400] "GET / HTTP/1.0" 200 2519 "-" "-"
192.168.31.1 - - [13/Jun/2018:22:13:10 -0400] "GET /working?key=asjdhasod9asd9as8d9asdhaidnoklvm HTTP/1.1" 200 391116 "-" "python-requests/2.18.4"
50.203.239.22 - - [13/Jun/2018:22:14:45 -0400] "\x05\x01\x00" 400 182 "-" "-"
192.168.31.1 - - [13/Jun/2018:22:18:10 -0400] "GET /working?key=asjdhasod9asd9as8d9asdhaidnoklvm HTTP/1.1" 200 420974 "-" "python-requests/2.18.4"
68.185.57.66 - - [13/Jun/2018:22:19:22 -0400] "\x05\x01\x00" 400 182 "-" "-"
50.203.239.31 - - [13/Jun/2018:22:21:57 -0400] "\x05\x01\x00" 400 182 "-" "-"
85.26.146.169 - - [13/Jun/2018:22:22:48 -0400] "\x05\x01\x00" 400 182 "-" "-"
192.168.31.1 - - [13/Jun/2018:22:23:11 -0400] "GET /working?key=asjdhasod9asd9as8d9asdhaidnoklvm HTTP/1.1" 200 450556 "-" "python-requests/2.18.4"
50.203.239.26 - - [13/Jun/2018:22:26:52 -0400] "\x05\x01\x00" 400 182 "-" "-"
192.168.31.1 - - [13/Jun/2018:22:28:12 -0400] "GET /working?key=asjdhasod9asd9as8d9asdhaidnoklvm HTTP/1.1" 200 472312 "-" "python-requests/2.18.4"
149.140.162.70 - - [13/Jun/2018:22:33:03 -0400] "GET / HTTP/1.0" 200 2519 "-" "-"
192.168.31.1 - - [13/Jun/2018:22:33:13 -0400] "GET /working?key=asjdhasod9asd9as8d9asdhaidnoklvm HTTP/1.1" 200 486997 "-" "python-requests/2.18.4"
192.168.31.1 - - [13/Jun/2018:22:38:13 -0400] "GET /working?key=asjdhasod9asd9as8d9asdhaidnoklvm HTTP/1.1" 200 505656 "-" "python-requests/2.18.4"
167.58.44.51 - - [13/Jun/2018:22:39:40 -0400] "GET / HTTP/1.0" 200 2519 "-" "-"
50.203.239.24 - - [13/Jun/2018:22:42:22 -0400] "\x05\x01\x00" 400 182 "-" "-"
50.203.239.18 - - [13/Jun/2018:22:43:00 -0400] "\x05\x01\x00" 400 182 "-" "-"
192.168.31.1 - - [13/Jun/2018:22:43:14 -0400] "GET /working?key=asjdhasod9asd9as8d9asdhaidnoklvm HTTP/1.1" 200 535905 "-" "python-requests/2.18.4"
192.168.31.1 - - [13/Jun/2018:22:48:15 -0400] "GET /working?key=asjdhasod9asd9as8d9asdhaidnoklvm HTTP/1.1" 200 554927 "-" "python-requests/2.18.4"
192.168.31.1 - - [13/Jun/2018:22:53:16 -0400] "GET /working?key=asjdhasod9asd9as8d9asdhaidnoklvm HTTP/1.1" 200 571981 "-" "python-requests/2.18.4"
197.44.32.81 - - [13/Jun/2018:22:54:23 -0400] "GET / HTTP/1.0" 200 2519 "-" "-"
66.249.79.18 - - [13/Jun/2018:22:56:45 -0400] "GET / HTTP/1.1" 200 10000 "-" "Mozilla/5.0 (Linux; Android 6.0.1; Nexus 5X Build/MMB29P) AppleWebKit/537.36 (KHTML, like Gecko) Chrome/41.0.2272.96 Mobile Safari/537.36 (compatible; Googlebot/2.1; +http://www.google.com/bot.html)"
210.57.250.160 - - [13/Jun/2018:22:57:53 -0400] "GET / HTTP/1.0" 200 2519 "-" "-"
210.57.250.160 - - [13/Jun/2018:22:58:00 -0400] "GET / HTTP/1.0" 499 0 "-" "-"
192.168.31.1 - - [13/Jun/2018:22:58:17 -0400] "GET /working?key=asjdhasod9asd9as8d9asdhaidnoklvm HTTP/1.1" 200 596701 "-" "python-requests/2.18.4"
192.168.31.1 - - [13/Jun/2018:23:03:18 -0400] "GET /working?key=asjdhasod9asd9as8d9asdhaidnoklvm HTTP/1.1" 200 605861 "-" "python-requests/2.18.4"
1.34.192.112 - - [13/Jun/2018:23:04:01 -0400] "PROPFIND / HTTP/1.1" 405 23 "-" "-"
1.34.192.112 - - [13/Jun/2018:23:04:02 -0400] "POST /wls-wsat/CoordinatorPortType HTTP/1.1" 404 14 "-" "Mozilla/5.0 (Windows NT 6.1; rv:5.0) Gecko/20100101 Firefox/5.0"
1.34.192.112 - - [13/Jun/2018:23:04:03 -0400] "GET /index.php HTTP/1.1" 404 14 "-" "Mozilla/5.0"
1.34.192.112 - - [13/Jun/2018:23:04:03 -0400] "GET /phpmyadmin/index.php HTTP/1.1" 404 14 "-" "Mozilla/5.0"
1.34.192.112 - - [13/Jun/2018:23:04:03 -0400] "GET /phpMyAdmin/index.php HTTP/1.1" 404 14 "-" "Mozilla/5.0"
1.34.192.112 - - [13/Jun/2018:23:04:03 -0400] "GET /pmd/index.php HTTP/1.1" 404 14 "-" "Mozilla/5.0"
1.34.192.112 - - [13/Jun/2018:23:04:04 -0400] "GET /pma/index.php HTTP/1.1" 404 14 "-" "Mozilla/5.0"
1.34.192.112 - - [13/Jun/2018:23:04:04 -0400] "GET /PMA/index.php HTTP/1.1" 404 14 "-" "Mozilla/5.0"
1.34.192.112 - - [13/Jun/2018:23:04:05 -0400] "GET /PMA2/index.php HTTP/1.1" 404 14 "-" "Mozilla/5.0"
1.34.192.112 - - [13/Jun/2018:23:04:05 -0400] "GET /pmamy/index.php HTTP/1.1" 404 14 "-" "Mozilla/5.0"
1.34.192.112 - - [13/Jun/2018:23:04:05 -0400] "GET /pmamy2/index.php HTTP/1.1" 404 14 "-" "Mozilla/5.0"
1.34.192.112 - - [13/Jun/2018:23:04:07 -0400] "GET /mysql/index.php HTTP/1.1" 404 14 "-" "Mozilla/5.0"
1.34.192.112 - - [13/Jun/2018:23:04:07 -0400] "GET /admin/index.php HTTP/1.1" 404 14 "-" "Mozilla/5.0"
1.34.192.112 - - [13/Jun/2018:23:04:07 -0400] "GET /db/index.php HTTP/1.1" 404 14 "-" "Mozilla/5.0"
1.34.192.112 - - [13/Jun/2018:23:04:07 -0400] "GET /dbadmin/index.php HTTP/1.1" 404 14 "-" "Mozilla/5.0"
1.34.192.112 - - [13/Jun/2018:23:04:08 -0400] "GET /web/phpMyAdmin/index.php HTTP/1.1" 404 14 "-" "Mozilla/5.0"
1.34.192.112 - - [13/Jun/2018:23:04:08 -0400] "GET /admin/pma/index.php HTTP/1.1" 404 14 "-" "Mozilla/5.0"
1.34.192.112 - - [13/Jun/2018:23:04:08 -0400] "GET /admin/PMA/index.php HTTP/1.1" 404 14 "-" "Mozilla/5.0"
1.34.192.112 - - [13/Jun/2018:23:04:09 -0400] "GET /admin/mysql/index.php HTTP/1.1" 404 14 "-" "Mozilla/5.0"
1.34.192.112 - - [13/Jun/2018:23:04:09 -0400] "GET /admin/mysql2/index.php HTTP/1.1" 404 14 "-" "Mozilla/5.0"
1.34.192.112 - - [13/Jun/2018:23:04:09 -0400] "GET /admin/phpmyadmin/index.php HTTP/1.1" 404 14 "-" "Mozilla/5.0"
1.34.192.112 - - [13/Jun/2018:23:04:10 -0400] "GET /admin/phpMyAdmin/index.php HTTP/1.1" 404 14 "-" "Mozilla/5.0"
1.34.192.112 - - [13/Jun/2018:23:04:10 -0400] "GET /admin/phpmyadmin2/index.php HTTP/1.1" 404 14 "-" "Mozilla/5.0"
1.34.192.112 - - [13/Jun/2018:23:04:10 -0400] "GET /mysqladmin/index.php HTTP/1.1" 404 14 "-" "Mozilla/5.0"
1.34.192.112 - - [13/Jun/2018:23:04:10 -0400] "GET /mysql-admin/index.php HTTP/1.1" 404 14 "-" "Mozilla/5.0"
1.34.192.112 - - [13/Jun/2018:23:04:11 -0400] "GET /phpadmin/index.php HTTP/1.1" 404 14 "-" "Mozilla/5.0"
1.34.192.112 - - [13/Jun/2018:23:04:11 -0400] "GET /phpmyadmin0/index.php HTTP/1.1" 404 14 "-" "Mozilla/5.0"
1.34.192.112 - - [13/Jun/2018:23:04:11 -0400] "GET /phpmyadmin1/index.php HTTP/1.1" 404 14 "-" "Mozilla/5.0"
1.34.192.112 - - [13/Jun/2018:23:04:12 -0400] "GET /phpmyadmin2/index.php HTTP/1.1" 404 14 "-" "Mozilla/5.0"
1.34.192.112 - - [13/Jun/2018:23:04:12 -0400] "GET /myadmin/index.php HTTP/1.1" 404 14 "-" "Mozilla/5.0"
1.34.192.112 - - [13/Jun/2018:23:04:12 -0400] "GET /myadmin2/index.php HTTP/1.1" 404 14 "-" "Mozilla/5.0"
1.34.192.112 - - [13/Jun/2018:23:04:13 -0400] "GET /xampp/phpmyadmin/index.php HTTP/1.1" 404 14 "-" "Mozilla/5.0"
1.34.192.112 - - [13/Jun/2018:23:04:13 -0400] "GET /phpMyadmin_bak/index.php HTTP/1.1" 404 14 "-" "Mozilla/5.0"
1.34.192.112 - - [13/Jun/2018:23:04:13 -0400] "GET /www/phpMyAdmin/index.php HTTP/1.1" 404 14 "-" "Mozilla/5.0"
1.34.192.112 - - [13/Jun/2018:23:04:14 -0400] "GET /tools/phpMyAdmin/index.php HTTP/1.1" 404 14 "-" "Mozilla/5.0"
1.34.192.112 - - [13/Jun/2018:23:04:14 -0400] "GET /phpmyadmin-old/index.php HTTP/1.1" 404 14 "-" "Mozilla/5.0"
1.34.192.112 - - [13/Jun/2018:23:04:14 -0400] "GET /phpMyAdminold/index.php HTTP/1.1" 404 14 "-" "Mozilla/5.0"
1.34.192.112 - - [13/Jun/2018:23:04:14 -0400] "GET /phpMyAdmin.old/index.php HTTP/1.1" 404 14 "-" "Mozilla/5.0"
1.34.192.112 - - [13/Jun/2018:23:04:15 -0400] "GET /pma-old/index.php HTTP/1.1" 404 14 "-" "Mozilla/5.0"
1.34.192.112 - - [13/Jun/2018:23:04:15 -0400] "GET /claroline/phpMyAdmin/index.php HTTP/1.1" 404 14 "-" "Mozilla/5.0"
1.34.192.112 - - [13/Jun/2018:23:04:15 -0400] "GET /typo3/phpmyadmin/index.php HTTP/1.1" 404 14 "-" "Mozilla/5.0"
1.34.192.112 - - [13/Jun/2018:23:04:16 -0400] "GET /phpma/index.php HTTP/1.1" 404 14 "-" "Mozilla/5.0"
1.34.192.112 - - [13/Jun/2018:23:04:16 -0400] "GET /phpmyadmin/phpmyadmin/index.php HTTP/1.1" 404 14 "-" "Mozilla/5.0"
1.34.192.112 - - [13/Jun/2018:23:04:16 -0400] "GET /phpMyAdmin/phpMyAdmin/index.php HTTP/1.1" 404 14 "-" "Mozilla/5.0"
50.203.239.28 - - [13/Jun/2018:23:06:50 -0400] "\x05\x01\x00" 400 182 "-" "-"
66.249.79.18 - - [13/Jun/2018:23:07:10 -0400] "GET / HTTP/1.1" 200 10000 "-" "Mozilla/5.0 (compatible; Googlebot/2.1; +http://www.google.com/bot.html)"
192.168.31.1 - - [13/Jun/2018:23:08:19 -0400] "GET /working?key=asjdhasod9asd9as8d9asdhaidnoklvm HTTP/1.1" 200 628922 "-" "python-requests/2.18.4"
125.189.249.126 - - [13/Jun/2018:23:09:02 -0400] "GET / HTTP/1.0" 200 2519 "-" "-"
192.168.31.1 - - [13/Jun/2018:23:13:20 -0400] "GET /working?key=asjdhasod9asd9as8d9asdhaidnoklvm HTTP/1.1" 200 666439 "-" "python-requests/2.18.4"
180.241.83.97 - - [13/Jun/2018:23:15:35 -0400] "GET / HTTP/1.1" 200 2519 "-" "Mozilla/5.0 (Windows NT 10.0; WOW64) AppleWebKit/537.36 (KHTML, like Gecko) Chrome/51.0.2704.103 Safari/537.36"
192.168.31.1 - - [13/Jun/2018:23:18:20 -0400] "GET /working?key=asjdhasod9asd9as8d9asdhaidnoklvm HTTP/1.1" 200 698299 "-" "python-requests/2.18.4"
46.33.34.236 - - [13/Jun/2018:23:20:54 -0400] "GET / HTTP/1.0" 200 2519 "-" "-"
122.117.3.185 - - [13/Jun/2018:23:21:28 -0400] "GET / HTTP/1.0" 200 2519 "-" "-"
178.124.196.193 - - [13/Jun/2018:23:23:06 -0400] "GET / HTTP/1.0" 200 2519 "-" "-"
192.168.31.1 - - [13/Jun/2018:23:23:21 -0400] "GET /working?key=asjdhasod9asd9as8d9asdhaidnoklvm HTTP/1.1" 200 728091 "-" "python-requests/2.18.4"
50.203.239.27 - - [13/Jun/2018:23:26:39 -0400] "\x05\x01\x00" 400 182 "-" "-"
50.203.239.17 - - [13/Jun/2018:23:27:39 -0400] "\x05\x01\x00" 400 182 "-" "-"
178.154.200.75 - - [13/Jun/2018:23:27:48 -0400] "GET /robots.txt HTTP/1.1" 200 23 "-" "Mozilla/5.0 (compatible; YandexBot/3.0; +http://yandex.com/bots)"
178.154.200.75 - - [13/Jun/2018:23:27:52 -0400] "GET /consulting/image/sempro-2016.png HTTP/1.1" 200 74709 "-" "Mozilla/5.0 (compatible; YandexImages/3.0; +http://yandex.com/bots)"
175.139.225.12 - - [13/Jun/2018:23:28:08 -0400] "GET / HTTP/1.0" 200 2519 "-" "-"
192.168.31.1 - - [13/Jun/2018:23:28:22 -0400] "GET /working?key=asjdhasod9asd9as8d9asdhaidnoklvm HTTP/1.1" 200 764692 "-" "python-requests/2.18.4"
50.203.239.25 - - [13/Jun/2018:23:32:21 -0400] "\x05\x01\x00" 400 182 "-" "-"
73.150.35.254 - - [13/Jun/2018:23:33:10 -0400] "GET / HTTP/1.0" 499 0 "-" "-"
192.168.31.1 - - [13/Jun/2018:23:33:23 -0400] "GET /working?key=asjdhasod9asd9as8d9asdhaidnoklvm HTTP/1.1" 200 800011 "-" "python-requests/2.18.4"
192.168.31.1 - - [13/Jun/2018:23:38:25 -0400] "GET /working?key=asjdhasod9asd9as8d9asdhaidnoklvm HTTP/1.1" 200 839329 "-" "python-requests/2.18.4"
145.236.152.196 - - [13/Jun/2018:23:42:19 -0400] "GET / HTTP/1.0" 200 2519 "-" "-"
145.236.152.196 - - [13/Jun/2018:23:42:19 -0400] "GET / HTTP/1.0" 200 2519 "-" "-"
192.168.31.1 - - [13/Jun/2018:23:43:26 -0400] "GET /working?key=asjdhasod9asd9as8d9asdhaidnoklvm HTTP/1.1" 200 880681 "-" "python-requests/2.18.4"
50.203.239.23 - - [13/Jun/2018:23:45:54 -0400] "\x05\x01\x00" 400 182 "-" "-"
192.168.31.1 - - [13/Jun/2018:23:48:27 -0400] "GET /working?key=asjdhasod9asd9as8d9asdhaidnoklvm HTTP/1.1" 200 914917 "-" "python-requests/2.18.4"
192.168.31.1 - - [13/Jun/2018:23:53:28 -0400] "GET /working?key=asjdhasod9asd9as8d9asdhaidnoklvm HTTP/1.1" 200 954254 "-" "python-requests/2.18.4"
192.168.31.1 - - [13/Jun/2018:23:58:29 -0400] "GET /working?key=asjdhasod9asd9as8d9asdhaidnoklvm HTTP/1.1" 200 972635 "-" "python-requests/2.18.4"
50.203.239.30 - - [14/Jun/2018:00:02:03 -0400] "\x05\x01\x00" 400 182 "-" "-"
192.168.31.1 - - [14/Jun/2018:00:03:31 -0400] "GET /working?key=asjdhasod9asd9as8d9asdhaidnoklvm HTTP/1.1" 200 986742 "-" "python-requests/2.18.4"
192.168.31.1 - - [14/Jun/2018:00:08:32 -0400] "GET /working?key=asjdhasod9asd9as8d9asdhaidnoklvm HTTP/1.1" 200 1006177 "-" "python-requests/2.18.4"
78.168.46.169 - - [14/Jun/2018:00:08:33 -0400] "GET / HTTP/1.0" 200 2519 "-" "-"
50.203.239.24 - - [14/Jun/2018:00:08:50 -0400] "\x05\x01\x00" 400 182 "-" "-"
50.203.239.23 - - [14/Jun/2018:00:09:06 -0400] "\x05\x01\x00" 400 182 "-" "-"
68.185.57.66 - - [14/Jun/2018:00:09:06 -0400] "\x05\x01\x00" 400 182 "-" "-"
93.190.253.50 - - [14/Jun/2018:00:09:22 -0400] "\x05\x01\x00" 400 182 "-" "-"
50.203.239.18 - - [14/Jun/2018:00:09:22 -0400] "\x05\x01\x00" 400 182 "-" "-"
50.203.239.28 - - [14/Jun/2018:00:09:35 -0400] "\x05\x01\x00" 400 182 "-" "-"
71.13.131.142 - - [14/Jun/2018:00:09:45 -0400] "\x05\x01\x00" 400 182 "-" "-"
50.203.239.22 - - [14/Jun/2018:00:10:02 -0400] "\x05\x01\x00" 400 182 "-" "-"
50.203.239.26 - - [14/Jun/2018:00:10:28 -0400] "\x05\x01\x00" 400 182 "-" "-"
50.203.239.21 - - [14/Jun/2018:00:10:52 -0400] "\x05\x01\x00" 400 182 "-" "-"
50.203.239.29 - - [14/Jun/2018:00:11:18 -0400] "\x05\x01\x00" 400 182 "-" "-"
50.203.239.27 - - [14/Jun/2018:00:11:37 -0400] "\x05\x01\x00" 400 182 "-" "-"
50.203.239.25 - - [14/Jun/2018:00:11:39 -0400] "\x05\x01\x00" 400 182 "-" "-"
50.203.239.17 - - [14/Jun/2018:00:12:21 -0400] "\x05\x01\x00" 400 182 "-" "-"
50.203.239.30 - - [14/Jun/2018:00:12:35 -0400] "\x05\x01\x00" 400 182 "-" "-"
77.73.241.154 - - [14/Jun/2018:00:12:43 -0400] "\x05\x01\x00" 400 182 "-" "-"
50.203.239.16 - - [14/Jun/2018:00:12:58 -0400] "\x05\x01\x00" 400 182 "-" "-"
50.203.239.20 - - [14/Jun/2018:00:13:01 -0400] "\x05\x01\x00" 400 182 "-" "-"
66.249.79.18 - - [14/Jun/2018:00:13:25 -0400] "GET / HTTP/1.1" 200 10000 "-" "Mozilla/5.0 (compatible; Googlebot/2.1; +http://www.google.com/bot.html)"
192.168.31.1 - - [14/Jun/2018:00:13:33 -0400] "GET /working?key=asjdhasod9asd9as8d9asdhaidnoklvm HTTP/1.1" 200 82668 "-" "python-requests/2.18.4"
50.234.147.30 - - [14/Jun/2018:00:14:32 -0400] "\x05\x01\x00" 400 182 "-" "-"
66.249.79.22 - - [14/Jun/2018:00:18:25 -0400] "GET / HTTP/1.1" 200 10000 "-" "Mozilla/5.0 (Linux; Android 6.0.1; Nexus 5X Build/MMB29P) AppleWebKit/537.36 (KHTML, like Gecko) Chrome/41.0.2272.96 Mobile Safari/537.36 (compatible; Googlebot/2.1; +http://www.google.com/bot.html)"
192.168.31.1 - - [14/Jun/2018:00:18:33 -0400] "GET /working?key=asjdhasod9asd9as8d9asdhaidnoklvm HTTP/1.1" 200 117147 "-" "python-requests/2.18.4"
68.188.59.198 - - [14/Jun/2018:00:18:57 -0400] "\x05\x01\x00" 400 182 "-" "-"
79.114.201.58 - - [14/Jun/2018:00:21:06 -0400] "GET / HTTP/1.0" 200 2519 "-" "-"
192.168.31.1 - - [14/Jun/2018:00:23:34 -0400] "GET /working?key=asjdhasod9asd9as8d9asdhaidnoklvm HTTP/1.1" 200 137116 "-" "python-requests/2.18.4"
192.168.31.1 - - [14/Jun/2018:00:28:34 -0400] "GET /working?key=asjdhasod9asd9as8d9asdhaidnoklvm HTTP/1.1" 200 171158 "-" "python-requests/2.18.4"
50.203.239.19 - - [14/Jun/2018:00:32:24 -0400] "\x05\x01\x00" 400 182 "-" "-"
192.168.31.1 - - [14/Jun/2018:00:33:35 -0400] "GET /working?key=asjdhasod9asd9as8d9asdhaidnoklvm HTTP/1.1" 200 187383 "-" "python-requests/2.18.4"
81.0.77.100 - - [14/Jun/2018:00:34:42 -0400] "GET / HTTP/1.1" 200 2519 "-" "Mozilla/5.0 (Windows NT 6.1; WOW64) AppleWebKit/537.36 (KHTML, like Gecko) Chrome/52.0.2743.116 Safari/537.36"
173.252.100.219 - - [14/Jun/2018:00:37:49 -0400] "GET /static/images/bg-img/main-bg-img1.png HTTP/1.1" 200 273933 "-" "facebookexternalhit/1.1 (+http://www.facebook.com/externalhit_uatext.php)"
192.168.31.1 - - [14/Jun/2018:00:38:35 -0400] "GET /working?key=asjdhasod9asd9as8d9asdhaidnoklvm HTTP/1.1" 200 210179 "-" "python-requests/2.18.4"
50.203.239.16 - - [14/Jun/2018:00:41:59 -0400] "\x05\x01\x00" 400 182 "-" "-"
50.203.239.20 - - [14/Jun/2018:00:42:03 -0400] "\x05\x01\x00" 400 182 "-" "-"
192.168.31.1 - - [14/Jun/2018:00:43:36 -0400] "GET /working?key=asjdhasod9asd9as8d9asdhaidnoklvm HTTP/1.1" 200 232375 "-" "python-requests/2.18.4"
77.73.241.154 - - [14/Jun/2018:00:47:31 -0400] "\x05\x01\x00" 400 182 "-" "-"
192.168.31.1 - - [14/Jun/2018:00:48:36 -0400] "GET /working?key=asjdhasod9asd9as8d9asdhaidnoklvm HTTP/1.1" 200 265528 "-" "python-requests/2.18.4"
188.65.14.244 - - [14/Jun/2018:00:48:47 -0400] "GET / HTTP/1.1" 200 990 "-" "Mozilla/5.0 (Windows NT 5.1; rv:9.0.1) Gecko/20100101 Firefox/9.0.1"
188.65.14.244 - - [14/Jun/2018:00:48:47 -0400] "GET /HNAP1/ HTTP/1.1" 404 14 "http://46.30.164.249/" "Mozilla/5.0 (Windows NT 5.1; rv:9.0.1) Gecko/20100101 Firefox/9.0.1"
192.168.31.1 - - [14/Jun/2018:00:53:37 -0400] "GET /working?key=asjdhasod9asd9as8d9asdhaidnoklvm HTTP/1.1" 200 285416 "-" "python-requests/2.18.4"
178.154.200.75 - - [14/Jun/2018:00:53:43 -0400] "GET /sposoby-uskorit-indeksatsiiu-v-google HTTP/1.1" 404 884 "-" "Mozilla/5.0 (compatible; YandexBot/3.0; +http://yandex.com/bots)"
192.168.31.1 - - [14/Jun/2018:00:58:37 -0400] "GET /working?key=asjdhasod9asd9as8d9asdhaidnoklvm HTTP/1.1" 200 301827 "-" "python-requests/2.18.4"
54.158.245.85 - - [14/Jun/2018:00:59:09 -0400] "HEAD / HTTP/1.1" 405 0 "-" "Cloud mapping experiment. Contact research@pdrlabs.net"
54.158.245.85 - - [14/Jun/2018:00:59:09 -0400] "GET /clientaccesspolicy.xml HTTP/1.1" 404 14 "-" "Cloud mapping experiment. Contact research@pdrlabs.net"
66.220.151.179 - - [14/Jun/2018:00:59:36 -0400] "GET /static/images/bg-img/main-bg-img1.png HTTP/1.1" 200 273933 "-" "facebookexternalhit/1.1 (+http://www.facebook.com/externalhit_uatext.php)"
88.247.211.211 - - [14/Jun/2018:01:00:26 -0400] "GET / HTTP/1.0" 200 2519 "-" "-"
50.203.239.21 - - [14/Jun/2018:01:02:34 -0400] "\x05\x01\x00" 400 182 "-" "-"
192.168.31.1 - - [14/Jun/2018:01:03:38 -0400] "GET /working?key=asjdhasod9asd9as8d9asdhaidnoklvm HTTP/1.1" 200 327337 "-" "python-requests/2.18.4"
192.168.31.1 - - [14/Jun/2018:01:08:39 -0400] "GET /working?key=asjdhasod9asd9as8d9asdhaidnoklvm HTTP/1.1" 200 342753 "-" "python-requests/2.18.4"
50.203.239.29 - - [14/Jun/2018:01:09:01 -0400] "\x05\x01\x00" 400 182 "-" "-"
66.249.79.50 - - [14/Jun/2018:01:09:50 -0400] "GET /robots.txt HTTP/1.1" 404 152 "-" "Mozilla/5.0 (compatible; Googlebot/2.1; +http://www.google.com/bot.html)"
66.249.79.44 - - [14/Jun/2018:01:09:51 -0400] "GET / HTTP/1.1" 200 4080 "-" "Mozilla/5.0 (compatible; Googlebot/2.1; +http://www.google.com/bot.html)"
66.249.79.47 - - [14/Jun/2018:01:10:11 -0400] "GET /static/js/main.js HTTP/1.1" 200 2582 "http://topomer.site/" "Mozilla/5.0 AppleWebKit/537.36 (KHTML, like Gecko; compatible; Googlebot/2.1; +http://www.google.com/bot.html) Safari/537.36"
66.249.79.50 - - [14/Jun/2018:01:10:11 -0400] "GET /static/js/jquery.countTo.js HTTP/1.1" 200 3761 "http://topomer.site/" "Mozilla/5.0 AppleWebKit/537.36 (KHTML, like Gecko; compatible; Googlebot/2.1; +http://www.google.com/bot.html) Safari/537.36"
66.249.79.44 - - [14/Jun/2018:01:10:12 -0400] "GET /static/css/style.css HTTP/1.1" 200 9563 "http://topomer.site/" "Mozilla/5.0 AppleWebKit/537.36 (KHTML, like Gecko; compatible; Googlebot/2.1; +http://www.google.com/bot.html) Safari/537.36"
66.249.79.50 - - [14/Jun/2018:01:10:12 -0400] "GET /static/js/owl.carousel.min.js HTTP/1.1" 200 40401 "http://topomer.site/" "Mozilla/5.0 AppleWebKit/537.36 (KHTML, like Gecko; compatible; Googlebot/2.1; +http://www.google.com/bot.html) Safari/537.36"
66.249.79.44 - - [14/Jun/2018:01:10:13 -0400] "GET /static/css/owl.carousel.css HTTP/1.1" 200 6108 "http://topomer.site/" "Mozilla/5.0 AppleWebKit/537.36 (KHTML, like Gecko; compatible; Googlebot/2.1; +http://www.google.com/bot.html) Safari/537.36"
93.190.253.50 - - [14/Jun/2018:01:12:17 -0400] "\x05\x01\x00" 400 182 "-" "-"
71.13.131.142 - - [14/Jun/2018:01:12:48 -0400] "\x05\x01\x00" 400 182 "-" "-"
192.168.31.1 - - [14/Jun/2018:01:13:39 -0400] "GET /working?key=asjdhasod9asd9as8d9asdhaidnoklvm HTTP/1.1" 200 367669 "-" "python-requests/2.18.4"
192.168.31.1 - - [14/Jun/2018:01:18:40 -0400] "GET /working?key=asjdhasod9asd9as8d9asdhaidnoklvm HTTP/1.1" 200 391993 "-" "python-requests/2.18.4"
178.154.200.53 - - [14/Jun/2018:01:22:53 -0400] "GET /media/images/5ac686b1eab440.77900745.jpg HTTP/1.1" 200 224813 "-" "Mozilla/5.0 (compatible; YandexImages/3.0; +http://yandex.com/bots)"
31.171.226.148 - - [14/Jun/2018:01:23:22 -0400] "GET / HTTP/1.0" 200 2519 "-" "-"
192.168.31.1 - - [14/Jun/2018:01:23:42 -0400] "GET /working?key=asjdhasod9asd9as8d9asdhaidnoklvm HTTP/1.1" 200 412671 "-" "python-requests/2.18.4"
213.111.96.92 - - [14/Jun/2018:01:24:10 -0400] "GET /status HTTP/1.1" 404 14 "-" "Mozilla"
213.111.96.92 - - [14/Jun/2018:01:24:10 -0400] "GET /stat HTTP/1.1" 404 14 "-" "Mozilla"
50.203.239.22 - - [14/Jun/2018:01:24:47 -0400] "\x05\x01\x00" 400 182 "-" "-"
66.249.79.22 - - [14/Jun/2018:01:25:04 -0400] "GET / HTTP/1.1" 200 10000 "-" "Mozilla/5.0 (Linux; Android 6.0.1; Nexus 5X Build/MMB29P) AppleWebKit/537.36 (KHTML, like Gecko) Chrome/41.0.2272.96 Mobile Safari/537.36 (compatible; Googlebot/2.1; +http://www.google.com/bot.html)"
192.168.31.1 - - [14/Jun/2018:01:28:43 -0400] "GET /working?key=asjdhasod9asd9as8d9asdhaidnoklvm HTTP/1.1" 200 437110 "-" "python-requests/2.18.4"
68.185.57.66 - - [14/Jun/2018:01:29:26 -0400] "\x05\x01\x00" 400 182 "-" "-"
50.203.239.31 - - [14/Jun/2018:01:32:03 -0400] "\x05\x01\x00" 400 182 "-" "-"
85.26.146.169 - - [14/Jun/2018:01:32:59 -0400] "\x05\x01\x00" 400 182 "-" "-"
192.168.31.1 - - [14/Jun/2018:01:33:44 -0400] "GET /working?key=asjdhasod9asd9as8d9asdhaidnoklvm HTTP/1.1" 200 459895 "-" "python-requests/2.18.4"
50.203.239.26 - - [14/Jun/2018:01:37:05 -0400] "\x05\x01\x00" 400 182 "-" "-"
192.168.31.1 - - [14/Jun/2018:01:38:45 -0400] "GET /working?key=asjdhasod9asd9as8d9asdhaidnoklvm HTTP/1.1" 200 486950 "-" "python-requests/2.18.4"
178.154.200.75 - - [14/Jun/2018:01:40:51 -0400] "GET /robots.txt HTTP/1.1" 200 23 "-" "Mozilla/5.0 (compatible; YandexBot/3.0; +http://yandex.com/bots)"
178.154.200.75 - - [14/Jun/2018:01:40:55 -0400] "GET /media/images/4-62456.jpg HTTP/1.1" 200 10221 "-" "Mozilla/5.0 (compatible; YandexImages/3.0; +http://yandex.com/bots)"
192.168.31.1 - - [14/Jun/2018:01:43:46 -0400] "GET /working?key=asjdhasod9asd9as8d9asdhaidnoklvm HTTP/1.1" 200 495991 "-" "python-requests/2.18.4"
192.168.31.1 - - [14/Jun/2018:01:48:47 -0400] "GET /working?key=asjdhasod9asd9as8d9asdhaidnoklvm HTTP/1.1" 200 509394 "-" "python-requests/2.18.4"
